Apr  6 05:08:04 ams postfix/anvil[9046]: statistics: max cache size 1 at Apr  6 05:04:43
Apr  6 05:08:45 ams postfix/smtpd[9367]: connect from host-186-4-182-55.netlife.ec[186.4.182.55]
Apr  6 05:08:46 ams postfix/cleanup[9370]: 545A5120183: message-id=<20170406030846.545A5120183@ams.localdomain>
Apr  6 05:08:46 ams postfix/smtpd[9367]: disconnect from host-186-4-182-55.netlife.ec[186.4.182.55] helo=1 auth=0/1 quit=1 commands=2/3
Apr  6 05:08:46 ams postfix/qmgr[11959]: 545A5120183: from=<double-bounce@ams.localdomain>, size=674, nrcpt=1 (queue active)
Apr  6 05:08:46 ams postfix/lmtp[9373]: 545A5120183: to=<dennis@schafroth.dk>, orig_to=<postmaster>, relay=ams.localdomain[private/dovecot-lmtp], delay=0.25, delays=0.12/0.02/0.03/0.08, dsn=2.0.0, status=sent (250 2.0.0 <dennis@schafroth.dk> s5jqHT6x5VieJAAADK/SzQ Saved)
Apr  6 05:08:46 ams postfix/qmgr[11959]: 545A5120183: removed
Apr  6 05:11:06 ams postfix/smtpd[9589]: connect from unknown[180.211.158.86]
Apr  6 05:11:08 ams postfix/smtpd[9589]: NOQUEUE: reject: RCPT from unknown[180.211.158.86]: 554 5.7.1 Service unavailable; Client host [180.211.158.86] blocked using zen.spamhaus.org; https://www.spamhaus.org/query/ip/180.211.158.86; from=<> to=<admin@vizart.dk> proto=SMTP helo=<180.211.158.86>
Apr  6 05:11:09 ams postfix/smtpd[9589]: lost connection after RCPT from unknown[180.211.158.86]
Apr  6 05:11:09 ams postfix/cleanup[9597]: B89C31201E0: message-id=<20170406031109.B89C31201E0@ams.localdomain>
Apr  6 05:11:09 ams postfix/qmgr[11959]: B89C31201E0: from=<double-bounce@ams.localdomain>, size=821, nrcpt=1 (queue active)
Apr  6 05:11:09 ams postfix/smtpd[9589]: disconnect from unknown[180.211.158.86] helo=1 mail=1 rcpt=0/1 commands=2/3
Apr  6 05:11:10 ams postfix/lmtp[9599]: B89C31201E0: to=<dennis@schafroth.dk>, orig_to=<postmaster>, relay=ams.localdomain[private/dovecot-lmtp], delay=0.4, delays=0.22/0.02/0.03/0.12, dsn=2.0.0, status=sent (250 2.0.0 <dennis@schafroth.dk> swDZAM6x5ViAJQAADK/SzQ Saved)
Apr  6 05:11:10 ams postfix/qmgr[11959]: B89C31201E0: removed
Apr  6 05:11:17 ams postfix/smtpd[9589]: connect from home.schafroth.dk[90.184.103.98]
Apr  6 05:11:18 ams policyd-spf[9612]: prepend Received-SPF: Pass (mailfrom) identity=mailfrom; client-ip=90.184.103.98; helo=localhost.localdomain; envelope-from=icinga@schafroth.dk; receiver=<UNKNOWN>
Apr  6 05:11:18 ams postfix/smtpd[9589]: 47E9B120137: client=home.schafroth.dk[90.184.103.98]
Apr  6 05:11:18 ams postfix/cleanup[9597]: 47E9B120137: message-id=<1491447713.vlnhcuh1vwri0oa9.checksmtpsend@debian>
Apr  6 05:11:18 ams postfix/qmgr[11959]: 47E9B120137: from=<icinga@schafroth.dk>, size=535, nrcpt=1 (queue active)
Apr  6 05:11:18 ams spamd[3653]: spamd: connection from localhost [127.0.0.1]:60516 to port 783, fd 6
Apr  6 05:11:18 ams spamd[3653]: spamd: setuid to dennis succeeded
Apr  6 05:11:18 ams spamd[3653]: config: not parsing, 'allow_user_rules' is 0: body DANSK_SCORET /Alle du kender får scoret/
Apr  6 05:11:18 ams spamd[3653]: config: failed to parse line, skipping, in "/export/home/dennis/.spamassassin/user_prefs": body DANSK_SCORET /Alle du kender får scoret/
Apr  6 05:11:18 ams spamd[3653]: config: not parsing, 'allow_user_rules' is 0: body ENG_SOFTWARE /When this program will install thousands/
Apr  6 05:11:18 ams spamd[3653]: config: failed to parse line, skipping, in "/export/home/dennis/.spamassassin/user_prefs": body ENG_SOFTWARE /When this program will install thousands/
Apr  6 05:11:19 ams postfix/smtpd[9589]: disconnect from home.schafroth.dk[90.184.103.98] ehlo=1 mail=1 rcpt=1 data=1 quit=1 commands=5
Apr  6 05:11:19 ams spamd[3653]: spamd: processing message <1491447713.vlnhcuh1vwri0oa9.checksmtpsend@debian> for dennis:1000
Apr  6 05:11:19 ams spamd[3653]: spamd: clean message (-0.1/5.0) for dennis:1000 in 0.5 seconds, 559 bytes.
Apr  6 05:11:19 ams spamd[3653]: spamd: result: . 0 - BAYES_00,MISSING_SUBJECT,SPF_PASS,T_RP_MATCHES_RCVD scantime=0.5,size=559,user=dennis,uid=1000,required_score=5.0,rhost=localhost,raddr=127.0.0.1,rport=60516,mid=<1491447713.vlnhcuh1vwri0oa9.checksmtpsend@debian>,bayes=0.009436,autolearn=no autolearn_force=no
Apr  6 05:11:19 ams postfix/pickup[2686]: 7BC861202B0: uid=1000 from=<icinga@schafroth.dk>
Apr  6 05:11:19 ams postfix/cleanup[9597]: 7BC861202B0: message-id=<1491447713.vlnhcuh1vwri0oa9.checksmtpsend@debian>
Apr  6 05:11:19 ams postfix/pipe[9613]: 47E9B120137: to=<nagios@schafroth.dk>, relay=spamassassin, delay=1.8, delays=1.3/0.01/0/0.57, dsn=2.0.0, status=sent (delivered via spamassassin service)
Apr  6 05:11:19 ams postfix/qmgr[11959]: 47E9B120137: removed
Apr  6 05:11:19 ams postfix/qmgr[11959]: 7BC861202B0: from=<icinga@schafroth.dk>, size=894, nrcpt=1 (queue active)
Apr  6 05:11:19 ams spamd[31676]: prefork: child states: II
Apr  6 05:11:19 ams postfix/lmtp[9599]: 7BC861202B0: to=<nagios@schafroth.dk>, relay=ams.localdomain[private/dovecot-lmtp], delay=0.31, delays=0.08/0/0/0.23, dsn=2.0.0, status=sent (250 2.0.0 <nagios@schafroth.dk> UfDuINex5ViAJQAADK/SzQ Saved)
Apr  6 05:11:19 ams postfix/qmgr[11959]: 7BC861202B0: removed
Apr  6 05:12:23 ams postfix/smtpd[9589]: connect from mail.importanmails.info[37.48.124.76]
Apr  6 05:12:23 ams postfix/smtpd[9589]: Anonymous TLS connection established from mail.importanmails.info[37.48.124.76]: TLSv1 with cipher ECDHE-RSA-AES256-SHA (256/256 bits)
Apr  6 05:12:25 ams postfix/smtpd[9589]: NOQUEUE: reject: RCPT from mail.importanmails.info[37.48.124.76]: 554 5.7.1 Service unavailable; Client host [37.48.124.76] blocked using zen.spamhaus.org; https://www.spamhaus.org/sbl/query/SBLCSS; from=<bounce@importanmails.info> to=<Maria@schafroth.dk> proto=ESMTP helo=<mail.importanmails.info>
Apr  6 05:12:25 ams postfix/cleanup[9597]: A921D1201E0: message-id=<20170406031225.A921D1201E0@ams.localdomain>
Apr  6 05:12:25 ams postfix/smtpd[9589]: disconnect from mail.importanmails.info[37.48.124.76] ehlo=2 starttls=1 mail=1 rcpt=0/1 data=0/1 rset=1 quit=1 commands=6/8
Apr  6 05:12:25 ams postfix/qmgr[11959]: A921D1201E0: from=<double-bounce@ams.localdomain>, size=1468, nrcpt=1 (queue active)
Apr  6 05:12:25 ams postfix/lmtp[9599]: A921D1201E0: to=<dennis@schafroth.dk>, orig_to=<postmaster>, relay=ams.localdomain[private/dovecot-lmtp], delay=0.27, delays=0.18/0/0.02/0.06, dsn=2.0.0, status=sent (250 2.0.0 <dennis@schafroth.dk> 2zGzNRmy5VjvJQAADK/SzQ Saved)
Apr  6 05:12:25 ams postfix/qmgr[11959]: A921D1201E0: removed
Apr  6 05:12:26 ams postfix/smtpd[9705]: warning: hostname 155.cobranet.org does not resolve to address 41.86.155.53: Name or service not known
Apr  6 05:12:26 ams postfix/smtpd[9705]: connect from unknown[41.86.155.53]
Apr  6 05:12:26 ams postfix/cleanup[9597]: D4DE71201E0: message-id=<20170406031226.D4DE71201E0@ams.localdomain>
Apr  6 05:12:26 ams postfix/smtpd[9705]: disconnect from unknown[41.86.155.53] helo=1 auth=0/1 quit=1 commands=2/3
Apr  6 05:12:26 ams postfix/qmgr[11959]: D4DE71201E0: from=<double-bounce@ams.localdomain>, size=653, nrcpt=1 (queue active)
Apr  6 05:12:26 ams postfix/lmtp[9599]: D4DE71201E0: to=<dennis@schafroth.dk>, orig_to=<postmaster>, relay=ams.localdomain[private/dovecot-lmtp], delay=0.12, delays=0.07/0/0.01/0.04, dsn=2.0.0, status=sent (250 2.0.0 <dennis@schafroth.dk> 6UlFOBqy5VjvJQAADK/SzQ Saved)
Apr  6 05:12:26 ams postfix/qmgr[11959]: D4DE71201E0: removed
Apr  6 05:13:38 ams postfix/smtpd[9781]: connect from home.schafroth.dk[90.184.103.98]
Apr  6 05:13:38 ams postfix/smtpd[9781]: disconnect from home.schafroth.dk[90.184.103.98] helo=1 ehlo=1 quit=1 commands=3
Apr  6 05:13:49 ams postfix/smtpd[9589]: connect from home.schafroth.dk[90.184.103.98]
Apr  6 05:13:50 ams postfix/smtpd[9589]: Anonymous TLS connection established from home.schafroth.dk[90.184.103.98]: TLSv1 with cipher ECDHE-RSA-AES256-SHA (256/256 bits)
Apr  6 05:13:50 ams postfix/smtpd[9589]: disconnect from home.schafroth.dk[90.184.103.98] ehlo=2 starttls=1 quit=1 commands=4
Apr  6 05:14:29 ams postfix/smtpd[9589]: warning: hostname 212-253-191-210.cliente.brasilnet.net.br does not resolve to address 191.253.212.210: Name or service not known
Apr  6 05:14:29 ams postfix/smtpd[9589]: connect from unknown[191.253.212.210]
Apr  6 05:14:31 ams postfix/smtpd[9589]: NOQUEUE: reject: RCPT from unknown[191.253.212.210]: 554 5.7.1 Service unavailable; Client host [191.253.212.210] blocked using zen.spamhaus.org; https://www.spamhaus.org/query/ip/191.253.212.210; from=<> to=<admin@vizart.dk> proto=SMTP helo=<191.253.212.210>
Apr  6 05:14:32 ams postfix/smtpd[9589]: lost connection after RCPT from unknown[191.253.212.210]
Apr  6 05:14:32 ams postfix/cleanup[9799]: 2A3931201E0: message-id=<20170406031432.2A3931201E0@ams.localdomain>
Apr  6 05:14:32 ams postfix/smtpd[9589]: disconnect from unknown[191.253.212.210] helo=1 mail=1 rcpt=0/1 commands=2/3
Apr  6 05:14:32 ams postfix/qmgr[11959]: 2A3931201E0: from=<double-bounce@ams.localdomain>, size=825, nrcpt=1 (queue active)
Apr  6 05:14:32 ams postfix/lmtp[9807]: 2A3931201E0: to=<dennis@schafroth.dk>, orig_to=<postmaster>, relay=ams.localdomain[private/dovecot-lmtp], delay=0.51, delays=0.36/0.02/0.02/0.11, dsn=2.0.0, status=sent (250 2.0.0 <dennis@schafroth.dk> 4u/6IJiy5Vj1JQAADK/SzQ Saved)
Apr  6 05:14:32 ams postfix/qmgr[11959]: 2A3931201E0: removed
Apr  6 05:15:33 ams postfix/smtpd[9589]: connect from home.schafroth.dk[90.184.103.98]
Apr  6 05:15:34 ams postfix/smtpd[9589]: Anonymous TLS connection established from home.schafroth.dk[90.184.103.98]: TLSv1 with cipher ECDHE-RSA-AES256-SHA (256/256 bits)
Apr  6 05:15:34 ams postfix/smtpd[9589]: disconnect from home.schafroth.dk[90.184.103.98] ehlo=2 starttls=1 quit=1 commands=4
Apr  6 05:15:47 ams postfix/smtpd[10013]: connect from home.schafroth.dk[90.184.103.98]
Apr  6 05:15:48 ams postfix/smtpd[10013]: disconnect from home.schafroth.dk[90.184.103.98] helo=1 ehlo=1 quit=1 commands=3
Apr  6 05:15:51 ams postfix/smtpd[9589]: connect from unknown[197.14.14.150]
Apr  6 05:15:51 ams postfix/cleanup[9799]: 77F9E1201E0: message-id=<20170406031551.77F9E1201E0@ams.localdomain>
Apr  6 05:15:51 ams postfix/smtpd[9589]: disconnect from unknown[197.14.14.150] helo=1 auth=0/1 quit=1 commands=2/3
Apr  6 05:15:51 ams postfix/qmgr[11959]: 77F9E1201E0: from=<double-bounce@ams.localdomain>, size=654, nrcpt=1 (queue active)
Apr  6 05:15:51 ams postfix/lmtp[9807]: 77F9E1201E0: to=<dennis@schafroth.dk>, orig_to=<postmaster>, relay=ams.localdomain[private/dovecot-lmtp], delay=0.2, delays=0.1/0/0.02/0.09, dsn=2.0.0, status=sent (250 2.0.0 <dennis@schafroth.dk> v7lgJOey5VghJwAADK/SzQ Saved)
Apr  6 05:15:51 ams postfix/qmgr[11959]: 77F9E1201E0: removed
Apr  6 05:16:57 ams postfix/smtpd[9589]: connect from home.schafroth.dk[90.184.103.98]
Apr  6 05:16:58 ams policyd-spf[10055]: prepend Received-SPF: Pass (mailfrom) identity=mailfrom; client-ip=90.184.103.98; helo=localhost.localdomain; envelope-from=icinga@schafroth.dk; receiver=<UNKNOWN>
Apr  6 05:16:58 ams postfix/smtpd[9589]: 746D5120137: client=home.schafroth.dk[90.184.103.98]
Apr  6 05:16:59 ams postfix/cleanup[9799]: 746D5120137: message-id=<1491448013.6tes7rtxpvu3ounh.checksmtpsend@debian>
Apr  6 05:16:59 ams postfix/qmgr[11959]: 746D5120137: from=<icinga@schafroth.dk>, size=535, nrcpt=1 (queue active)
Apr  6 05:16:59 ams spamd[3653]: spamd: connection from localhost [127.0.0.1]:60536 to port 783, fd 6
Apr  6 05:16:59 ams spamd[3653]: spamd: setuid to dennis succeeded
Apr  6 05:16:59 ams spamd[3653]: config: not parsing, 'allow_user_rules' is 0: body DANSK_SCORET /Alle du kender får scoret/
Apr  6 05:16:59 ams spamd[3653]: config: failed to parse line, skipping, in "/export/home/dennis/.spamassassin/user_prefs": body DANSK_SCORET /Alle du kender får scoret/
Apr  6 05:16:59 ams spamd[3653]: config: not parsing, 'allow_user_rules' is 0: body ENG_SOFTWARE /When this program will install thousands/
Apr  6 05:16:59 ams spamd[3653]: config: failed to parse line, skipping, in "/export/home/dennis/.spamassassin/user_prefs": body ENG_SOFTWARE /When this program will install thousands/
Apr  6 05:16:59 ams spamd[3653]: spamd: processing message <1491448013.6tes7rtxpvu3ounh.checksmtpsend@debian> for dennis:1000
Apr  6 05:16:59 ams postfix/smtpd[9589]: disconnect from home.schafroth.dk[90.184.103.98] ehlo=1 mail=1 rcpt=1 data=1 quit=1 commands=5
Apr  6 05:16:59 ams spamd[3653]: spamd: clean message (-0.1/5.0) for dennis:1000 in 0.5 seconds, 559 bytes.
Apr  6 05:16:59 ams spamd[3653]: spamd: result: . 0 - BAYES_00,MISSING_SUBJECT,SPF_PASS,T_RP_MATCHES_RCVD scantime=0.5,size=559,user=dennis,uid=1000,required_score=5.0,rhost=localhost,raddr=127.0.0.1,rport=60536,mid=<1491448013.6tes7rtxpvu3ounh.checksmtpsend@debian>,bayes=0.009436,autolearn=no autolearn_force=no
Apr  6 05:16:59 ams postfix/pickup[2686]: B84621202B0: uid=1000 from=<icinga@schafroth.dk>
Apr  6 05:16:59 ams postfix/cleanup[9799]: B84621202B0: message-id=<1491448013.6tes7rtxpvu3ounh.checksmtpsend@debian>
Apr  6 05:16:59 ams postfix/pipe[10056]: 746D5120137: to=<nagios@schafroth.dk>, relay=spamassassin, delay=1.8, delays=1.2/0.01/0/0.56, dsn=2.0.0, status=sent (delivered via spamassassin service)
Apr  6 05:16:59 ams postfix/qmgr[11959]: 746D5120137: removed
Apr  6 05:16:59 ams spamd[31676]: prefork: child states: II
Apr  6 05:16:59 ams postfix/qmgr[11959]: B84621202B0: from=<icinga@schafroth.dk>, size=894, nrcpt=1 (queue active)
Apr  6 05:17:00 ams postfix/lmtp[9807]: B84621202B0: to=<nagios@schafroth.dk>, relay=ams.localdomain[private/dovecot-lmtp], delay=0.42, delays=0.23/0/0.02/0.17, dsn=2.0.0, status=sent (250 2.0.0 <nagios@schafroth.dk> us4kOSuz5VhMJwAADK/SzQ Saved)
Apr  6 05:17:00 ams postfix/qmgr[11959]: B84621202B0: removed
Apr  6 05:17:48 ams postfix/smtpd[9589]: connect from home.schafroth.dk[90.184.103.98]
Apr  6 05:17:49 ams policyd-spf[10055]: prepend Received-SPF: Pass (mailfrom) identity=mailfrom; client-ip=90.184.103.98; helo=localhost.localdomain; envelope-from=icinga@schafroth.dk; receiver=<UNKNOWN>
Apr  6 05:17:49 ams postfix/smtpd[9589]: 27B3C1201E0: client=home.schafroth.dk[90.184.103.98]
Apr  6 05:17:49 ams postfix/cleanup[9799]: 27B3C1201E0: message-id=<1491448058.ggr84iw9npqx5gc1.checksmtpsend@debian>
Apr  6 05:17:50 ams postfix/qmgr[11959]: 27B3C1201E0: from=<icinga@schafroth.dk>, size=535, nrcpt=1 (queue active)
Apr  6 05:17:50 ams spamd[3653]: spamd: connection from localhost [127.0.0.1]:60544 to port 783, fd 6
Apr  6 05:17:50 ams spamd[3653]: spamd: setuid to dennis succeeded
Apr  6 05:17:50 ams spamd[3653]: config: not parsing, 'allow_user_rules' is 0: body DANSK_SCORET /Alle du kender får scoret/
Apr  6 05:17:50 ams spamd[3653]: config: failed to parse line, skipping, in "/export/home/dennis/.spamassassin/user_prefs": body DANSK_SCORET /Alle du kender får scoret/
Apr  6 05:17:50 ams spamd[3653]: config: not parsing, 'allow_user_rules' is 0: body ENG_SOFTWARE /When this program will install thousands/
Apr  6 05:17:50 ams spamd[3653]: config: failed to parse line, skipping, in "/export/home/dennis/.spamassassin/user_prefs": body ENG_SOFTWARE /When this program will install thousands/
Apr  6 05:17:50 ams spamd[3653]: spamd: processing message <1491448058.ggr84iw9npqx5gc1.checksmtpsend@debian> for dennis:1000
Apr  6 05:17:50 ams postfix/smtpd[9589]: disconnect from home.schafroth.dk[90.184.103.98] ehlo=1 mail=1 rcpt=1 data=1 quit=1 commands=5
Apr  6 05:17:50 ams spamd[3653]: spamd: clean message (-0.1/5.0) for dennis:1000 in 0.3 seconds, 559 bytes.
Apr  6 05:17:50 ams spamd[3653]: spamd: result: . 0 - BAYES_00,MISSING_SUBJECT,SPF_PASS,T_RP_MATCHES_RCVD scantime=0.3,size=559,user=dennis,uid=1000,required_score=5.0,rhost=localhost,raddr=127.0.0.1,rport=60544,mid=<1491448058.ggr84iw9npqx5gc1.checksmtpsend@debian>,bayes=0.009436,autolearn=no autolearn_force=no
Apr  6 05:17:50 ams postfix/pickup[10094]: 708FA1202B0: uid=1000 from=<icinga@schafroth.dk>
Apr  6 05:17:50 ams postfix/cleanup[9799]: 708FA1202B0: message-id=<1491448058.ggr84iw9npqx5gc1.checksmtpsend@debian>
Apr  6 05:17:50 ams postfix/pipe[10056]: 27B3C1201E0: to=<nagios@schafroth.dk>, relay=spamassassin, delay=1.5, delays=1.1/0/0/0.41, dsn=2.0.0, status=sent (delivered via spamassassin service)
Apr  6 05:17:50 ams postfix/qmgr[11959]: 27B3C1201E0: removed
Apr  6 05:17:50 ams postfix/qmgr[11959]: 708FA1202B0: from=<icinga@schafroth.dk>, size=894, nrcpt=1 (queue active)
Apr  6 05:17:50 ams spamd[31676]: prefork: child states: II
Apr  6 05:17:50 ams postfix/lmtp[9807]: 708FA1202B0: to=<nagios@schafroth.dk>, relay=ams.localdomain[private/dovecot-lmtp], delay=0.51, delays=0.09/0/0/0.42, dsn=2.0.0, status=sent (250 2.0.0 <nagios@schafroth.dk> kdgkHV6z5VhMJwAADK/SzQ Saved)
Apr  6 05:17:50 ams postfix/qmgr[11959]: 708FA1202B0: removed
Apr  6 05:17:53 ams postfix/smtpd[9589]: connect from home.schafroth.dk[90.184.103.98]
Apr  6 05:17:53 ams postfix/smtpd[9589]: Anonymous TLS connection established from home.schafroth.dk[90.184.103.98]: TLSv1 with cipher ECDHE-RSA-AES256-SHA (256/256 bits)
Apr  6 05:17:54 ams postfix/smtpd[9589]: disconnect from home.schafroth.dk[90.184.103.98] ehlo=2 starttls=1 quit=1 commands=4
Apr  6 05:18:45 ams postfix/anvil[9369]: statistics: max connection rate 3/60s for (smtp:90.184.103.98) at Apr  6 05:17:53
Apr  6 05:18:45 ams postfix/anvil[9369]: statistics: max connection count 1 for (smtp:186.4.182.55) at Apr  6 05:08:45
Apr  6 05:18:45 ams postfix/anvil[9369]: statistics: max cache size 3 at Apr  6 05:14:29
Apr  6 05:18:53 ams postfix/smtpd[9589]: connect from mm-z2-ipv4-105.mailminion.net[185.52.149.104]
Apr  6 05:18:56 ams postfix/smtpd[9589]: NOQUEUE: reject: RCPT from mm-z2-ipv4-105.mailminion.net[185.52.149.104]: 554 5.7.1 Service unavailable; Client host [185.52.149.104] blocked using zen.spamhaus.org; https://www.spamhaus.org/sbl/query/SBL306639 / https://www.spamhaus.org/sbl/query/SBLCSS; from=<bounce-maria-schafroth.dk@mailminion.net> to=<maria@schafroth.dk> proto=ESMTP helo=<mm-z2-ipv4-105.mailminion.net>
Apr  6 05:18:56 ams postfix/cleanup[9799]: 400BF120137: message-id=<20170406031856.400BF120137@ams.localdomain>
Apr  6 05:18:56 ams postfix/smtpd[9589]: disconnect from mm-z2-ipv4-105.mailminion.net[185.52.149.104] ehlo=1 mail=1 rcpt=0/1 data=0/1 quit=1 commands=3/5
Apr  6 05:18:56 ams postfix/qmgr[11959]: 400BF120137: from=<double-bounce@ams.localdomain>, size=1173, nrcpt=1 (queue active)
Apr  6 05:18:56 ams postfix/lmtp[9807]: 400BF120137: to=<dennis@schafroth.dk>, orig_to=<postmaster>, relay=ams.localdomain[private/dovecot-lmtp], delay=0.16, delays=0.06/0/0.02/0.08, dsn=2.0.0, status=sent (250 2.0.0 <dennis@schafroth.dk> MP98FKCz5VjOJwAADK/SzQ Saved)
Apr  6 05:18:56 ams postfix/qmgr[11959]: 400BF120137: removed
Apr  6 05:19:39 ams postfix/smtpd[9589]: connect from home.schafroth.dk[90.184.103.98]
Apr  6 05:19:40 ams policyd-spf[10055]: prepend Received-SPF: Pass (mailfrom) identity=mailfrom; client-ip=90.184.103.98; helo=localhost.localdomain; envelope-from=icinga@schafroth.dk; receiver=<UNKNOWN>
Apr  6 05:19:40 ams postfix/smtpd[9589]: 2B76C120137: client=home.schafroth.dk[90.184.103.98]
Apr  6 05:19:40 ams postfix/cleanup[9799]: 2B76C120137: message-id=<1491448779.hrz7u8l0r1nyfbor.checksmtpsend@wheezy>
Apr  6 05:19:40 ams postfix/qmgr[11959]: 2B76C120137: from=<icinga@schafroth.dk>, size=535, nrcpt=1 (queue active)
Apr  6 05:19:40 ams spamd[3653]: spamd: connection from localhost [127.0.0.1]:60550 to port 783, fd 6
Apr  6 05:19:40 ams spamd[3653]: spamd: setuid to dennis succeeded
Apr  6 05:19:40 ams spamd[3653]: config: not parsing, 'allow_user_rules' is 0: body DANSK_SCORET /Alle du kender får scoret/
Apr  6 05:19:40 ams spamd[3653]: config: failed to parse line, skipping, in "/export/home/dennis/.spamassassin/user_prefs": body DANSK_SCORET /Alle du kender får scoret/
Apr  6 05:19:40 ams spamd[3653]: config: not parsing, 'allow_user_rules' is 0: body ENG_SOFTWARE /When this program will install thousands/
Apr  6 05:19:40 ams spamd[3653]: config: failed to parse line, skipping, in "/export/home/dennis/.spamassassin/user_prefs": body ENG_SOFTWARE /When this program will install thousands/
Apr  6 05:19:40 ams spamd[3653]: spamd: processing message <1491448779.hrz7u8l0r1nyfbor.checksmtpsend@wheezy> for dennis:1000
Apr  6 05:19:41 ams postfix/smtpd[9589]: disconnect from home.schafroth.dk[90.184.103.98] ehlo=1 mail=1 rcpt=1 data=1 quit=1 commands=5
Apr  6 05:19:41 ams spamd[3653]: spamd: clean message (1.3/5.0) for dennis:1000 in 0.9 seconds, 559 bytes.
Apr  6 05:19:41 ams spamd[3653]: spamd: result: . 1 - BAYES_05,MISSING_SUBJECT,SPF_PASS,T_RP_MATCHES_RCVD scantime=0.9,size=559,user=dennis,uid=1000,required_score=5.0,rhost=localhost,raddr=127.0.0.1,rport=60550,mid=<1491448779.hrz7u8l0r1nyfbor.checksmtpsend@wheezy>,bayes=0.019874,autolearn=no autolearn_force=no
Apr  6 05:19:41 ams postfix/pickup[10094]: D707D1202B0: uid=1000 from=<icinga@schafroth.dk>
Apr  6 05:19:41 ams postfix/cleanup[9799]: D707D1202B0: message-id=<1491448779.hrz7u8l0r1nyfbor.checksmtpsend@wheezy>
Apr  6 05:19:41 ams postfix/pipe[10228]: 2B76C120137: to=<nagios@schafroth.dk>, relay=spamassassin, delay=1.9, delays=0.87/0.02/0/1, dsn=2.0.0, status=sent (delivered via spamassassin service)
Apr  6 05:19:41 ams postfix/qmgr[11959]: 2B76C120137: removed
Apr  6 05:19:41 ams postfix/qmgr[11959]: D707D1202B0: from=<icinga@schafroth.dk>, size=894, nrcpt=1 (queue active)
Apr  6 05:19:41 ams spamd[31676]: prefork: child states: II
Apr  6 05:19:42 ams postfix/lmtp[9807]: D707D1202B0: to=<nagios@schafroth.dk>, relay=ams.localdomain[private/dovecot-lmtp], delay=0.3, delays=0.1/0/0/0.2, dsn=2.0.0, status=sent (250 2.0.0 <nagios@schafroth.dk> ocigN82z5VjOJwAADK/SzQ Saved)
Apr  6 05:19:42 ams postfix/qmgr[11959]: D707D1202B0: removed
Apr  6 05:19:45 ams postfix/smtpd[9589]: connect from ip184-15-15-186.ct.co.cr[186.15.15.184]
Apr  6 05:19:45 ams postfix/cleanup[9799]: B7F1A1201E0: message-id=<20170406031945.B7F1A1201E0@ams.localdomain>
Apr  6 05:19:45 ams postfix/smtpd[9589]: disconnect from ip184-15-15-186.ct.co.cr[186.15.15.184] helo=1 auth=0/1 quit=1 commands=2/3
Apr  6 05:19:45 ams postfix/qmgr[11959]: B7F1A1201E0: from=<double-bounce@ams.localdomain>, size=671, nrcpt=1 (queue active)
Apr  6 05:19:46 ams postfix/lmtp[9807]: B7F1A1201E0: to=<dennis@schafroth.dk>, orig_to=<postmaster>, relay=ams.localdomain[private/dovecot-lmtp], delay=0.27, delays=0.18/0/0/0.09, dsn=2.0.0, status=sent (250 2.0.0 <dennis@schafroth.dk> mfDfN9Gz5VjOJwAADK/SzQ Saved)
Apr  6 05:19:46 ams postfix/qmgr[11959]: B7F1A1201E0: removed
Apr  6 05:19:51 ams postfix/smtpd[9589]: connect from home.schafroth.dk[90.184.103.98]
Apr  6 05:19:52 ams policyd-spf[10055]: prepend Received-SPF: Pass (mailfrom) identity=mailfrom; client-ip=90.184.103.98; helo=localhost.localdomain; envelope-from=icinga@schafroth.dk; receiver=<UNKNOWN>
Apr  6 05:19:52 ams postfix/smtpd[9589]: 0F0F31201E0: client=home.schafroth.dk[90.184.103.98]
Apr  6 05:19:52 ams postfix/cleanup[9799]: 0F0F31201E0: message-id=<1491448791.ftseeyf6ewa7fvcd.checksmtpsend@wheezy>
Apr  6 05:19:52 ams postfix/qmgr[11959]: 0F0F31201E0: from=<icinga@schafroth.dk>, size=535, nrcpt=1 (queue active)
Apr  6 05:19:52 ams spamd[3653]: spamd: connection from localhost [127.0.0.1]:60552 to port 783, fd 6
Apr  6 05:19:52 ams spamd[3653]: spamd: setuid to dennis succeeded
Apr  6 05:19:52 ams spamd[3653]: config: not parsing, 'allow_user_rules' is 0: body DANSK_SCORET /Alle du kender får scoret/
Apr  6 05:19:52 ams spamd[3653]: config: failed to parse line, skipping, in "/export/home/dennis/.spamassassin/user_prefs": body DANSK_SCORET /Alle du kender får scoret/
Apr  6 05:19:52 ams spamd[3653]: config: not parsing, 'allow_user_rules' is 0: body ENG_SOFTWARE /When this program will install thousands/
Apr  6 05:19:52 ams spamd[3653]: config: failed to parse line, skipping, in "/export/home/dennis/.spamassassin/user_prefs": body ENG_SOFTWARE /When this program will install thousands/
Apr  6 05:19:52 ams spamd[3653]: spamd: processing message <1491448791.ftseeyf6ewa7fvcd.checksmtpsend@wheezy> for dennis:1000
Apr  6 05:19:52 ams postfix/smtpd[9589]: disconnect from home.schafroth.dk[90.184.103.98] ehlo=1 mail=1 rcpt=1 data=1 quit=1 commands=5
Apr  6 05:19:54 ams spamd[3653]: spamd: clean message (1.3/5.0) for dennis:1000 in 1.7 seconds, 559 bytes.
Apr  6 05:19:54 ams spamd[3653]: spamd: result: . 1 - BAYES_05,MISSING_SUBJECT,SPF_PASS,T_RP_MATCHES_RCVD scantime=1.7,size=559,user=dennis,uid=1000,required_score=5.0,rhost=localhost,raddr=127.0.0.1,rport=60552,mid=<1491448791.ftseeyf6ewa7fvcd.checksmtpsend@wheezy>,bayes=0.019874,autolearn=no autolearn_force=no
Apr  6 05:19:54 ams postfix/pickup[10094]: 82E32120137: uid=1000 from=<icinga@schafroth.dk>
Apr  6 05:19:54 ams postfix/cleanup[9799]: 82E32120137: message-id=<1491448791.ftseeyf6ewa7fvcd.checksmtpsend@wheezy>
Apr  6 05:19:54 ams postfix/pipe[10228]: 0F0F31201E0: to=<nagios@schafroth.dk>, relay=spamassassin, delay=2.7, delays=0.85/0/0/1.8, dsn=2.0.0, status=sent (delivered via spamassassin service)
Apr  6 05:19:54 ams postfix/qmgr[11959]: 0F0F31201E0: removed
Apr  6 05:19:54 ams postfix/qmgr[11959]: 82E32120137: from=<icinga@schafroth.dk>, size=894, nrcpt=1 (queue active)
Apr  6 05:19:54 ams spamd[31676]: prefork: child states: II
Apr  6 05:19:54 ams postfix/lmtp[9807]: 82E32120137: to=<nagios@schafroth.dk>, relay=ams.localdomain[private/dovecot-lmtp], delay=0.38, delays=0.11/0/0/0.26, dsn=2.0.0, status=sent (250 2.0.0 <nagios@schafroth.dk> uRepItqz5VjOJwAADK/SzQ Saved)
Apr  6 05:19:54 ams postfix/qmgr[11959]: 82E32120137: removed
Apr  6 05:20:38 ams postfix/smtpd[9589]: connect from velabis.lebs.cnrs-gif.fr[157.136.28.10]
Apr  6 05:20:39 ams postfix/smtpd[9589]: NOQUEUE: reject: RCPT from velabis.lebs.cnrs-gif.fr[157.136.28.10]: 450 4.1.8 <renault@lnahocc2bas.lebs.cnrs-gif.fr>: Sender address rejected: Domain not found; from=<renault@lnahocc2bas.lebs.cnrs-gif.fr> to=<peter@vizart.dk> proto=ESMTP helo=<mailhost.lebs.cnrs-gif.fr>
Apr  6 05:20:39 ams postfix/cleanup[9799]: A88A9120137: message-id=<20170406032039.A88A9120137@ams.localdomain>
Apr  6 05:20:39 ams postfix/smtpd[10396]: connect from velabis.lebs.cnrs-gif.fr[157.136.28.10]
Apr  6 05:20:39 ams postfix/smtpd[9589]: disconnect from velabis.lebs.cnrs-gif.fr[157.136.28.10] ehlo=1 mail=1 rcpt=0/1 data=0/1 rset=1 quit=1 commands=4/6
Apr  6 05:20:39 ams postfix/qmgr[11959]: A88A9120137: from=<double-bounce@ams.localdomain>, size=1132, nrcpt=1 (queue active)
Apr  6 05:20:39 ams postfix/smtpd[10396]: NOQUEUE: reject: RCPT from velabis.lebs.cnrs-gif.fr[157.136.28.10]: 450 4.1.8 <renault@lnahocc2bas.lebs.cnrs-gif.fr>: Sender address rejected: Domain not found; from=<renault@lnahocc2bas.lebs.cnrs-gif.fr> to=<peter@vizart.dk> proto=ESMTP helo=<mailhost.lebs.cnrs-gif.fr>
Apr  6 05:20:39 ams postfix/cleanup[9799]: C2D331202B0: message-id=<20170406032039.C2D331202B0@ams.localdomain>
Apr  6 05:20:39 ams postfix/smtpd[10396]: disconnect from velabis.lebs.cnrs-gif.fr[157.136.28.10] ehlo=1 mail=1 rcpt=0/1 data=0/1 rset=1 quit=1 commands=4/6
Apr  6 05:20:39 ams postfix/qmgr[11959]: C2D331202B0: from=<double-bounce@ams.localdomain>, size=1132, nrcpt=1 (queue active)
Apr  6 05:20:39 ams postfix/lmtp[9807]: A88A9120137: to=<dennis@schafroth.dk>, orig_to=<postmaster>, relay=ams.localdomain[private/dovecot-lmtp], delay=0.2, delays=0.06/0/0/0.13, dsn=2.0.0, status=sent (250 2.0.0 <dennis@schafroth.dk> EUr7LAe05VjOJwAADK/SzQ Saved)
Apr  6 05:20:39 ams postfix/qmgr[11959]: A88A9120137: removed
Apr  6 05:20:39 ams postfix/lmtp[9807]: C2D331202B0: to=<dennis@schafroth.dk>, orig_to=<postmaster>, relay=ams.localdomain[private/dovecot-lmtp], delay=0.15, delays=0.08/0.01/0.02/0.04, dsn=2.0.0, status=sent (250 2.0.0 <dennis@schafroth.dk> FUr7LAe05VjOJwAADK/SzQ Saved)
Apr  6 05:20:39 ams postfix/qmgr[11959]: C2D331202B0: removed
Apr  6 05:21:07 ams postfix/smtpd[9589]: connect from home.schafroth.dk[90.184.103.98]
Apr  6 05:21:08 ams policyd-spf[10055]: prepend Received-SPF: Pass (mailfrom) identity=mailfrom; client-ip=90.184.103.98; helo=localhost.localdomain; envelope-from=icinga@schafroth.dk; receiver=<UNKNOWN>
Apr  6 05:21:08 ams postfix/smtpd[9589]: 2CC0C1201E0: client=home.schafroth.dk[90.184.103.98]
Apr  6 05:21:08 ams postfix/cleanup[9799]: 2CC0C1201E0: message-id=<1491448867.s3cyhido94l8rdlw.checksmtpsend@wheezy>
Apr  6 05:21:08 ams postfix/qmgr[11959]: 2CC0C1201E0: from=<icinga@schafroth.dk>, size=535, nrcpt=1 (queue active)
Apr  6 05:21:08 ams spamd[3653]: spamd: connection from localhost [127.0.0.1]:60562 to port 783, fd 6
Apr  6 05:21:08 ams spamd[3653]: spamd: setuid to dennis succeeded
Apr  6 05:21:08 ams spamd[3653]: config: not parsing, 'allow_user_rules' is 0: body DANSK_SCORET /Alle du kender får scoret/
Apr  6 05:21:08 ams spamd[3653]: config: failed to parse line, skipping, in "/export/home/dennis/.spamassassin/user_prefs": body DANSK_SCORET /Alle du kender får scoret/
Apr  6 05:21:08 ams spamd[3653]: config: not parsing, 'allow_user_rules' is 0: body ENG_SOFTWARE /When this program will install thousands/
Apr  6 05:21:08 ams spamd[3653]: config: failed to parse line, skipping, in "/export/home/dennis/.spamassassin/user_prefs": body ENG_SOFTWARE /When this program will install thousands/
Apr  6 05:21:09 ams spamd[3653]: spamd: processing message <1491448867.s3cyhido94l8rdlw.checksmtpsend@wheezy> for dennis:1000
Apr  6 05:21:09 ams postfix/smtpd[9589]: disconnect from home.schafroth.dk[90.184.103.98] ehlo=1 mail=1 rcpt=1 data=1 quit=1 commands=5
Apr  6 05:21:09 ams spamd[3653]: spamd: clean message (1.3/5.0) for dennis:1000 in 0.3 seconds, 559 bytes.
Apr  6 05:21:09 ams spamd[3653]: spamd: result: . 1 - BAYES_05,MISSING_SUBJECT,SPF_PASS,T_RP_MATCHES_RCVD scantime=0.3,size=559,user=dennis,uid=1000,required_score=5.0,rhost=localhost,raddr=127.0.0.1,rport=60562,mid=<1491448867.s3cyhido94l8rdlw.checksmtpsend@wheezy>,bayes=0.019874,autolearn=no autolearn_force=no
Apr  6 05:21:09 ams postfix/pickup[10094]: 55A121202B0: uid=1000 from=<icinga@schafroth.dk>
Apr  6 05:21:09 ams postfix/pipe[10228]: 2CC0C1201E0: to=<nagios@schafroth.dk>, relay=spamassassin, delay=1.4, delays=1/0/0/0.37, dsn=2.0.0, status=sent (delivered via spamassassin service)
Apr  6 05:21:09 ams postfix/qmgr[11959]: 2CC0C1201E0: removed
Apr  6 05:21:09 ams postfix/cleanup[9799]: 55A121202B0: message-id=<1491448867.s3cyhido94l8rdlw.checksmtpsend@wheezy>
Apr  6 05:21:09 ams postfix/qmgr[11959]: 55A121202B0: from=<icinga@schafroth.dk>, size=894, nrcpt=1 (queue active)
Apr  6 05:21:09 ams spamd[31676]: prefork: child states: II
Apr  6 05:21:09 ams postfix/lmtp[9807]: 55A121202B0: to=<nagios@schafroth.dk>, relay=ams.localdomain[private/dovecot-lmtp], delay=0.26, delays=0.08/0/0/0.17, dsn=2.0.0, status=sent (250 2.0.0 <nagios@schafroth.dk> GVi0FyW05VjOJwAADK/SzQ Saved)
Apr  6 05:21:09 ams postfix/qmgr[11959]: 55A121202B0: removed
Apr  6 05:21:20 ams postfix/smtpd[10432]: connect from home.schafroth.dk[90.184.103.98]
Apr  6 05:21:21 ams postfix/smtpd[10432]: disconnect from home.schafroth.dk[90.184.103.98] helo=1 ehlo=1 quit=1 commands=3
Apr  6 05:22:25 ams postfix/scache[10398]: statistics: start interval Apr  6 05:20:39
Apr  6 05:22:25 ams postfix/scache[10398]: statistics: domain lookup hits=0 miss=1 success=0%
Apr  6 05:22:25 ams postfix/scache[10398]: statistics: max simultaneous domains=0 addresses=1 connection=1
Apr  6 05:22:49 ams postfix/smtpd[10432]: connect from home.schafroth.dk[90.184.103.98]
Apr  6 05:22:50 ams postfix/smtpd[10432]: disconnect from home.schafroth.dk[90.184.103.98] helo=1 ehlo=1 quit=1 commands=3
Apr  6 05:23:01 ams postfix/smtpd[10500]: connect from home.schafroth.dk[90.184.103.98]
Apr  6 05:23:02 ams postfix/smtpd[10500]: Anonymous TLS connection established from home.schafroth.dk[90.184.103.98]: TLSv1 with cipher ECDHE-RSA-AES256-SHA (256/256 bits)
Apr  6 05:23:02 ams postfix/smtpd[10500]: disconnect from home.schafroth.dk[90.184.103.98] ehlo=2 starttls=1 quit=1 commands=4
Apr  6 05:23:34 ams postfix/smtpd[10500]: connect from unknown[119.29.141.99]
Apr  6 05:23:36 ams postfix/smtpd[10500]: NOQUEUE: reject: RCPT from unknown[119.29.141.99]: 450 4.7.1 Client host rejected: cannot find your reverse hostname, [119.29.141.99]; from=<sheryl@liukangkang.com> to=<peter@vizart.dk> proto=ESMTP helo=<VM_228_3_centos.localdomain>
Apr  6 05:23:36 ams postfix/cleanup[10533]: A51AA120137: message-id=<20170406032336.A51AA120137@ams.localdomain>
Apr  6 05:23:36 ams postfix/smtpd[10500]: disconnect from unknown[119.29.141.99] ehlo=1 mail=1 rcpt=0/1 data=0/1 rset=1 quit=1 commands=4/6
Apr  6 05:23:36 ams postfix/qmgr[11959]: A51AA120137: from=<double-bounce@ams.localdomain>, size=1094, nrcpt=1 (queue active)
Apr  6 05:23:36 ams postfix/lmtp[10535]: A51AA120137: to=<dennis@schafroth.dk>, orig_to=<postmaster>, relay=ams.localdomain[private/dovecot-lmtp], delay=0.16, delays=0.05/0.02/0.02/0.07, dsn=2.0.0, status=sent (250 2.0.0 <dennis@schafroth.dk> i7DRLLi05VifKAAADK/SzQ Saved)
Apr  6 05:23:36 ams postfix/qmgr[11959]: A51AA120137: removed
Apr  6 05:23:37 ams postfix/smtpd[10500]: connect from unknown[119.29.141.99]
Apr  6 05:23:38 ams postfix/smtpd[10500]: NOQUEUE: reject: RCPT from unknown[119.29.141.99]: 450 4.7.1 Client host rejected: cannot find your reverse hostname, [119.29.141.99]; from=<sheryl@liukangkang.com> to=<peter@vizart.dk> proto=ESMTP helo=<VM_228_3_centos.localdomain>
Apr  6 05:23:38 ams postfix/cleanup[10533]: 66A9E120137: message-id=<20170406032338.66A9E120137@ams.localdomain>
Apr  6 05:23:38 ams postfix/smtpd[10500]: disconnect from unknown[119.29.141.99] ehlo=1 mail=1 rcpt=0/1 data=0/1 rset=1 quit=1 commands=4/6
Apr  6 05:23:38 ams postfix/qmgr[11959]: 66A9E120137: from=<double-bounce@ams.localdomain>, size=1094, nrcpt=1 (queue active)
Apr  6 05:23:38 ams postfix/lmtp[10535]: 66A9E120137: to=<dennis@schafroth.dk>, orig_to=<postmaster>, relay=ams.localdomain[private/dovecot-lmtp], delay=0.34, delays=0.3/0/0/0.04, dsn=2.0.0, status=sent (250 2.0.0 <dennis@schafroth.dk> QXXAKrq05VifKAAADK/SzQ Saved)
Apr  6 05:23:38 ams postfix/qmgr[11959]: 66A9E120137: removed
Apr  6 05:23:39 ams postfix/smtpd[10500]: connect from ip184-15-15-186.ct.co.cr[186.15.15.184]
Apr  6 05:23:39 ams postfix/cleanup[10533]: AB3E9120137: message-id=<20170406032339.AB3E9120137@ams.localdomain>
Apr  6 05:23:39 ams postfix/smtpd[10500]: disconnect from ip184-15-15-186.ct.co.cr[186.15.15.184] helo=1 auth=0/1 quit=1 commands=2/3
Apr  6 05:23:39 ams postfix/qmgr[11959]: AB3E9120137: from=<double-bounce@ams.localdomain>, size=671, nrcpt=1 (queue active)
Apr  6 05:23:39 ams postfix/lmtp[10535]: AB3E9120137: to=<dennis@schafroth.dk>, orig_to=<postmaster>, relay=ams.localdomain[private/dovecot-lmtp], delay=0.17, delays=0.13/0/0/0.04, dsn=2.0.0, status=sent (250 2.0.0 <dennis@schafroth.dk> 4eHFMbu05VifKAAADK/SzQ Saved)
Apr  6 05:23:39 ams postfix/qmgr[11959]: AB3E9120137: removed
Apr  6 05:24:30 ams postfix/smtpd[10500]: connect from home.schafroth.dk[90.184.103.98]
Apr  6 05:24:31 ams postfix/smtpd[10500]: Anonymous TLS connection established from home.schafroth.dk[90.184.103.98]: TLSv1 with cipher ECDHE-RSA-AES256-SHA (256/256 bits)
Apr  6 05:24:31 ams postfix/smtpd[10500]: disconnect from home.schafroth.dk[90.184.103.98] ehlo=2 starttls=1 quit=1 commands=4
Apr  6 05:26:29 ams postfix/smtpd[10816]: connect from unknown[211.221.231.8]
Apr  6 05:26:31 ams postfix/smtpd[10816]: NOQUEUE: reject: RCPT from unknown[211.221.231.8]: 450 4.7.1 Client host rejected: cannot find your reverse hostname, [211.221.231.8]; from=<cypark@osan.ac.kr> to=<peter@vizart.dk> proto=SMTP helo=<osan.ac.kr>
Apr  6 05:26:32 ams postfix/cleanup[10819]: 3B7501201E0: message-id=<20170406032632.3B7501201E0@ams.localdomain>
Apr  6 05:26:32 ams postfix/qmgr[11959]: 3B7501201E0: from=<double-bounce@ams.localdomain>, size=768, nrcpt=1 (queue active)
Apr  6 05:26:32 ams postfix/smtpd[10816]: disconnect from unknown[211.221.231.8] helo=1 mail=1 rcpt=0/1 quit=1 commands=3/4
Apr  6 05:26:32 ams postfix/lmtp[10821]: 3B7501201E0: to=<dennis@schafroth.dk>, orig_to=<postmaster>, relay=ams.localdomain[private/dovecot-lmtp], delay=0.17, delays=0.05/0.02/0.03/0.07, dsn=2.0.0, status=sent (250 2.0.0 <dennis@schafroth.dk> 297SE2i15VhGKgAADK/SzQ Saved)
Apr  6 05:26:32 ams postfix/qmgr[11959]: 3B7501201E0: removed
Apr  6 05:26:38 ams postfix/smtpd[10816]: connect from unknown[85.214.225.68]
Apr  6 05:26:38 ams postfix/smtpd[10816]: Anonymous TLS connection established from unknown[85.214.225.68]: TLSv1 with cipher AECDH-AES256-SHA (256/256 bits)
Apr  6 05:26:38 ams postfix/smtpd[10816]: NOQUEUE: reject: RCPT from unknown[85.214.225.68]: 450 4.7.1 Client host rejected: cannot find your reverse hostname, [85.214.225.68]; from=<gertrude@wenzelbach.de> to=<peter@vizart.dk> proto=ESMTP helo=<h1995444.stratoserver.net>
Apr  6 05:26:38 ams postfix/cleanup[10819]: B5954120137: message-id=<20170406032638.B5954120137@ams.localdomain>
Apr  6 05:26:38 ams postfix/smtpd[10838]: connect from unknown[85.214.225.68]
Apr  6 05:26:38 ams postfix/smtpd[10816]: disconnect from unknown[85.214.225.68] ehlo=2 starttls=1 mail=1 rcpt=0/1 data=0/1 rset=1 quit=1 commands=6/8
Apr  6 05:26:38 ams postfix/qmgr[11959]: B5954120137: from=<double-bounce@ams.localdomain>, size=1398, nrcpt=1 (queue active)
Apr  6 05:26:38 ams postfix/smtpd[10838]: Anonymous TLS connection established from unknown[85.214.225.68]: TLSv1 with cipher AECDH-AES256-SHA (256/256 bits)
Apr  6 05:26:38 ams postfix/lmtp[10821]: B5954120137: to=<dennis@schafroth.dk>, orig_to=<postmaster>, relay=ams.localdomain[private/dovecot-lmtp], delay=0.12, delays=0.06/0/0/0.05, dsn=2.0.0, status=sent (250 2.0.0 <dennis@schafroth.dk> kfs+MG615VhGKgAADK/SzQ Saved)
Apr  6 05:26:38 ams postfix/qmgr[11959]: B5954120137: removed
Apr  6 05:26:38 ams postfix/smtpd[10838]: NOQUEUE: reject: RCPT from unknown[85.214.225.68]: 450 4.7.1 Client host rejected: cannot find your reverse hostname, [85.214.225.68]; from=<gertrude@wenzelbach.de> to=<peter@vizart.dk> proto=ESMTP helo=<h1995444.stratoserver.net>
Apr  6 05:26:38 ams postfix/cleanup[10819]: E9AC6120137: message-id=<20170406032638.E9AC6120137@ams.localdomain>
Apr  6 05:26:39 ams postfix/smtpd[10838]: disconnect from unknown[85.214.225.68] ehlo=2 starttls=1 mail=1 rcpt=0/1 data=0/1 rset=1 quit=1 commands=6/8
Apr  6 05:26:39 ams postfix/qmgr[11959]: E9AC6120137: from=<double-bounce@ams.localdomain>, size=1398, nrcpt=1 (queue active)
Apr  6 05:26:39 ams postfix/lmtp[10821]: E9AC6120137: to=<dennis@schafroth.dk>, orig_to=<postmaster>, relay=ams.localdomain[private/dovecot-lmtp], delay=0.12, delays=0.08/0/0/0.04, dsn=2.0.0, status=sent (250 2.0.0 <dennis@schafroth.dk> qaL+AW+15VhGKgAADK/SzQ Saved)
Apr  6 05:26:39 ams postfix/qmgr[11959]: E9AC6120137: removed
Apr  6 05:27:24 ams postfix/smtpd[10816]: connect from ip184-15-15-186.ct.co.cr[186.15.15.184]
Apr  6 05:27:25 ams postfix/cleanup[10819]: DADDE1201E0: message-id=<20170406032725.DADDE1201E0@ams.localdomain>
Apr  6 05:27:26 ams postfix/smtpd[10816]: disconnect from ip184-15-15-186.ct.co.cr[186.15.15.184] helo=1 auth=0/1 quit=1 commands=2/3
Apr  6 05:27:26 ams postfix/qmgr[11959]: DADDE1201E0: from=<double-bounce@ams.localdomain>, size=671, nrcpt=1 (queue active)
Apr  6 05:27:26 ams postfix/lmtp[10821]: DADDE1201E0: to=<dennis@schafroth.dk>, orig_to=<postmaster>, relay=ams.localdomain[private/dovecot-lmtp], delay=0.2, delays=0.14/0/0/0.06, dsn=2.0.0, status=sent (250 2.0.0 <dennis@schafroth.dk> gZ9MAp615VhGKgAADK/SzQ Saved)
Apr  6 05:27:26 ams postfix/qmgr[11959]: DADDE1201E0: removed
Apr  6 05:28:45 ams postfix/anvil[9369]: statistics: max connection rate 2/60s for (smtp:90.184.103.98) at Apr  6 05:19:51
Apr  6 05:28:45 ams postfix/anvil[9369]: statistics: max connection count 1 for (smtp:185.52.149.104) at Apr  6 05:18:53
Apr  6 05:28:45 ams postfix/anvil[9369]: statistics: max cache size 4 at Apr  6 05:23:39
Apr  6 05:31:24 ams postfix/smtpd[11145]: connect from unknown[61.181.245.24]
Apr  6 05:31:25 ams postfix/cleanup[11154]: B63521201E0: message-id=<20170406033125.B63521201E0@ams.localdomain>
Apr  6 05:31:25 ams postfix/smtpd[11145]: disconnect from unknown[61.181.245.24] helo=1 auth=0/1 quit=1 commands=2/3
Apr  6 05:31:25 ams postfix/qmgr[11959]: B63521201E0: from=<double-bounce@ams.localdomain>, size=654, nrcpt=1 (queue active)
Apr  6 05:31:26 ams postfix/lmtp[11157]: B63521201E0: to=<dennis@schafroth.dk>, orig_to=<postmaster>, relay=ams.localdomain[private/dovecot-lmtp], delay=0.38, delays=0.11/0.02/0.03/0.22, dsn=2.0.0, status=sent (250 2.0.0 <dennis@schafroth.dk> rDwfNY225ViWKwAADK/SzQ Saved)
Apr  6 05:31:26 ams postfix/qmgr[11959]: B63521201E0: removed
Apr  6 05:31:34 ams postfix/smtpd[11145]: connect from home.schafroth.dk[90.184.103.98]
Apr  6 05:31:36 ams policyd-spf[11173]: prepend Received-SPF: Pass (mailfrom) identity=mailfrom; client-ip=90.184.103.98; helo=localhost.localdomain; envelope-from=icinga@schafroth.dk; receiver=<UNKNOWN>
Apr  6 05:31:36 ams postfix/smtpd[11145]: 49CAA120137: client=home.schafroth.dk[90.184.103.98]
Apr  6 05:31:36 ams postfix/cleanup[11154]: 49CAA120137: message-id=<1491449494.9z81d4xk913yfgu3.checksmtpsend@wheezy>
Apr  6 05:31:36 ams postfix/qmgr[11959]: 49CAA120137: from=<icinga@schafroth.dk>, size=535, nrcpt=1 (queue active)
Apr  6 05:31:36 ams spamd[3653]: spamd: connection from localhost [127.0.0.1]:60614 to port 783, fd 6
Apr  6 05:31:36 ams spamd[3653]: spamd: setuid to dennis succeeded
Apr  6 05:31:36 ams spamd[3653]: config: not parsing, 'allow_user_rules' is 0: body DANSK_SCORET /Alle du kender får scoret/
Apr  6 05:31:36 ams spamd[3653]: config: failed to parse line, skipping, in "/export/home/dennis/.spamassassin/user_prefs": body DANSK_SCORET /Alle du kender får scoret/
Apr  6 05:31:36 ams spamd[3653]: config: not parsing, 'allow_user_rules' is 0: body ENG_SOFTWARE /When this program will install thousands/
Apr  6 05:31:36 ams spamd[3653]: config: failed to parse line, skipping, in "/export/home/dennis/.spamassassin/user_prefs": body ENG_SOFTWARE /When this program will install thousands/
Apr  6 05:31:36 ams spamd[3653]: spamd: processing message <1491449494.9z81d4xk913yfgu3.checksmtpsend@wheezy> for dennis:1000
Apr  6 05:31:37 ams postfix/smtpd[11145]: disconnect from home.schafroth.dk[90.184.103.98] ehlo=1 mail=1 rcpt=1 data=1 quit=1 commands=5
Apr  6 05:31:40 ams spamd[3653]: spamd: clean message (1.3/5.0) for dennis:1000 in 3.4 seconds, 559 bytes.
Apr  6 05:31:40 ams spamd[3653]: spamd: result: . 1 - BAYES_05,MISSING_SUBJECT,SPF_PASS,T_RP_MATCHES_RCVD scantime=3.4,size=559,user=dennis,uid=1000,required_score=5.0,rhost=localhost,raddr=127.0.0.1,rport=60614,mid=<1491449494.9z81d4xk913yfgu3.checksmtpsend@wheezy>,bayes=0.019874,autolearn=no autolearn_force=no
Apr  6 05:31:40 ams postfix/pickup[10094]: 75E781202B0: uid=1000 from=<icinga@schafroth.dk>
Apr  6 05:31:40 ams postfix/pipe[11180]: 49CAA120137: to=<nagios@schafroth.dk>, relay=spamassassin, delay=5.5, delays=2/0.01/0/3.6, dsn=2.0.0, status=sent (delivered via spamassassin service)
Apr  6 05:31:40 ams postfix/qmgr[11959]: 49CAA120137: removed
Apr  6 05:31:40 ams postfix/cleanup[11154]: 75E781202B0: message-id=<1491449494.9z81d4xk913yfgu3.checksmtpsend@wheezy>
Apr  6 05:31:40 ams spamd[31676]: prefork: child states: II
Apr  6 05:31:40 ams postfix/qmgr[11959]: 75E781202B0: from=<icinga@schafroth.dk>, size=894, nrcpt=1 (queue active)
Apr  6 05:31:40 ams postfix/lmtp[11157]: 75E781202B0: to=<nagios@schafroth.dk>, relay=ams.localdomain[private/dovecot-lmtp], delay=0.33, delays=0.15/0/0/0.18, dsn=2.0.0, status=sent (250 2.0.0 <nagios@schafroth.dk> saXpH5y25ViWKwAADK/SzQ Saved)
Apr  6 05:31:40 ams postfix/qmgr[11959]: 75E781202B0: removed
Apr  6 05:33:15 ams postfix/smtpd[11145]: connect from home.schafroth.dk[90.184.103.98]
Apr  6 05:33:16 ams postfix/smtpd[11145]: Anonymous TLS connection established from home.schafroth.dk[90.184.103.98]: TLSv1 with cipher ECDHE-RSA-AES256-SHA (256/256 bits)
Apr  6 05:33:16 ams postfix/smtpd[11145]: disconnect from home.schafroth.dk[90.184.103.98] ehlo=2 starttls=1 quit=1 commands=4
Apr  6 05:35:24 ams postfix/smtpd[11411]: connect from 50-78-121-241-static.hfc.comcastbusiness.net[50.78.121.241]
Apr  6 05:35:25 ams postfix/cleanup[11413]: F314C1201E0: message-id=<20170406033524.F314C1201E0@ams.localdomain>
Apr  6 05:35:25 ams postfix/qmgr[11959]: F314C1201E0: from=<double-bounce@ams.localdomain>, size=691, nrcpt=1 (queue active)
Apr  6 05:35:25 ams postfix/smtpd[11411]: disconnect from 50-78-121-241-static.hfc.comcastbusiness.net[50.78.121.241] helo=1 auth=0/1 quit=1 commands=2/3
Apr  6 05:35:25 ams postfix/lmtp[11416]: F314C1201E0: to=<dennis@schafroth.dk>, orig_to=<postmaster>, relay=ams.localdomain[private/dovecot-lmtp], delay=0.25, delays=0.13/0.02/0.03/0.08, dsn=2.0.0, status=sent (250 2.0.0 <dennis@schafroth.dk> IlZQCX235ViZLAAADK/SzQ Saved)
Apr  6 05:35:25 ams postfix/qmgr[11959]: F314C1201E0: removed
Apr  6 05:36:39 ams postfix/smtpd[11411]: connect from payment.37euro.salessor.eu[104.237.196.37]
Apr  6 05:36:48 ams policyd-spf[11506]: prepend Received-SPF: Permerror (mailfrom) identity=mailfrom; client-ip=104.237.196.37; helo=payment.37euro.salessor.eu; envelope-from=bounce-maria=schafroth.dk@comhem.co; receiver=<UNKNOWN>
Apr  6 05:36:48 ams postfix/smtpd[11411]: 1FE141201E0: client=payment.37euro.salessor.eu[104.237.196.37]
Apr  6 05:36:48 ams postfix/cleanup[11413]: 1FE141201E0: message-id=<8ae98b8dc0cbf0931898c184225771bc@comhem.co>
Apr  6 05:36:48 ams postfix/qmgr[11959]: 1FE141201E0: from=<bounce-maria=schafroth.dk@comhem.co>, size=14698, nrcpt=1 (queue active)
Apr  6 05:36:48 ams spamd[3653]: spamd: connection from localhost [127.0.0.1]:60634 to port 783, fd 6
Apr  6 05:36:48 ams spamd[3653]: spamd: setuid to dennis succeeded
Apr  6 05:36:48 ams spamd[3653]: config: not parsing, 'allow_user_rules' is 0: body DANSK_SCORET /Alle du kender får scoret/
Apr  6 05:36:48 ams spamd[3653]: config: failed to parse line, skipping, in "/export/home/dennis/.spamassassin/user_prefs": body DANSK_SCORET /Alle du kender får scoret/
Apr  6 05:36:48 ams spamd[3653]: config: not parsing, 'allow_user_rules' is 0: body ENG_SOFTWARE /When this program will install thousands/
Apr  6 05:36:48 ams spamd[3653]: config: failed to parse line, skipping, in "/export/home/dennis/.spamassassin/user_prefs": body ENG_SOFTWARE /When this program will install thousands/
Apr  6 05:36:48 ams spamd[3653]: spamd: processing message <8ae98b8dc0cbf0931898c184225771bc@comhem.co> for dennis:1000
Apr  6 05:36:48 ams postfix/smtpd[11411]: disconnect from payment.37euro.salessor.eu[104.237.196.37] ehlo=1 mail=1 rcpt=1 data=1 quit=1 commands=5
Apr  6 05:36:51 ams spamd[3653]: spamd: identified spam (7.5/5.0) for dennis:1000 in 3.0 seconds, 14334 bytes.
Apr  6 05:36:51 ams spamd[3653]: spamd: result: Y 7 - BAYES_20,DATE_IN_PAST_06_12,DKIM_SIGNED,HTML_IMAGE_RATIO_02,HTML_MESSAGE,T_DKIM_INVALID,T_SPF_PERMERROR,URIBL_BLACK,URIBL_DBL_SPAM,URIBL_JP_SURBL scantime=3.0,size=14334,user=dennis,uid=1000,required_score=5.0,rhost=localhost,raddr=127.0.0.1,rport=60634,mid=<8ae98b8dc0cbf0931898c184225771bc@comhem.co>,bayes=0.188913,autolearn=no autolearn_force=no
Apr  6 05:36:51 ams postfix/pickup[10094]: 91EEC1202B0: uid=1000 from=<bounce-maria=schafroth.dk@comhem.co>
Apr  6 05:36:51 ams postfix/cleanup[11413]: 91EEC1202B0: message-id=<8ae98b8dc0cbf0931898c184225771bc@comhem.co>
Apr  6 05:36:51 ams postfix/pipe[11508]: 1FE141201E0: to=<maria@schafroth.dk>, relay=spamassassin, delay=12, delays=9.2/0.03/0/3.2, dsn=2.0.0, status=sent (delivered via spamassassin service)
Apr  6 05:36:51 ams postfix/qmgr[11959]: 1FE141201E0: removed
Apr  6 05:36:51 ams postfix/qmgr[11959]: 91EEC1202B0: from=<bounce-maria=schafroth.dk@comhem.co>, size=18118, nrcpt=1 (queue active)
Apr  6 05:36:51 ams spamd[31676]: prefork: child states: II
Apr  6 05:36:59 ams postfix/local[11415]: 91EEC1202B0: to=<maria@schafroth.dk>, relay=local, delay=7.8, delays=0.13/0/0/7.6, dsn=2.0.0, status=sent (delivered to command: IFS=' ' && exec /usr/bin/procmail -f- || exit 75 #dennis)
Apr  6 05:36:59 ams postfix/qmgr[11959]: 91EEC1202B0: removed
Apr  6 05:39:22 ams postfix/smtpd[11663]: connect from 201-79-151-86.user.veloxzone.com.br[201.79.151.86]
Apr  6 05:39:22 ams postfix/smtpd[11663]: disconnect from 201-79-151-86.user.veloxzone.com.br[201.79.151.86] helo=1 quit=1 commands=2
Apr  6 05:41:24 ams postfix/anvil[11153]: statistics: max connection rate 1/60s for (smtp:61.181.245.24) at Apr  6 05:31:24
Apr  6 05:41:24 ams postfix/anvil[11153]: statistics: max connection count 1 for (smtp:61.181.245.24) at Apr  6 05:31:24
Apr  6 05:41:24 ams postfix/anvil[11153]: statistics: max cache size 2 at Apr  6 05:31:34
Apr  6 05:42:55 ams postfix/smtpd[11926]: warning: hostname localhost does not resolve to address 27.72.45.109
Apr  6 05:42:55 ams postfix/smtpd[11926]: connect from unknown[27.72.45.109]
Apr  6 05:42:56 ams postfix/cleanup[11929]: 94F53120137: message-id=<20170406034256.94F53120137@ams.localdomain>
Apr  6 05:42:56 ams postfix/smtpd[11926]: disconnect from unknown[27.72.45.109] helo=1 auth=0/1 quit=1 commands=2/3
Apr  6 05:42:56 ams postfix/qmgr[11959]: 94F53120137: from=<double-bounce@ams.localdomain>, size=653, nrcpt=1 (queue active)
Apr  6 05:42:56 ams postfix/lmtp[11932]: 94F53120137: to=<dennis@schafroth.dk>, orig_to=<postmaster>, relay=ams.localdomain[private/dovecot-lmtp], delay=0.3, delays=0.1/0.03/0.04/0.13, dsn=2.0.0, status=sent (250 2.0.0 <dennis@schafroth.dk> r8kLLUC55VidLgAADK/SzQ Saved)
Apr  6 05:42:56 ams postfix/qmgr[11959]: 94F53120137: removed
Apr  6 05:43:56 ams postfix/smtpd[11926]: connect from unknown[64.34.22.49]
Apr  6 05:43:57 ams postfix/smtpd[11926]: Anonymous TLS connection established from unknown[64.34.22.49]: TLSv1 with cipher ECDHE-RSA-AES256-SHA (256/256 bits)
