Apr  6 03:17:45 ams spamd[3653]: spamd: result: . 0 - BAYES_00,MISSING_SUBJECT,SPF_PASS,T_RP_MATCHES_RCVD scantime=1.9,size=559,user=dennis,uid=1000,required_score=5.0,rhost=localhost,raddr=127.0.0.1,rport=59606,mid=<1491440857.utfnkidz8nxzne72.checksmtpsend@debian>,bayes=0.009435,autolearn=no autolearn_force=no
Apr  6 03:17:45 ams postfix/pickup[29007]: CB30D1202B0: uid=1000 from=<icinga@schafroth.dk>
Apr  6 03:17:45 ams postfix/cleanup[32281]: CB30D1202B0: message-id=<1491440857.utfnkidz8nxzne72.checksmtpsend@debian>
Apr  6 03:17:45 ams postfix/pipe[32282]: BB2AA120248: to=<nagios@schafroth.dk>, relay=spamassassin, delay=3.3, delays=1.3/0/0/2, dsn=2.0.0, status=sent (delivered via spamassassin service)
Apr  6 03:17:45 ams postfix/qmgr[11959]: BB2AA120248: removed
Apr  6 03:17:45 ams postfix/qmgr[11959]: CB30D1202B0: from=<icinga@schafroth.dk>, size=894, nrcpt=1 (queue active)
Apr  6 03:17:45 ams spamd[31676]: prefork: child states: II
Apr  6 03:17:46 ams postfix/lmtp[32346]: CB30D1202B0: to=<nagios@schafroth.dk>, relay=ams.localdomain[private/dovecot-lmtp], delay=0.25, delays=0.11/0/0/0.14, dsn=2.0.0, status=sent (250 2.0.0 <nagios@schafroth.dk> Eea3MzmX5VhbfgAADK/SzQ Saved)
Apr  6 03:17:46 ams postfix/qmgr[11959]: CB30D1202B0: removed
Apr  6 03:17:47 ams postfix/smtpd[32033]: connect from home.schafroth.dk[90.184.103.98]
Apr  6 03:17:48 ams postfix/smtpd[32033]: Anonymous TLS connection established from home.schafroth.dk[90.184.103.98]: TLSv1 with cipher ECDHE-RSA-AES256-SHA (256/256 bits)
Apr  6 03:17:49 ams postfix/smtpd[32033]: disconnect from home.schafroth.dk[90.184.103.98] ehlo=2 starttls=1 quit=1 commands=4
Apr  6 03:18:33 ams postfix/smtpd[32033]: connect from cloudserver120054.home.net.pl[188.128.164.166]
Apr  6 03:18:34 ams policyd-spf[32279]: prepend Received-SPF: None (mailfrom) identity=mailfrom; client-ip=188.128.164.166; helo=blog.mavericks.pl; envelope-from=florence@blog.mavericks.pl; receiver=<UNKNOWN>
Apr  6 03:18:34 ams postfix/smtpd[32033]: D752F1202AB: client=cloudserver120054.home.net.pl[188.128.164.166]
Apr  6 03:18:34 ams postfix/cleanup[32281]: D752F1202AB: message-id=<19cad4767fdb3b7d49810186baa0dff0@blog.mavericks.pl>
Apr  6 03:18:35 ams postfix/qmgr[11959]: D752F1202AB: from=<florence@blog.mavericks.pl>, size=1698, nrcpt=1 (queue active)
Apr  6 03:18:35 ams spamd[3653]: spamd: connection from localhost [127.0.0.1]:59610 to port 783, fd 6
Apr  6 03:18:35 ams spamd[3653]: spamd: setuid to dennis succeeded
Apr  6 03:18:35 ams spamd[3653]: config: not parsing, 'allow_user_rules' is 0: body DANSK_SCORET /Alle du kender får scoret/
Apr  6 03:18:35 ams spamd[3653]: config: failed to parse line, skipping, in "/export/home/dennis/.spamassassin/user_prefs": body DANSK_SCORET /Alle du kender får scoret/
Apr  6 03:18:35 ams spamd[3653]: config: not parsing, 'allow_user_rules' is 0: body ENG_SOFTWARE /When this program will install thousands/
Apr  6 03:18:35 ams spamd[3653]: config: failed to parse line, skipping, in "/export/home/dennis/.spamassassin/user_prefs": body ENG_SOFTWARE /When this program will install thousands/
Apr  6 03:18:35 ams postfix/smtpd[32033]: disconnect from cloudserver120054.home.net.pl[188.128.164.166] ehlo=1 mail=1 rcpt=1 data=1 quit=1 commands=5
Apr  6 03:18:35 ams spamd[3653]: spamd: processing message <19cad4767fdb3b7d49810186baa0dff0@blog.mavericks.pl> for dennis:1000
Apr  6 03:18:41 ams spamd[3653]: spamd: identified spam (19.5/5.0) for dennis:1000 in 5.9 seconds, 1693 bytes.
Apr  6 03:18:41 ams spamd[3653]: spamd: result: Y 19 - BAYES_99,BAYES_999,DRUGS_ERECTILE,HTML_MESSAGE,RCVD_IN_BRBL_LASTEXT,RCVD_IN_DNSWL_NONE scantime=5.9,size=1693,user=dennis,uid=1000,required_score=5.0,rhost=localhost,raddr=127.0.0.1,rport=59610,mid=<19cad4767fdb3b7d49810186baa0dff0@blog.mavericks.pl>,bayes=0.999999,autolearn=no autolearn_force=no
Apr  6 03:18:41 ams postfix/pickup[29007]: 2F77A120248: uid=1000 from=<florence@blog.mavericks.pl>
Apr  6 03:18:41 ams postfix/cleanup[32281]: 2F77A120248: message-id=<19cad4767fdb3b7d49810186baa0dff0@blog.mavericks.pl>
Apr  6 03:18:41 ams postfix/pipe[32282]: D752F1202AB: to=<peter@vizart.dk>, relay=spamassassin, delay=7.6, delays=1.6/0/0/6, dsn=2.0.0, status=sent (delivered via spamassassin service)
Apr  6 03:18:41 ams postfix/qmgr[11959]: D752F1202AB: removed
Apr  6 03:18:41 ams postfix/qmgr[11959]: 2F77A120248: from=<florence@blog.mavericks.pl>, size=4740, nrcpt=1 (queue active)
Apr  6 03:18:41 ams spamd[31676]: prefork: child states: II
Apr  6 03:18:41 ams postfix/lmtp[32346]: 2F77A120248: to=<peter@vizart.dk>, relay=ams.localdomain[private/dovecot-lmtp], delay=0.13, delays=0.09/0/0/0.04, dsn=2.0.0, status=sent (250 2.0.0 <peter@vizart.dk> MV0tDnGX5VhbfgAADK/SzQ Saved)
Apr  6 03:18:41 ams postfix/qmgr[11959]: 2F77A120248: removed
Apr  6 03:19:39 ams postfix/smtpd[32033]: connect from home.schafroth.dk[90.184.103.98]
Apr  6 03:19:40 ams policyd-spf[32279]: prepend Received-SPF: Pass (mailfrom) identity=mailfrom; client-ip=90.184.103.98; helo=localhost.localdomain; envelope-from=icinga@schafroth.dk; receiver=<UNKNOWN>
Apr  6 03:19:40 ams postfix/smtpd[32033]: 533141202AB: client=home.schafroth.dk[90.184.103.98]
Apr  6 03:19:40 ams postfix/cleanup[32281]: 533141202AB: message-id=<1491441579.2h0z0npwztq2wuh7.checksmtpsend@wheezy>
Apr  6 03:19:41 ams postfix/qmgr[11959]: 533141202AB: from=<icinga@schafroth.dk>, size=535, nrcpt=1 (queue active)
Apr  6 03:19:41 ams spamd[3653]: spamd: connection from localhost [127.0.0.1]:59614 to port 783, fd 6
Apr  6 03:19:41 ams spamd[3653]: spamd: setuid to dennis succeeded
Apr  6 03:19:41 ams spamd[3653]: config: not parsing, 'allow_user_rules' is 0: body DANSK_SCORET /Alle du kender får scoret/
Apr  6 03:19:41 ams spamd[3653]: config: failed to parse line, skipping, in "/export/home/dennis/.spamassassin/user_prefs": body DANSK_SCORET /Alle du kender får scoret/
Apr  6 03:19:41 ams spamd[3653]: config: not parsing, 'allow_user_rules' is 0: body ENG_SOFTWARE /When this program will install thousands/
Apr  6 03:19:41 ams spamd[3653]: config: failed to parse line, skipping, in "/export/home/dennis/.spamassassin/user_prefs": body ENG_SOFTWARE /When this program will install thousands/
Apr  6 03:19:41 ams spamd[3653]: spamd: processing message <1491441579.2h0z0npwztq2wuh7.checksmtpsend@wheezy> for dennis:1000
Apr  6 03:19:41 ams postfix/smtpd[32033]: disconnect from home.schafroth.dk[90.184.103.98] ehlo=1 mail=1 rcpt=1 data=1 quit=1 commands=5
Apr  6 03:19:41 ams spamd[3653]: spamd: clean message (1.3/5.0) for dennis:1000 in 0.2 seconds, 559 bytes.
Apr  6 03:19:41 ams spamd[3653]: spamd: result: . 1 - BAYES_05,MISSING_SUBJECT,SPF_PASS,T_RP_MATCHES_RCVD scantime=0.2,size=559,user=dennis,uid=1000,required_score=5.0,rhost=localhost,raddr=127.0.0.1,rport=59614,mid=<1491441579.2h0z0npwztq2wuh7.checksmtpsend@wheezy>,bayes=0.019873,autolearn=no autolearn_force=no
Apr  6 03:19:41 ams postfix/pickup[29007]: 4FFF1120248: uid=1000 from=<icinga@schafroth.dk>
Apr  6 03:19:41 ams postfix/cleanup[32281]: 4FFF1120248: message-id=<1491441579.2h0z0npwztq2wuh7.checksmtpsend@wheezy>
Apr  6 03:19:41 ams postfix/pipe[32282]: 533141202AB: to=<nagios@schafroth.dk>, relay=spamassassin, delay=1.2, delays=0.89/0/0/0.32, dsn=2.0.0, status=sent (delivered via spamassassin service)
Apr  6 03:19:41 ams postfix/qmgr[11959]: 533141202AB: removed
Apr  6 03:19:41 ams postfix/qmgr[11959]: 4FFF1120248: from=<icinga@schafroth.dk>, size=894, nrcpt=1 (queue active)
Apr  6 03:19:41 ams spamd[31676]: prefork: child states: II
Apr  6 03:19:41 ams postfix/lmtp[32346]: 4FFF1120248: to=<nagios@schafroth.dk>, relay=ams.localdomain[private/dovecot-lmtp], delay=0.22, delays=0.08/0/0/0.14, dsn=2.0.0, status=sent (250 2.0.0 <nagios@schafroth.dk> cUPCFq2X5VhbfgAADK/SzQ Saved)
Apr  6 03:19:41 ams postfix/qmgr[11959]: 4FFF1120248: removed
Apr  6 03:19:51 ams postfix/smtpd[32033]: connect from home.schafroth.dk[90.184.103.98]
Apr  6 03:19:52 ams policyd-spf[32279]: prepend Received-SPF: Pass (mailfrom) identity=mailfrom; client-ip=90.184.103.98; helo=localhost.localdomain; envelope-from=icinga@schafroth.dk; receiver=<UNKNOWN>
Apr  6 03:19:52 ams postfix/smtpd[32033]: 2758B1202AB: client=home.schafroth.dk[90.184.103.98]
Apr  6 03:19:52 ams postfix/cleanup[32281]: 2758B1202AB: message-id=<1491441591.kcidd6w9wq2bgw8g.checksmtpsend@wheezy>
Apr  6 03:19:52 ams postfix/qmgr[11959]: 2758B1202AB: from=<icinga@schafroth.dk>, size=535, nrcpt=1 (queue active)
Apr  6 03:19:52 ams spamd[3653]: spamd: connection from localhost [127.0.0.1]:59616 to port 783, fd 6
Apr  6 03:19:52 ams spamd[3653]: spamd: setuid to dennis succeeded
Apr  6 03:19:52 ams spamd[3653]: config: not parsing, 'allow_user_rules' is 0: body DANSK_SCORET /Alle du kender får scoret/
Apr  6 03:19:52 ams spamd[3653]: config: failed to parse line, skipping, in "/export/home/dennis/.spamassassin/user_prefs": body DANSK_SCORET /Alle du kender får scoret/
Apr  6 03:19:52 ams spamd[3653]: config: not parsing, 'allow_user_rules' is 0: body ENG_SOFTWARE /When this program will install thousands/
Apr  6 03:19:52 ams spamd[3653]: config: failed to parse line, skipping, in "/export/home/dennis/.spamassassin/user_prefs": body ENG_SOFTWARE /When this program will install thousands/
Apr  6 03:19:52 ams spamd[3653]: spamd: processing message <1491441591.kcidd6w9wq2bgw8g.checksmtpsend@wheezy> for dennis:1000
Apr  6 03:19:53 ams postfix/smtpd[32033]: disconnect from home.schafroth.dk[90.184.103.98] ehlo=1 mail=1 rcpt=1 data=1 quit=1 commands=5
Apr  6 03:19:54 ams spamd[3653]: spamd: clean message (1.3/5.0) for dennis:1000 in 1.1 seconds, 559 bytes.
Apr  6 03:19:54 ams spamd[3653]: spamd: result: . 1 - BAYES_05,MISSING_SUBJECT,SPF_PASS,T_RP_MATCHES_RCVD scantime=1.1,size=559,user=dennis,uid=1000,required_score=5.0,rhost=localhost,raddr=127.0.0.1,rport=59616,mid=<1491441591.kcidd6w9wq2bgw8g.checksmtpsend@wheezy>,bayes=0.019873,autolearn=no autolearn_force=no
Apr  6 03:19:54 ams postfix/pickup[29007]: 1DDE41202B0: uid=1000 from=<icinga@schafroth.dk>
Apr  6 03:19:54 ams postfix/cleanup[32281]: 1DDE41202B0: message-id=<1491441591.kcidd6w9wq2bgw8g.checksmtpsend@wheezy>
Apr  6 03:19:54 ams postfix/pipe[32282]: 2758B1202AB: to=<nagios@schafroth.dk>, relay=spamassassin, delay=2.2, delays=0.91/0/0/1.3, dsn=2.0.0, status=sent (delivered via spamassassin service)
Apr  6 03:19:54 ams postfix/qmgr[11959]: 2758B1202AB: removed
Apr  6 03:19:54 ams postfix/qmgr[11959]: 1DDE41202B0: from=<icinga@schafroth.dk>, size=894, nrcpt=1 (queue active)
Apr  6 03:19:54 ams spamd[31676]: prefork: child states: II
Apr  6 03:19:54 ams postfix/lmtp[32346]: 1DDE41202B0: to=<nagios@schafroth.dk>, relay=ams.localdomain[private/dovecot-lmtp], delay=0.24, delays=0.11/0/0/0.13, dsn=2.0.0, status=sent (250 2.0.0 <nagios@schafroth.dk> mbDaCbqX5VhbfgAADK/SzQ Saved)
Apr  6 03:19:54 ams postfix/qmgr[11959]: 1DDE41202B0: removed
Apr  6 03:20:03 ams postfix/smtpd[32033]: connect from mail.luxury-pesos.com[144.217.240.69]
Apr  6 03:20:05 ams postfix/smtpd[32033]: NOQUEUE: reject: RCPT from mail.luxury-pesos.com[144.217.240.69]: 554 5.7.1 Service unavailable; Client host [144.217.240.69] blocked using zen.spamhaus.org; https://www.spamhaus.org/sbl/query/SBLCSS; from=<bounce@luxury-pesos.com> to=<maria@schafroth.dk> proto=ESMTP helo=<mail.luxury-pesos.com>
Apr  6 03:20:05 ams postfix/cleanup[32281]: 25A72120248: message-id=<20170406012005.25A72120248@ams.localdomain>
Apr  6 03:20:05 ams postfix/smtpd[32033]: disconnect from mail.luxury-pesos.com[144.217.240.69] ehlo=1 mail=1 rcpt=0/1 data=0/1 rset=1 quit=1 commands=4/6
Apr  6 03:20:05 ams postfix/qmgr[11959]: 25A72120248: from=<double-bounce@ams.localdomain>, size=1161, nrcpt=1 (queue active)
Apr  6 03:20:05 ams postfix/lmtp[32346]: 25A72120248: to=<dennis@schafroth.dk>, orig_to=<postmaster>, relay=ams.localdomain[private/dovecot-lmtp], delay=0.1, delays=0.05/0/0/0.04, dsn=2.0.0, status=sent (250 2.0.0 <dennis@schafroth.dk> WcqADMWX5VhbfgAADK/SzQ Saved)
Apr  6 03:20:05 ams postfix/qmgr[11959]: 25A72120248: removed
Apr  6 03:20:34 ams postfix/smtpd[32033]: warning: hostname static-Adsl190-248-131-102.une.net.co does not resolve to address 190.248.131.102: Name or service not known
Apr  6 03:20:34 ams postfix/smtpd[32033]: connect from unknown[190.248.131.102]
Apr  6 03:20:35 ams postfix/cleanup[32281]: 8B3D61202AB: message-id=<20170406012035.8B3D61202AB@ams.localdomain>
Apr  6 03:20:35 ams postfix/qmgr[11959]: 8B3D61202AB: from=<double-bounce@ams.localdomain>, size=656, nrcpt=1 (queue active)
Apr  6 03:20:35 ams postfix/smtpd[32033]: disconnect from unknown[190.248.131.102] helo=1 auth=0/1 quit=1 commands=2/3
Apr  6 03:20:35 ams postfix/lmtp[32346]: 8B3D61202AB: to=<dennis@schafroth.dk>, orig_to=<postmaster>, relay=ams.localdomain[private/dovecot-lmtp], delay=0.14, delays=0.07/0/0/0.07, dsn=2.0.0, status=sent (250 2.0.0 <dennis@schafroth.dk> OXkjJuOX5VhbfgAADK/SzQ Saved)
Apr  6 03:20:35 ams postfix/qmgr[11959]: 8B3D61202AB: removed
Apr  6 03:21:07 ams postfix/smtpd[32033]: connect from home.schafroth.dk[90.184.103.98]
Apr  6 03:21:08 ams policyd-spf[32279]: prepend Received-SPF: Pass (mailfrom) identity=mailfrom; client-ip=90.184.103.98; helo=localhost.localdomain; envelope-from=icinga@schafroth.dk; receiver=<UNKNOWN>
Apr  6 03:21:08 ams postfix/smtpd[32033]: 3F4EA120248: client=home.schafroth.dk[90.184.103.98]
Apr  6 03:21:08 ams postfix/cleanup[32281]: 3F4EA120248: message-id=<1491441667.h9od81wq9x943oyy.checksmtpsend@wheezy>
Apr  6 03:21:08 ams postfix/qmgr[11959]: 3F4EA120248: from=<icinga@schafroth.dk>, size=535, nrcpt=1 (queue active)
Apr  6 03:21:08 ams spamd[3653]: spamd: connection from localhost [127.0.0.1]:59624 to port 783, fd 6
Apr  6 03:21:08 ams spamd[3653]: spamd: setuid to dennis succeeded
Apr  6 03:21:08 ams spamd[3653]: config: not parsing, 'allow_user_rules' is 0: body DANSK_SCORET /Alle du kender får scoret/
Apr  6 03:21:08 ams spamd[3653]: config: failed to parse line, skipping, in "/export/home/dennis/.spamassassin/user_prefs": body DANSK_SCORET /Alle du kender får scoret/
Apr  6 03:21:08 ams spamd[3653]: config: not parsing, 'allow_user_rules' is 0: body ENG_SOFTWARE /When this program will install thousands/
Apr  6 03:21:08 ams spamd[3653]: config: failed to parse line, skipping, in "/export/home/dennis/.spamassassin/user_prefs": body ENG_SOFTWARE /When this program will install thousands/
Apr  6 03:21:08 ams spamd[3653]: spamd: processing message <1491441667.h9od81wq9x943oyy.checksmtpsend@wheezy> for dennis:1000
Apr  6 03:21:09 ams postfix/smtpd[32033]: disconnect from home.schafroth.dk[90.184.103.98] ehlo=1 mail=1 rcpt=1 data=1 quit=1 commands=5
Apr  6 03:21:10 ams spamd[3653]: spamd: clean message (1.3/5.0) for dennis:1000 in 1.7 seconds, 559 bytes.
Apr  6 03:21:10 ams spamd[3653]: spamd: result: . 1 - BAYES_05,MISSING_SUBJECT,SPF_PASS,T_RP_MATCHES_RCVD scantime=1.7,size=559,user=dennis,uid=1000,required_score=5.0,rhost=localhost,raddr=127.0.0.1,rport=59624,mid=<1491441667.h9od81wq9x943oyy.checksmtpsend@wheezy>,bayes=0.019873,autolearn=no autolearn_force=no
Apr  6 03:21:10 ams postfix/pickup[29007]: BF62D1202B0: uid=1000 from=<icinga@schafroth.dk>
Apr  6 03:21:10 ams postfix/pipe[32282]: 3F4EA120248: to=<nagios@schafroth.dk>, relay=spamassassin, delay=2.7, delays=0.92/0/0/1.8, dsn=2.0.0, status=sent (delivered via spamassassin service)
Apr  6 03:21:10 ams postfix/qmgr[11959]: 3F4EA120248: removed
Apr  6 03:21:10 ams postfix/cleanup[32281]: BF62D1202B0: message-id=<1491441667.h9od81wq9x943oyy.checksmtpsend@wheezy>
Apr  6 03:21:10 ams postfix/qmgr[11959]: BF62D1202B0: from=<icinga@schafroth.dk>, size=894, nrcpt=1 (queue active)
Apr  6 03:21:10 ams spamd[31676]: prefork: child states: II
Apr  6 03:21:10 ams postfix/lmtp[32346]: BF62D1202B0: to=<nagios@schafroth.dk>, relay=ams.localdomain[private/dovecot-lmtp], delay=0.25, delays=0.1/0/0/0.15, dsn=2.0.0, status=sent (250 2.0.0 <nagios@schafroth.dk> qU/XMAaY5VhbfgAADK/SzQ Saved)
Apr  6 03:21:10 ams postfix/qmgr[11959]: BF62D1202B0: removed
Apr  6 03:21:20 ams postfix/smtpd[32658]: connect from home.schafroth.dk[90.184.103.98]
Apr  6 03:21:20 ams postfix/smtpd[32658]: disconnect from home.schafroth.dk[90.184.103.98] helo=1 ehlo=1 quit=1 commands=3
Apr  6 03:22:49 ams postfix/smtpd[32658]: connect from home.schafroth.dk[90.184.103.98]
Apr  6 03:22:49 ams postfix/smtpd[32658]: disconnect from home.schafroth.dk[90.184.103.98] helo=1 ehlo=1 quit=1 commands=3
Apr  6 03:23:01 ams postfix/smtpd[32724]: connect from home.schafroth.dk[90.184.103.98]
Apr  6 03:23:02 ams postfix/smtpd[32724]: Anonymous TLS connection established from home.schafroth.dk[90.184.103.98]: TLSv1 with cipher ECDHE-RSA-AES256-SHA (256/256 bits)
Apr  6 03:23:02 ams postfix/smtpd[32724]: disconnect from home.schafroth.dk[90.184.103.98] ehlo=2 starttls=1 quit=1 commands=4
Apr  6 03:24:06 ams postfix/smtpd[32724]: connect from unknown[64.34.22.49]
Apr  6 03:24:07 ams postfix/smtpd[32724]: Anonymous TLS connection established from unknown[64.34.22.49]: TLSv1 with cipher ECDHE-RSA-AES256-SHA (256/256 bits)
Apr  6 03:24:09 ams postfix/smtpd[32724]: NOQUEUE: reject: RCPT from unknown[64.34.22.49]: 450 4.7.1 Client host rejected: cannot find your reverse hostname, [64.34.22.49]; from=<elena@rusticcedar.com> to=<peter@vizart.dk> proto=ESMTP helo=<plesk1.octadyne.net>
Apr  6 03:24:09 ams postfix/cleanup[32740]: 5267A120248: message-id=<20170406012409.5267A120248@ams.localdomain>
Apr  6 03:24:09 ams postfix/smtpd[32741]: connect from unknown[64.34.22.49]
Apr  6 03:24:09 ams postfix/smtpd[32724]: disconnect from unknown[64.34.22.49] ehlo=2 starttls=1 mail=1 rcpt=0/1 data=0/1 rset=1 quit=1 commands=6/8
Apr  6 03:24:09 ams postfix/qmgr[11959]: 5267A120248: from=<double-bounce@ams.localdomain>, size=1381, nrcpt=1 (queue active)
Apr  6 03:24:09 ams postfix/lmtp[32743]: 5267A120248: to=<dennis@schafroth.dk>, orig_to=<postmaster>, relay=ams.localdomain[private/dovecot-lmtp], delay=0.42, delays=0.27/0.02/0.04/0.09, dsn=2.0.0, status=sent (250 2.0.0 <dennis@schafroth.dk> JLLcJrmY5VjofwAADK/SzQ Saved)
Apr  6 03:24:09 ams postfix/qmgr[11959]: 5267A120248: removed
Apr  6 03:24:09 ams postfix/smtpd[32741]: Anonymous TLS connection established from unknown[64.34.22.49]: TLSv1 with cipher ECDHE-RSA-AES256-SHA (256/256 bits)
Apr  6 03:24:10 ams postfix/smtpd[32741]: NOQUEUE: reject: RCPT from unknown[64.34.22.49]: 450 4.7.1 Client host rejected: cannot find your reverse hostname, [64.34.22.49]; from=<elena@rusticcedar.com> to=<peter@vizart.dk> proto=ESMTP helo=<plesk1.octadyne.net>
Apr  6 03:24:10 ams postfix/cleanup[32740]: E92C5120248: message-id=<20170406012410.E92C5120248@ams.localdomain>
Apr  6 03:24:11 ams postfix/smtpd[32741]: disconnect from unknown[64.34.22.49] ehlo=2 starttls=1 mail=1 rcpt=0/1 data=0/1 rset=1 quit=1 commands=6/8
Apr  6 03:24:11 ams postfix/qmgr[11959]: E92C5120248: from=<double-bounce@ams.localdomain>, size=1381, nrcpt=1 (queue active)
Apr  6 03:24:11 ams postfix/lmtp[32743]: E92C5120248: to=<dennis@schafroth.dk>, orig_to=<postmaster>, relay=ams.localdomain[private/dovecot-lmtp], delay=0.18, delays=0.05/0/0/0.13, dsn=2.0.0, status=sent (250 2.0.0 <dennis@schafroth.dk> CZRyALuY5VjofwAADK/SzQ Saved)
Apr  6 03:24:11 ams postfix/qmgr[11959]: E92C5120248: removed
Apr  6 03:24:25 ams postfix/smtpd[32724]: connect from mail.dedeckeraccountants.be[91.183.46.186]
Apr  6 03:24:25 ams postfix/cleanup[32740]: C28C11202AB: message-id=<20170406012425.C28C11202AB@ams.localdomain>
Apr  6 03:24:25 ams postfix/smtpd[32724]: disconnect from mail.dedeckeraccountants.be[91.183.46.186] helo=1 auth=0/1 quit=1 commands=2/3
Apr  6 03:24:25 ams postfix/qmgr[11959]: C28C11202AB: from=<double-bounce@ams.localdomain>, size=674, nrcpt=1 (queue active)
Apr  6 03:24:26 ams postfix/lmtp[32743]: C28C11202AB: to=<dennis@schafroth.dk>, orig_to=<postmaster>, relay=ams.localdomain[private/dovecot-lmtp], delay=0.33, delays=0.06/0/0/0.27, dsn=2.0.0, status=sent (250 2.0.0 <dennis@schafroth.dk> UZ5gM8mY5VjofwAADK/SzQ Saved)
Apr  6 03:24:26 ams postfix/qmgr[11959]: C28C11202AB: removed
Apr  6 03:24:30 ams postfix/smtpd[32741]: connect from home.schafroth.dk[90.184.103.98]
Apr  6 03:24:31 ams postfix/smtpd[32741]: Anonymous TLS connection established from home.schafroth.dk[90.184.103.98]: TLSv1 with cipher ECDHE-RSA-AES256-SHA (256/256 bits)
Apr  6 03:24:31 ams postfix/smtpd[32741]: disconnect from home.schafroth.dk[90.184.103.98] ehlo=2 starttls=1 quit=1 commands=4
Apr  6 03:27:07 ams postfix/smtpd[633]: connect from unknown[211.207.45.152]
Apr  6 03:27:09 ams postfix/smtpd[633]: Anonymous TLS connection established from unknown[211.207.45.152]: TLSv1 with cipher AECDH-AES256-SHA (256/256 bits)
Apr  6 03:27:10 ams postfix/smtpd[633]: NOQUEUE: reject: RCPT from unknown[211.207.45.152]: 450 4.1.8 <test@myds.me>: Sender address rejected: Domain not found; from=<test@myds.me> to=<peter@vizart.dk> proto=ESMTP helo=<mori.myds.me>
Apr  6 03:27:10 ams postfix/cleanup[636]: E1DCE1202AB: message-id=<20170406012710.E1DCE1202AB@ams.localdomain>
Apr  6 03:27:11 ams postfix/smtpd[633]: disconnect from unknown[211.207.45.152] ehlo=2 starttls=1 mail=1 rcpt=0/1 data=0/1 rset=1 quit=1 commands=6/8
Apr  6 03:27:11 ams postfix/qmgr[11959]: E1DCE1202AB: from=<double-bounce@ams.localdomain>, size=1342, nrcpt=1 (queue active)
Apr  6 03:27:11 ams postfix/lmtp[638]: E1DCE1202AB: to=<dennis@schafroth.dk>, orig_to=<postmaster>, relay=ams.localdomain[private/dovecot-lmtp], delay=0.26, delays=0.1/0.02/0.03/0.1, dsn=2.0.0, status=sent (250 2.0.0 <dennis@schafroth.dk> szT1A2+Z5Vh/AgAADK/SzQ Saved)
Apr  6 03:27:11 ams postfix/qmgr[11959]: E1DCE1202AB: removed
Apr  6 03:27:11 ams postfix/smtpd[633]: connect from unknown[211.207.45.152]
Apr  6 03:27:12 ams postfix/smtpd[633]: Anonymous TLS connection established from unknown[211.207.45.152]: TLSv1 with cipher AECDH-AES256-SHA (256/256 bits)
Apr  6 03:27:13 ams postfix/smtpd[633]: NOQUEUE: reject: RCPT from unknown[211.207.45.152]: 450 4.1.8 <test@myds.me>: Sender address rejected: Domain not found; from=<test@myds.me> to=<peter@vizart.dk> proto=ESMTP helo=<mori.myds.me>
Apr  6 03:27:13 ams postfix/cleanup[636]: CBB4F120248: message-id=<20170406012713.CBB4F120248@ams.localdomain>
Apr  6 03:27:13 ams postfix/smtpd[633]: disconnect from unknown[211.207.45.152] ehlo=2 starttls=1 mail=1 rcpt=0/1 data=0/1 rset=1 quit=1 commands=6/8
Apr  6 03:27:13 ams postfix/qmgr[11959]: CBB4F120248: from=<double-bounce@ams.localdomain>, size=1342, nrcpt=1 (queue active)
Apr  6 03:27:13 ams postfix/lmtp[638]: CBB4F120248: to=<dennis@schafroth.dk>, orig_to=<postmaster>, relay=ams.localdomain[private/dovecot-lmtp], delay=0.13, delays=0.08/0/0/0.04, dsn=2.0.0, status=sent (250 2.0.0 <dennis@schafroth.dk> ifTJNnGZ5Vh/AgAADK/SzQ Saved)
Apr  6 03:27:13 ams postfix/qmgr[11959]: CBB4F120248: removed
Apr  6 03:27:36 ams postfix/anvil[30581]: statistics: max connection rate 3/60s for (smtp:90.184.103.98) at Apr  6 03:17:47
Apr  6 03:27:36 ams postfix/anvil[30581]: statistics: max connection count 1 for (smtp:90.184.103.98) at Apr  6 03:17:42
Apr  6 03:27:36 ams postfix/anvil[30581]: statistics: max cache size 3 at Apr  6 03:20:34
Apr  6 03:28:32 ams postfix/smtpd[633]: connect from unknown[168.0.84.241]
Apr  6 03:28:33 ams postfix/cleanup[636]: EBA8A120248: message-id=<20170406012833.EBA8A120248@ams.localdomain>
Apr  6 03:28:34 ams postfix/smtpd[633]: disconnect from unknown[168.0.84.241] helo=1 auth=0/1 quit=1 commands=2/3
Apr  6 03:28:34 ams postfix/qmgr[11959]: EBA8A120248: from=<double-bounce@ams.localdomain>, size=653, nrcpt=1 (queue active)
Apr  6 03:28:34 ams postfix/lmtp[638]: EBA8A120248: to=<dennis@schafroth.dk>, orig_to=<postmaster>, relay=ams.localdomain[private/dovecot-lmtp], delay=0.16, delays=0.08/0/0.02/0.06, dsn=2.0.0, status=sent (250 2.0.0 <dennis@schafroth.dk> 9q7NA8KZ5ViZAgAADK/SzQ Saved)
Apr  6 03:28:34 ams postfix/qmgr[11959]: EBA8A120248: removed
Apr  6 03:31:34 ams postfix/smtpd[908]: connect from home.schafroth.dk[90.184.103.98]
Apr  6 03:31:35 ams postfix/smtpd[911]: connect from host2.web4appio.mx[158.69.89.114]
Apr  6 03:31:36 ams postfix/smtpd[911]: Anonymous TLS connection established from host2.web4appio.mx[158.69.89.114]: TLSv1 with cipher ECDHE-RSA-AES256-SHA (256/256 bits)
Apr  6 03:31:38 ams policyd-spf[928]: prepend Received-SPF: Pass (mailfrom) identity=mailfrom; client-ip=90.184.103.98; helo=localhost.localdomain; envelope-from=icinga@schafroth.dk; receiver=<UNKNOWN>
Apr  6 03:31:38 ams postfix/smtpd[908]: A4D7F120248: client=home.schafroth.dk[90.184.103.98]
Apr  6 03:31:39 ams postfix/cleanup[929]: A4D7F120248: message-id=<1491442294.haf55gq0w8lijfeb.checksmtpsend@wheezy>
Apr  6 03:31:39 ams postfix/qmgr[11959]: A4D7F120248: from=<icinga@schafroth.dk>, size=535, nrcpt=1 (queue active)
Apr  6 03:31:39 ams spamd[3653]: spamd: connection from localhost [127.0.0.1]:59664 to port 783, fd 6
Apr  6 03:31:39 ams spamd[3653]: spamd: setuid to dennis succeeded
Apr  6 03:31:39 ams spamd[3653]: config: not parsing, 'allow_user_rules' is 0: body DANSK_SCORET /Alle du kender får scoret/
Apr  6 03:31:39 ams spamd[3653]: config: failed to parse line, skipping, in "/export/home/dennis/.spamassassin/user_prefs": body DANSK_SCORET /Alle du kender får scoret/
Apr  6 03:31:39 ams spamd[3653]: config: not parsing, 'allow_user_rules' is 0: body ENG_SOFTWARE /When this program will install thousands/
Apr  6 03:31:39 ams spamd[3653]: config: failed to parse line, skipping, in "/export/home/dennis/.spamassassin/user_prefs": body ENG_SOFTWARE /When this program will install thousands/
Apr  6 03:31:39 ams spamd[3653]: spamd: processing message <1491442294.haf55gq0w8lijfeb.checksmtpsend@wheezy> for dennis:1000
Apr  6 03:31:39 ams postfix/smtpd[908]: disconnect from home.schafroth.dk[90.184.103.98] ehlo=1 mail=1 rcpt=1 data=1 quit=1 commands=5
Apr  6 03:31:40 ams policyd-spf[933]: prepend Received-SPF: Pass (mailfrom) identity=mailfrom; client-ip=158.69.89.114; helo=host1.web4appio.mx; envelope-from=wilma@urbandesarrollos.com.mx; receiver=<UNKNOWN>
Apr  6 03:31:40 ams postfix/smtpd[911]: 29D0A1202B0: client=host2.web4appio.mx[158.69.89.114]
Apr  6 03:31:40 ams postfix/cleanup[929]: 29D0A1202B0: message-id=<db6049edd123003497287869b4303e06@urbandesarrollos.com.mx>
Apr  6 03:31:40 ams postfix/qmgr[11959]: 29D0A1202B0: from=<wilma@urbandesarrollos.com.mx>, size=3757, nrcpt=1 (queue active)
Apr  6 03:31:40 ams spamd[14089]: spamd: connection from localhost [127.0.0.1]:59666 to port 783, fd 6
Apr  6 03:31:40 ams spamd[14089]: spamd: setuid to dennis succeeded
Apr  6 03:31:40 ams spamd[14089]: config: not parsing, 'allow_user_rules' is 0: body DANSK_SCORET /Alle du kender får scoret/
Apr  6 03:31:40 ams spamd[14089]: config: failed to parse line, skipping, in "/export/home/dennis/.spamassassin/user_prefs": body DANSK_SCORET /Alle du kender får scoret/
Apr  6 03:31:40 ams spamd[14089]: config: not parsing, 'allow_user_rules' is 0: body ENG_SOFTWARE /When this program will install thousands/
Apr  6 03:31:40 ams spamd[14089]: config: failed to parse line, skipping, in "/export/home/dennis/.spamassassin/user_prefs": body ENG_SOFTWARE /When this program will install thousands/
Apr  6 03:31:40 ams spamd[14089]: spamd: processing message <db6049edd123003497287869b4303e06@urbandesarrollos.com.mx> for dennis:1000
Apr  6 03:31:40 ams postfix/smtpd[911]: disconnect from host2.web4appio.mx[158.69.89.114] ehlo=2 starttls=1 mail=1 rcpt=1 data=1 quit=1 commands=7
Apr  6 03:31:40 ams spamd[3653]: spamd: clean message (1.3/5.0) for dennis:1000 in 1.3 seconds, 559 bytes.
Apr  6 03:31:40 ams spamd[3653]: spamd: result: . 1 - BAYES_05,MISSING_SUBJECT,SPF_PASS,T_RP_MATCHES_RCVD scantime=1.3,size=559,user=dennis,uid=1000,required_score=5.0,rhost=localhost,raddr=127.0.0.1,rport=59664,mid=<1491442294.haf55gq0w8lijfeb.checksmtpsend@wheezy>,bayes=0.019873,autolearn=no autolearn_force=no
Apr  6 03:31:41 ams spamd[14089]: spamd: identified spam (19.1/5.0) for dennis:1000 in 1.3 seconds, 3723 bytes.
Apr  6 03:31:41 ams spamd[14089]: spamd: result: Y 19 - BAYES_99,BAYES_999,DKIM_SIGNED,DKIM_VALID,DKIM_VALID_AU,HTML_MESSAGE,RCVD_IN_BRBL_LASTEXT,SPF_PASS,URIBL_SBL,URIBL_SBL_A scantime=1.3,size=3723,user=dennis,uid=1000,required_score=5.0,rhost=localhost,raddr=127.0.0.1,rport=59666,mid=<db6049edd123003497287869b4303e06@urbandesarrollos.com.mx>,bayes=1.000000,autolearn=no autolearn_force=no
Apr  6 03:31:51 ams spamd[14089]: bayes: cannot open bayes databases /export/home/dennis/.spamassassin/bayes_* R/W: lock failed: File exists
Apr  6 03:31:51 ams postfix/pickup[29007]: E85891204A5: uid=1000 from=<wilma@urbandesarrollos.com.mx>
Apr  6 03:31:51 ams postfix/cleanup[929]: E85891204A5: message-id=<db6049edd123003497287869b4303e06@urbandesarrollos.com.mx>
Apr  6 03:31:51 ams postfix/pipe[934]: 29D0A1202B0: to=<peter@vizart.dk>, relay=spamassassin, delay=16, delays=4/0.01/0/12, dsn=2.0.0, status=sent (delivered via spamassassin service)
Apr  6 03:31:51 ams postfix/qmgr[11959]: 29D0A1202B0: removed
Apr  6 03:31:51 ams spamd[31676]: prefork: child states: BI
Apr  6 03:31:51 ams postfix/qmgr[11959]: E85891204A5: from=<wilma@urbandesarrollos.com.mx>, size=7271, nrcpt=1 (queue active)
Apr  6 03:31:52 ams postfix/lmtp[956]: E85891204A5: to=<peter@vizart.dk>, relay=ams.localdomain[private/dovecot-lmtp], delay=0.28, delays=0.11/0.02/0.03/0.12, dsn=2.0.0, status=sent (250 2.0.0 <peter@vizart.dk> 0kfRAoia5Vi9AwAADK/SzQ Saved)
Apr  6 03:31:52 ams postfix/qmgr[11959]: E85891204A5: removed
Apr  6 03:32:12 ams postfix/smtpd[908]: connect from nikol200.static.otenet.gr[79.129.100.123]
Apr  6 03:32:12 ams postfix/cleanup[929]: DBD9C1202B0: message-id=<20170406013212.DBD9C1202B0@ams.localdomain>
Apr  6 03:32:13 ams postfix/smtpd[908]: disconnect from nikol200.static.otenet.gr[79.129.100.123] helo=1 auth=0/1 quit=1 commands=2/3
Apr  6 03:32:13 ams postfix/qmgr[11959]: DBD9C1202B0: from=<double-bounce@ams.localdomain>, size=673, nrcpt=1 (queue active)
Apr  6 03:32:13 ams postfix/lmtp[956]: DBD9C1202B0: to=<dennis@schafroth.dk>, orig_to=<postmaster>, relay=ams.localdomain[private/dovecot-lmtp], delay=0.35, delays=0.26/0/0/0.09, dsn=2.0.0, status=sent (250 2.0.0 <dennis@schafroth.dk> Cal3CZ2a5Vi9AwAADK/SzQ Saved)
Apr  6 03:32:13 ams postfix/qmgr[11959]: DBD9C1202B0: removed
Apr  6 03:32:16 ams postfix/pickup[29007]: 514181202B0: uid=1000 from=<icinga@schafroth.dk>
Apr  6 03:32:16 ams postfix/cleanup[929]: 514181202B0: message-id=<1491442294.haf55gq0w8lijfeb.checksmtpsend@wheezy>
Apr  6 03:32:16 ams postfix/pipe[930]: A4D7F120248: to=<nagios@schafroth.dk>, relay=spamassassin, delay=41, delays=4/0.01/0/37, dsn=2.0.0, status=sent (delivered via spamassassin service)
Apr  6 03:32:16 ams postfix/qmgr[11959]: A4D7F120248: removed
Apr  6 03:32:16 ams postfix/qmgr[11959]: 514181202B0: from=<icinga@schafroth.dk>, size=894, nrcpt=1 (queue active)
Apr  6 03:32:16 ams spamd[31676]: prefork: child states: II
Apr  6 03:32:16 ams postfix/lmtp[956]: 514181202B0: to=<nagios@schafroth.dk>, relay=ams.localdomain[private/dovecot-lmtp], delay=0.26, delays=0.08/0/0/0.18, dsn=2.0.0, status=sent (250 2.0.0 <nagios@schafroth.dk> 2aLYFaCa5Vi9AwAADK/SzQ Saved)
Apr  6 03:32:16 ams postfix/qmgr[11959]: 514181202B0: removed
Apr  6 03:33:09 ams postfix/smtpd[911]: connect from o148.orange.servdiscount-customer.com[85.114.130.148]
Apr  6 03:33:12 ams policyd-spf[933]: prepend Received-SPF: None (mailfrom) identity=mailfrom; client-ip=85.114.130.148; helo=mikosol.de; envelope-from=chelsea@mikosol.de; receiver=<UNKNOWN>
Apr  6 03:33:12 ams postfix/smtpd[911]: 4D53B120248: client=o148.orange.servdiscount-customer.com[85.114.130.148]
Apr  6 03:33:12 ams postfix/cleanup[929]: 4D53B120248: message-id=<d42b9c1648d89d1a2a02d106dc0d51f7@mikosol.de>
Apr  6 03:33:12 ams postfix/qmgr[11959]: 4D53B120248: from=<chelsea@mikosol.de>, size=1549, nrcpt=1 (queue active)
Apr  6 03:33:12 ams postfix/smtpd[911]: disconnect from o148.orange.servdiscount-customer.com[85.114.130.148] ehlo=1 mail=1 rcpt=1 data=1 quit=1 commands=5
Apr  6 03:33:12 ams spamd[3653]: spamd: connection from localhost [127.0.0.1]:59676 to port 783, fd 6
Apr  6 03:33:12 ams spamd[3653]: spamd: setuid to dennis succeeded
Apr  6 03:33:12 ams spamd[3653]: config: not parsing, 'allow_user_rules' is 0: body DANSK_SCORET /Alle du kender får scoret/
Apr  6 03:33:12 ams spamd[3653]: config: failed to parse line, skipping, in "/export/home/dennis/.spamassassin/user_prefs": body DANSK_SCORET /Alle du kender får scoret/
Apr  6 03:33:12 ams spamd[3653]: config: not parsing, 'allow_user_rules' is 0: body ENG_SOFTWARE /When this program will install thousands/
Apr  6 03:33:12 ams spamd[3653]: config: failed to parse line, skipping, in "/export/home/dennis/.spamassassin/user_prefs": body ENG_SOFTWARE /When this program will install thousands/
Apr  6 03:33:12 ams spamd[3653]: spamd: processing message <d42b9c1648d89d1a2a02d106dc0d51f7@mikosol.de> for dennis:1000
Apr  6 03:33:13 ams spamd[3653]: spamd: identified spam (6.0/5.0) for dennis:1000 in 1.2 seconds, 1536 bytes.
Apr  6 03:33:13 ams spamd[3653]: spamd: result: Y 6 - BAYES_80,HTML_MESSAGE,RCVD_IN_BRBL_LASTEXT scantime=1.2,size=1536,user=dennis,uid=1000,required_score=5.0,rhost=localhost,raddr=127.0.0.1,rport=59676,mid=<d42b9c1648d89d1a2a02d106dc0d51f7@mikosol.de>,bayes=0.904853,autolearn=no autolearn_force=no
Apr  6 03:33:13 ams postfix/pickup[29007]: A0A271202B0: uid=1000 from=<chelsea@mikosol.de>
Apr  6 03:33:13 ams postfix/cleanup[929]: A0A271202B0: message-id=<d42b9c1648d89d1a2a02d106dc0d51f7@mikosol.de>
Apr  6 03:33:13 ams postfix/pipe[934]: 4D53B120248: to=<peter@vizart.dk>, relay=spamassassin, delay=4.1, delays=2.9/0/0/1.3, dsn=2.0.0, status=sent (delivered via spamassassin service)
Apr  6 03:33:13 ams postfix/qmgr[11959]: 4D53B120248: removed
Apr  6 03:33:13 ams spamd[31676]: prefork: child states: II
Apr  6 03:33:13 ams postfix/qmgr[11959]: A0A271202B0: from=<chelsea@mikosol.de>, size=4167, nrcpt=1 (queue active)
Apr  6 03:33:13 ams postfix/lmtp[956]: A0A271202B0: to=<peter@vizart.dk>, relay=ams.localdomain[private/dovecot-lmtp], delay=0.17, delays=0.12/0/0/0.05, dsn=2.0.0, status=sent (250 2.0.0 <peter@vizart.dk> 6eDcLNma5Vi9AwAADK/SzQ Saved)
Apr  6 03:33:13 ams postfix/qmgr[11959]: A0A271202B0: removed
Apr  6 03:33:15 ams postfix/smtpd[908]: connect from home.schafroth.dk[90.184.103.98]
Apr  6 03:33:16 ams postfix/smtpd[908]: Anonymous TLS connection established from home.schafroth.dk[90.184.103.98]: TLSv1 with cipher ECDHE-RSA-AES256-SHA (256/256 bits)
Apr  6 03:33:16 ams postfix/smtpd[908]: disconnect from home.schafroth.dk[90.184.103.98] ehlo=2 starttls=1 quit=1 commands=4
Apr  6 03:35:53 ams postfix/smtpd[1193]: connect from unknown[151.124.182.247]
Apr  6 03:35:55 ams postfix/smtpd[1193]: Anonymous TLS connection established from unknown[151.124.182.247]: TLSv1 with cipher ECDHE-RSA-AES256-SHA (256/256 bits)
Apr  6 03:35:59 ams postfix/smtpd[1193]: 0FBC7120248: client=unknown[151.124.182.247], sasl_method=PLAIN, sasl_username=peter
Apr  6 03:36:00 ams postfix/cleanup[1201]: 0FBC7120248: message-id=<7191024E-138D-478C-80C6-630573FEECCB@vizart.dk>
Apr  6 03:36:01 ams postfix/qmgr[11959]: 0FBC7120248: from=<peter@vizart.dk>, size=7888, nrcpt=1 (queue active)
Apr  6 03:36:04 ams postfix/smtp[1208]: 0FBC7120248: to=<jeppe.juhl@me.com>, relay=mx3.mail.icloud.com[17.142.163.15]:25, delay=5.8, delays=2.1/0.02/2.1/1.5, dsn=2.5.0, status=sent (250 2.5.0 Ok.)
Apr  6 03:36:04 ams postfix/qmgr[11959]: 0FBC7120248: removed
Apr  6 03:36:22 ams postfix/smtpd[1237]: connect from unknown[185.120.251.97]
Apr  6 03:36:24 ams postfix/cleanup[1201]: 497CB120248: message-id=<20170406013624.497CB120248@ams.localdomain>
Apr  6 03:36:24 ams postfix/qmgr[11959]: 497CB120248: from=<double-bounce@ams.localdomain>, size=655, nrcpt=1 (queue active)
Apr  6 03:36:24 ams postfix/smtpd[1237]: disconnect from unknown[185.120.251.97] helo=1 auth=0/1 quit=1 commands=2/3
Apr  6 03:36:24 ams postfix/lmtp[1245]: 497CB120248: to=<dennis@schafroth.dk>, orig_to=<postmaster>, relay=ams.localdomain[private/dovecot-lmtp], delay=0.19, delays=0.04/0.06/0.04/0.06, dsn=2.0.0, status=sent (250 2.0.0 <dennis@schafroth.dk> hW7XGZib5VjeBAAADK/SzQ Saved)
Apr  6 03:36:24 ams postfix/qmgr[11959]: 497CB120248: removed
Apr  6 03:37:36 ams postfix/anvil[30581]: statistics: max connection rate 1/60s for (smtp:168.0.84.241) at Apr  6 03:28:32
Apr  6 03:37:36 ams postfix/anvil[30581]: statistics: max connection count 1 for (smtp:168.0.84.241) at Apr  6 03:28:32
Apr  6 03:37:36 ams postfix/anvil[30581]: statistics: max cache size 3 at Apr  6 03:32:12
Apr  6 03:39:39 ams postfix/smtpd[1465]: warning: hostname static-Adsl190-248-131-102.une.net.co does not resolve to address 190.248.131.102: Name or service not known
Apr  6 03:39:39 ams postfix/smtpd[1465]: connect from unknown[190.248.131.102]
Apr  6 03:39:39 ams postfix/cleanup[1466]: A1C031202AB: message-id=<20170406013939.A1C031202AB@ams.localdomain>
Apr  6 03:39:39 ams postfix/qmgr[11959]: A1C031202AB: from=<double-bounce@ams.localdomain>, size=656, nrcpt=1 (queue active)
Apr  6 03:39:39 ams postfix/smtpd[1465]: disconnect from unknown[190.248.131.102] helo=1 auth=0/1 quit=1 commands=2/3
Apr  6 03:39:39 ams postfix/lmtp[1468]: A1C031202AB: to=<dennis@schafroth.dk>, orig_to=<postmaster>, relay=ams.localdomain[private/dovecot-lmtp], delay=0.21, delays=0.04/0.03/0.04/0.11, dsn=2.0.0, status=sent (250 2.0.0 <dennis@schafroth.dk> /VEMLVuc5Vi9BQAADK/SzQ Saved)
Apr  6 03:39:39 ams postfix/qmgr[11959]: A1C031202AB: removed
Apr  6 03:39:52 ams postfix/smtpd[1465]: connect from unknown[178.62.134.249]
Apr  6 03:39:54 ams postfix/smtpd[1465]: NOQUEUE: reject: RCPT from unknown[178.62.134.249]: 450 4.7.1 Client host rejected: cannot find your reverse hostname, [178.62.134.249]; from=<carla@dev.himmetsamet.com> to=<peter@vizart.dk> proto=ESMTP helo=<panel1.himmetsamet.com>
Apr  6 03:39:54 ams postfix/cleanup[1466]: 216921202AB: message-id=<20170406013954.216921202AB@ams.localdomain>
Apr  6 03:39:54 ams postfix/smtpd[1465]: disconnect from unknown[178.62.134.249] ehlo=1 mail=1 rcpt=0/1 data=0/1 rset=1 quit=1 commands=4/6
Apr  6 03:39:54 ams postfix/qmgr[11959]: 216921202AB: from=<double-bounce@ams.localdomain>, size=1094, nrcpt=1 (queue active)
Apr  6 03:39:54 ams postfix/smtpd[1494]: connect from unknown[178.62.134.249]
Apr  6 03:39:54 ams postfix/smtpd[1494]: NOQUEUE: reject: RCPT from unknown[178.62.134.249]: 450 4.7.1 Client host rejected: cannot find your reverse hostname, [178.62.134.249]; from=<carla@dev.himmetsamet.com> to=<peter@vizart.dk> proto=ESMTP helo=<panel1.himmetsamet.com>
Apr  6 03:39:54 ams postfix/cleanup[1466]: 320641202B0: message-id=<20170406013954.320641202B0@ams.localdomain>
Apr  6 03:39:54 ams postfix/smtpd[1494]: disconnect from unknown[178.62.134.249] ehlo=1 mail=1 rcpt=0/1 data=0/1 rset=1 quit=1 commands=4/6
Apr  6 03:39:54 ams postfix/qmgr[11959]: 320641202B0: from=<double-bounce@ams.localdomain>, size=1094, nrcpt=1 (queue active)
Apr  6 03:39:54 ams postfix/lmtp[1468]: 216921202AB: to=<dennis@schafroth.dk>, orig_to=<postmaster>, relay=ams.localdomain[private/dovecot-lmtp], delay=0.17, delays=0.05/0/0/0.12, dsn=2.0.0, status=sent (250 2.0.0 <dennis@schafroth.dk> MYkOC2qc5Vi9BQAADK/SzQ Saved)
Apr  6 03:39:54 ams postfix/qmgr[11959]: 216921202AB: removed
Apr  6 03:39:54 ams postfix/lmtp[1468]: 320641202B0: to=<dennis@schafroth.dk>, orig_to=<postmaster>, relay=ams.localdomain[private/dovecot-lmtp], delay=0.21, delays=0.1/0.01/0.05/0.06, dsn=2.0.0, status=sent (250 2.0.0 <dennis@schafroth.dk> NYkOC2qc5Vi9BQAADK/SzQ Saved)
Apr  6 03:39:54 ams postfix/qmgr[11959]: 320641202B0: removed
Apr  6 03:40:10 ams postfix/smtpd[1465]: connect from unknown[103.221.222.213]
Apr  6 03:40:15 ams postfix/smtpd[1494]: connect from unknown[185.76.77.138]
Apr  6 03:40:15 ams postfix/smtpd[1494]: Anonymous TLS connection established from unknown[185.76.77.138]: TLSv1 with cipher AECDH-AES256-SHA (256/256 bits)
Apr  6 03:40:15 ams postfix/smtpd[1465]: NOQUEUE: reject: RCPT from unknown[103.221.222.213]: 450 4.7.1 Client host rejected: cannot find your reverse hostname, [103.221.222.213]; from=<johnnie@vietdong.com.vn> to=<peter@vizart.dk> proto=ESMTP helo=<vietdong.com.vn>
Apr  6 03:40:15 ams postfix/smtpd[1494]: NOQUEUE: reject: RCPT from unknown[185.76.77.138]: 450 4.7.1 Client host rejected: cannot find your reverse hostname, [185.76.77.138]; from=<glenda@simamultimedia.com> to=<peter@vizart.dk> proto=ESMTP helo=<server.simamultimedia.com>
Apr  6 03:40:15 ams postfix/cleanup[1466]: D9E551202AB: message-id=<20170406014015.D9E551202AB@ams.localdomain>
Apr  6 03:40:15 ams postfix/smtpd[1494]: disconnect from unknown[185.76.77.138] ehlo=2 starttls=1 mail=1 rcpt=0/1 data=0/1 rset=1 quit=1 commands=6/8
Apr  6 03:40:15 ams postfix/qmgr[11959]: D9E551202AB: from=<double-bounce@ams.localdomain>, size=1401, nrcpt=1 (queue active)
Apr  6 03:40:15 ams postfix/smtpd[1494]: connect from unknown[185.76.77.138]
Apr  6 03:40:15 ams postfix/lmtp[1496]: D9E551202AB: to=<dennis@schafroth.dk>, orig_to=<postmaster>, relay=ams.localdomain[private/dovecot-lmtp], delay=0.1, delays=0.04/0/0.01/0.05, dsn=2.0.0, status=sent (250 2.0.0 <dennis@schafroth.dk> dSTgN3+c5VjaBQAADK/SzQ Saved)
Apr  6 03:40:15 ams postfix/qmgr[11959]: D9E551202AB: removed
Apr  6 03:40:16 ams postfix/cleanup[1466]: 16FBD1202AB: message-id=<20170406014016.16FBD1202AB@ams.localdomain>
Apr  6 03:40:16 ams postfix/smtpd[1494]: Anonymous TLS connection established from unknown[185.76.77.138]: TLSv1 with cipher AECDH-AES256-SHA (256/256 bits)
Apr  6 03:40:16 ams postfix/qmgr[11959]: 16FBD1202AB: from=<double-bounce@ams.localdomain>, size=946, nrcpt=1 (queue active)
Apr  6 03:40:16 ams postfix/smtpd[1465]: disconnect from unknown[103.221.222.213] ehlo=1 mail=1 rcpt=0/1 quit=1 commands=3/4
Apr  6 03:40:16 ams postfix/smtpd[1494]: NOQUEUE: reject: RCPT from unknown[185.76.77.138]: 450 4.7.1 Client host rejected: cannot find your reverse hostname, [185.76.77.138]; from=<glenda@simamultimedia.com> to=<peter@vizart.dk> proto=ESMTP helo=<server.simamultimedia.com>
Apr  6 03:40:16 ams postfix/lmtp[1468]: 16FBD1202AB: to=<dennis@schafroth.dk>, orig_to=<postmaster>, relay=ams.localdomain[private/dovecot-lmtp], delay=0.12, delays=0.06/0/0/0.05, dsn=2.0.0, status=sent (250 2.0.0 <dennis@schafroth.dk> eXiDCYCc5Vi9BQAADK/SzQ Saved)
Apr  6 03:40:16 ams postfix/qmgr[11959]: 16FBD1202AB: removed
Apr  6 03:40:16 ams postfix/cleanup[1466]: 3D3181202AB: message-id=<20170406014016.3D3181202AB@ams.localdomain>
Apr  6 03:40:16 ams postfix/qmgr[11959]: 3D3181202AB: from=<double-bounce@ams.localdomain>, size=1401, nrcpt=1 (queue active)
Apr  6 03:40:16 ams postfix/smtpd[1494]: disconnect from unknown[185.76.77.138] ehlo=2 starttls=1 mail=1 rcpt=0/1 data=0/1 rset=1 quit=1 commands=6/8
Apr  6 03:40:16 ams postfix/lmtp[1496]: 3D3181202AB: to=<dennis@schafroth.dk>, orig_to=<postmaster>, relay=ams.localdomain[private/dovecot-lmtp], delay=0.21, delays=0.04/0/0/0.17, dsn=2.0.0, status=sent (250 2.0.0 <dennis@schafroth.dk> sYBeEYCc5VjaBQAADK/SzQ Saved)
Apr  6 03:40:16 ams postfix/qmgr[11959]: 3D3181202AB: removed
Apr  6 03:41:01 ams postfix/smtpd[1193]: timeout after END-OF-MESSAGE from unknown[151.124.182.247]
Apr  6 03:41:56 ams postfix/scache[1497]: statistics: start interval Apr  6 03:39:54
Apr  6 03:41:56 ams postfix/scache[1497]: statistics: domain lookup hits=0 miss=1 success=0%
Apr  6 03:41:56 ams postfix/scache[1497]: statistics: max simultaneous domains=0 addresses=1 connection=1
Apr  6 03:42:10 ams postfix/smtpd[1720]: connect from mail93206.dotvndns.vn[112.213.93.206]
Apr  6 03:42:11 ams postfix/smtpd[1720]: Anonymous TLS connection established from mail93206.dotvndns.vn[112.213.93.206]: TLSv1 with cipher ECDHE-RSA-AES256-SHA (256/256 bits)
Apr  6 03:42:16 ams policyd-spf[1730]: prepend Received-SPF: Pass (mailfrom) identity=mailfrom; client-ip=112.213.93.206; helo=mail93206.dotvndns.vn; envelope-from=test@thepvietsms.com; receiver=<UNKNOWN>
Apr  6 03:42:16 ams postfix/smtpd[1720]: B7B411202AB: client=mail93206.dotvndns.vn[112.213.93.206]
Apr  6 03:42:17 ams postfix/cleanup[1731]: B7B411202AB: message-id=<51d514f320927fcb7704344b83b19946@gloriannliu.com>
Apr  6 03:42:17 ams postfix/qmgr[11959]: B7B411202AB: from=<test@thepvietsms.com>, size=2045, nrcpt=1 (queue active)
Apr  6 03:42:17 ams spamd[3653]: spamd: connection from localhost [127.0.0.1]:59720 to port 783, fd 6
Apr  6 03:42:17 ams spamd[3653]: spamd: setuid to dennis succeeded
Apr  6 03:42:17 ams spamd[3653]: config: not parsing, 'allow_user_rules' is 0: body DANSK_SCORET /Alle du kender får scoret/
Apr  6 03:42:17 ams spamd[3653]: config: failed to parse line, skipping, in "/export/home/dennis/.spamassassin/user_prefs": body DANSK_SCORET /Alle du kender får scoret/
Apr  6 03:42:17 ams spamd[3653]: config: not parsing, 'allow_user_rules' is 0: body ENG_SOFTWARE /When this program will install thousands/
Apr  6 03:42:17 ams spamd[3653]: config: failed to parse line, skipping, in "/export/home/dennis/.spamassassin/user_prefs": body ENG_SOFTWARE /When this program will install thousands/
Apr  6 03:42:17 ams spamd[3653]: spamd: processing message <51d514f320927fcb7704344b83b19946@gloriannliu.com> for dennis:1000
Apr  6 03:42:18 ams postfix/smtpd[1720]: disconnect from mail93206.dotvndns.vn[112.213.93.206] ehlo=2 starttls=1 mail=1 rcpt=1 data=1 quit=1 commands=7
Apr  6 03:42:19 ams spamd[3653]: spamd: identified spam (13.5/5.0) for dennis:1000 in 2.1 seconds, 2022 bytes.
Apr  6 03:42:19 ams spamd[3653]: spamd: result: Y 13 - BAYES_99,BAYES_999,HTML_MESSAGE,SPF_PASS scantime=2.1,size=2022,user=dennis,uid=1000,required_score=5.0,rhost=localhost,raddr=127.0.0.1,rport=59720,mid=<51d514f320927fcb7704344b83b19946@gloriannliu.com>,bayes=1.000000,autolearn=no autolearn_force=no
Apr  6 03:42:19 ams spamd[31676]: prefork: child states: II
Apr  6 03:42:19 ams postfix/pickup[29007]: CAD4B1202B0: uid=1000 from=<test@thepvietsms.com>
Apr  6 03:42:19 ams postfix/cleanup[1731]: CAD4B1202B0: message-id=<51d514f320927fcb7704344b83b19946@gloriannliu.com>
Apr  6 03:42:19 ams postfix/pipe[1733]: B7B411202AB: to=<peter@vizart.dk>, relay=spamassassin, delay=7.5, delays=5.2/0.01/0/2.3, dsn=2.0.0, status=sent (delivered via spamassassin service)
Apr  6 03:42:19 ams postfix/qmgr[11959]: B7B411202AB: removed
Apr  6 03:42:19 ams postfix/qmgr[11959]: CAD4B1202B0: from=<test@thepvietsms.com>, size=4665, nrcpt=1 (queue active)
Apr  6 03:42:19 ams postfix/lmtp[1738]: CAD4B1202B0: to=<peter@vizart.dk>, relay=ams.localdomain[private/dovecot-lmtp], delay=0.22, delays=0.15/0.01/0.02/0.04, dsn=2.0.0, status=sent (250 2.0.0 <peter@vizart.dk> dAinNfuc5VhXBgAADK/SzQ Saved)
Apr  6 03:42:19 ams postfix/qmgr[11959]: CAD4B1202B0: removed
Apr  6 03:43:42 ams postfix/smtpd[1720]: connect from unknown[213.230.91.101]
Apr  6 03:43:43 ams postfix/cleanup[1731]: 98D411202AB: message-id=<20170406014343.98D411202AB@ams.localdomain>
Apr  6 03:43:43 ams postfix/smtpd[1720]: disconnect from unknown[213.230.91.101] helo=1 auth=0/1 quit=1 commands=2/3
Apr  6 03:43:43 ams postfix/qmgr[11959]: 98D411202AB: from=<double-bounce@ams.localdomain>, size=655, nrcpt=1 (queue active)
Apr  6 03:43:43 ams postfix/lmtp[1738]: 98D411202AB: to=<dennis@schafroth.dk>, orig_to=<postmaster>, relay=ams.localdomain[private/dovecot-lmtp], delay=0.27, delays=0.2/0/0.02/0.04, dsn=2.0.0, status=sent (250 2.0.0 <dennis@schafroth.dk> Ug/yMk+d5VgXBwAADK/SzQ Saved)
Apr  6 03:43:43 ams postfix/qmgr[11959]: 98D411202AB: removed
Apr  6 03:43:45 ams postfix/smtpd[1720]: connect from 8753.ovz-ssd4.hc.ru[79.174.66.243]
Apr  6 03:43:45 ams postfix/smtpd[1720]: Anonymous TLS connection established from 8753.ovz-ssd4.hc.ru[79.174.66.243]: TLSv1 with cipher ECDHE-RSA-AES256-SHA (256/256 bits)
Apr  6 03:43:48 ams postfix/smtpd[1720]: NOQUEUE: reject: RCPT from 8753.ovz-ssd4.hc.ru[79.174.66.243]: 554 5.7.1 Service unavailable; Client host [79.174.66.243] blocked using zen.spamhaus.org; https://www.spamhaus.org/query/ip/79.174.66.243; from=<roberta@bit-mod.ru> to=<peter@vizart.dk> proto=ESMTP helo=<8753.ovz-ssd4.hc.ru>
Apr  6 03:43:49 ams postfix/cleanup[1731]: 0855B120248: message-id=<20170406014349.0855B120248@ams.localdomain>
Apr  6 03:43:49 ams postfix/smtpd[1720]: disconnect from 8753.ovz-ssd4.hc.ru[79.174.66.243] ehlo=2 starttls=1 mail=1 rcpt=0/1 data=0/1 quit=1 commands=5/7
Apr  6 03:43:49 ams postfix/qmgr[11959]: 0855B120248: from=<double-bounce@ams.localdomain>, size=1375, nrcpt=1 (queue active)
Apr  6 03:43:49 ams postfix/lmtp[1738]: 0855B120248: to=<dennis@schafroth.dk>, orig_to=<postmaster>, relay=ams.localdomain[private/dovecot-lmtp], delay=0.12, delays=0.05/0/0/0.07, dsn=2.0.0, status=sent (250 2.0.0 <dennis@schafroth.dk> OU4LBVWd5VgXBwAADK/SzQ Saved)
Apr  6 03:43:49 ams postfix/qmgr[11959]: 0855B120248: removed
Apr  6 03:46:01 ams postfix/smtpd[1193]: disconnect from unknown[151.124.182.247] ehlo=1 auth=1 mail=1 rcpt=1 data=1 commands=5
Apr  6 03:47:19 ams postfix/smtpd[2107]: connect from pix.bau.edu.jo[87.236.233.98]
Apr  6 03:47:20 ams postfix/cleanup[2108]: 4FB641202AB: message-id=<20170406014720.4FB641202AB@ams.localdomain>
Apr  6 03:47:20 ams postfix/smtpd[2107]: disconnect from pix.bau.edu.jo[87.236.233.98] helo=1 auth=0/1 quit=1 commands=2/3
Apr  6 03:47:20 ams postfix/qmgr[11959]: 4FB641202AB: from=<double-bounce@ams.localdomain>, size=661, nrcpt=1 (queue active)
Apr  6 03:47:20 ams postfix/lmtp[2110]: 4FB641202AB: to=<dennis@schafroth.dk>, orig_to=<postmaster>, relay=ams.localdomain[private/dovecot-lmtp], delay=0.2, delays=0.09/0.02/0.04/0.06, dsn=2.0.0, status=sent (250 2.0.0 <dennis@schafroth.dk> RFEHGyie5Vg/CAAADK/SzQ Saved)
Apr  6 03:47:20 ams postfix/qmgr[11959]: 4FB641202AB: removed
Apr  6 03:47:36 ams postfix/anvil[30581]: statistics: max connection rate 2/60s for (smtp:178.62.134.249) at Apr  6 03:39:54
Apr  6 03:47:36 ams postfix/anvil[30581]: statistics: max connection count 1 for (smtp:190.248.131.102) at Apr  6 03:39:39
