Apr  6 02:47:51 ams postfix/smtpd[29823]: NOQUEUE: reject: RCPT from lilleskutt.westbahr.com[195.24.224.90]: 550 5.7.23 <peter@vizart.dk>: Recipient address rejected: Message rejected due to: SPF fail - not authorized. Please see http://www.openspf.net/Why?s=mfrom;id=marian@osterbergs.net;ip=195.24.224.90;r=<UNKNOWN>; from=<marian@osterbergs.net> to=<peter@vizart.dk> proto=ESMTP helo=<lilleskutt.westbahr.com>
Apr  6 02:47:51 ams postfix/cleanup[29866]: 5FB35120137: message-id=<20170406004751.5FB35120137@ams.localdomain>
Apr  6 02:47:51 ams postfix/smtpd[29823]: disconnect from lilleskutt.westbahr.com[195.24.224.90] ehlo=1 mail=1 rcpt=0/1 data=0/1 rset=1 quit=1 commands=4/6
Apr  6 02:47:51 ams postfix/qmgr[11959]: 5FB35120137: from=<double-bounce@ams.localdomain>, size=1238, nrcpt=1 (queue active)
Apr  6 02:47:51 ams postfix/lmtp[29868]: 5FB35120137: to=<dennis@schafroth.dk>, orig_to=<postmaster>, relay=ams.localdomain[private/dovecot-lmtp], delay=0.39, delays=0.05/0.02/0.03/0.29, dsn=2.0.0, status=sent (250 2.0.0 <dennis@schafroth.dk> +mdVHDeQ5VitdAAADK/SzQ Saved)
Apr  6 02:47:51 ams postfix/qmgr[11959]: 5FB35120137: removed
Apr  6 02:50:04 ams postfix/smtpd[30032]: connect from p5098d18e.dip0.t-ipconnect.de[80.152.209.142]
Apr  6 02:50:04 ams postfix/cleanup[30034]: A3C301201E0: message-id=<20170406005004.A3C301201E0@ams.localdomain>
Apr  6 02:50:04 ams postfix/smtpd[30032]: disconnect from p5098d18e.dip0.t-ipconnect.de[80.152.209.142] helo=1 auth=0/1 quit=1 commands=2/3
Apr  6 02:50:04 ams postfix/qmgr[11959]: A3C301201E0: from=<double-bounce@ams.localdomain>, size=677, nrcpt=1 (queue active)
Apr  6 02:50:04 ams postfix/lmtp[30037]: A3C301201E0: to=<dennis@schafroth.dk>, orig_to=<postmaster>, relay=ams.localdomain[private/dovecot-lmtp], delay=0.16, delays=0.06/0.02/0.03/0.04, dsn=2.0.0, status=sent (250 2.0.0 <dennis@schafroth.dk> SbAALryQ5VhWdQAADK/SzQ Saved)
Apr  6 02:50:04 ams postfix/qmgr[11959]: A3C301201E0: removed
Apr  6 02:50:11 ams postfix/smtpd[30032]: connect from malta1421.jolis.net[85.25.213.82]
Apr  6 02:50:11 ams postfix/smtpd[30032]: Anonymous TLS connection established from malta1421.jolis.net[85.25.213.82]: TLSv1 with cipher AECDH-AES256-SHA (256/256 bits)
Apr  6 02:50:15 ams policyd-spf[30049]: prepend Received-SPF: None (mailfrom) identity=mailfrom; client-ip=85.25.213.82; helo=malta1421.jolis.net; envelope-from=inkwasiibwe@unche.or.ug; receiver=<UNKNOWN>
Apr  6 02:50:15 ams postfix/smtpd[30032]: AD844120137: client=malta1421.jolis.net[85.25.213.82]
Apr  6 02:50:15 ams postfix/cleanup[30034]: AD844120137: message-id=<70c2b8b653720a7347ac75060ec7fd55@ilturturizm.com>
Apr  6 02:50:15 ams postfix/qmgr[11959]: AD844120137: from=<inkwasiibwe@unche.or.ug>, size=2322, nrcpt=1 (queue active)
Apr  6 02:50:15 ams postfix/smtpd[30032]: disconnect from malta1421.jolis.net[85.25.213.82] ehlo=2 starttls=1 mail=1 rcpt=1 data=1 quit=1 commands=7
Apr  6 02:50:15 ams spamd[3653]: spamd: connection from localhost [127.0.0.1]:59478 to port 783, fd 6
Apr  6 02:50:15 ams spamd[3653]: spamd: setuid to dennis succeeded
Apr  6 02:50:15 ams spamd[3653]: config: not parsing, 'allow_user_rules' is 0: body DANSK_SCORET /Alle du kender får scoret/
Apr  6 02:50:15 ams spamd[3653]: config: failed to parse line, skipping, in "/export/home/dennis/.spamassassin/user_prefs": body DANSK_SCORET /Alle du kender får scoret/
Apr  6 02:50:15 ams spamd[3653]: config: not parsing, 'allow_user_rules' is 0: body ENG_SOFTWARE /When this program will install thousands/
Apr  6 02:50:15 ams spamd[3653]: config: failed to parse line, skipping, in "/export/home/dennis/.spamassassin/user_prefs": body ENG_SOFTWARE /When this program will install thousands/
Apr  6 02:50:15 ams spamd[3653]: spamd: processing message <70c2b8b653720a7347ac75060ec7fd55@ilturturizm.com> for dennis:1000
Apr  6 02:50:18 ams spamd[3653]: spamd: identified spam (18.2/5.0) for dennis:1000 in 2.7 seconds, 2299 bytes.
Apr  6 02:50:18 ams spamd[3653]: spamd: result: Y 18 - BAYES_99,BAYES_999,HTML_MESSAGE,RCVD_IN_BL_SPAMCOP_NET,RCVD_IN_SBL_CSS scantime=2.7,size=2299,user=dennis,uid=1000,required_score=5.0,rhost=localhost,raddr=127.0.0.1,rport=59478,mid=<70c2b8b653720a7347ac75060ec7fd55@ilturturizm.com>,bayes=1.000000,autolearn=no autolearn_force=no
Apr  6 02:50:18 ams postfix/pickup[29007]: 9E5AB1202B0: uid=1000 from=<inkwasiibwe@unche.or.ug>
Apr  6 02:50:18 ams postfix/cleanup[30034]: 9E5AB1202B0: message-id=<70c2b8b653720a7347ac75060ec7fd55@ilturturizm.com>
Apr  6 02:50:18 ams postfix/pipe[30050]: AD844120137: to=<peter@vizart.dk>, relay=spamassassin, delay=7.2, delays=4.4/0.02/0/2.8, dsn=2.0.0, status=sent (delivered via spamassassin service)
Apr  6 02:50:18 ams postfix/qmgr[11959]: AD844120137: removed
Apr  6 02:50:18 ams postfix/qmgr[11959]: 9E5AB1202B0: from=<inkwasiibwe@unche.or.ug>, size=5307, nrcpt=1 (queue active)
Apr  6 02:50:18 ams spamd[31676]: prefork: child states: II
Apr  6 02:50:18 ams postfix/lmtp[30037]: 9E5AB1202B0: to=<peter@vizart.dk>, relay=ams.localdomain[private/dovecot-lmtp], delay=0.38, delays=0.11/0/0/0.27, dsn=2.0.0, status=sent (250 2.0.0 <peter@vizart.dk> GefIKMqQ5VhWdQAADK/SzQ Saved)
Apr  6 02:50:18 ams postfix/qmgr[11959]: 9E5AB1202B0: removed
Apr  6 02:50:20 ams postfix/smtpd[30040]: connect from unknown[1.55.193.131]
Apr  6 02:50:24 ams postfix/smtpd[30040]: NOQUEUE: reject: RCPT from unknown[1.55.193.131]: 554 5.7.1 Service unavailable; Client host [1.55.193.131] blocked using zen.spamhaus.org; https://www.spamhaus.org/query/ip/1.55.193.131; from=<> to=<peter@vizart.dk> proto=SMTP helo=<1.55.193.131>
Apr  6 02:50:25 ams postfix/smtpd[30040]: lost connection after RCPT from unknown[1.55.193.131]
Apr  6 02:50:25 ams postfix/cleanup[30034]: B8D7F1201E0: message-id=<20170406005025.B8D7F1201E0@ams.localdomain>
Apr  6 02:50:25 ams postfix/qmgr[11959]: B8D7F1201E0: from=<double-bounce@ams.localdomain>, size=813, nrcpt=1 (queue active)
Apr  6 02:50:25 ams postfix/smtpd[30040]: disconnect from unknown[1.55.193.131] helo=1 mail=1 rcpt=0/1 commands=2/3
Apr  6 02:50:25 ams postfix/lmtp[30037]: B8D7F1201E0: to=<dennis@schafroth.dk>, orig_to=<postmaster>, relay=ams.localdomain[private/dovecot-lmtp], delay=0.13, delays=0.09/0/0/0.04, dsn=2.0.0, status=sent (250 2.0.0 <dennis@schafroth.dk> IfltMtGQ5VhWdQAADK/SzQ Saved)
Apr  6 02:50:25 ams postfix/qmgr[11959]: B8D7F1201E0: removed
Apr  6 02:50:38 ams postfix/anvil[24948]: statistics: max connection rate 2/60s for (smtp:82.223.27.166) at Apr  6 02:41:10
Apr  6 02:50:38 ams postfix/anvil[24948]: statistics: max connection count 1 for (smtp:82.223.27.166) at Apr  6 02:41:08
Apr  6 02:50:38 ams postfix/anvil[24948]: statistics: max cache size 3 at Apr  6 02:50:20
Apr  6 02:52:47 ams postfix/smtpd[30236]: connect from mail.shazzzam.com[185.171.233.142]
Apr  6 02:52:47 ams postfix/smtpd[30236]: Anonymous TLS connection established from mail.shazzzam.com[185.171.233.142]: TLSv1 with cipher ECDHE-RSA-AES256-SHA (256/256 bits)
Apr  6 02:52:48 ams policyd-spf[30237]: prepend Received-SPF: Pass (mailfrom) identity=mailfrom; client-ip=185.171.233.142; helo=mail.shazzzam.com; envelope-from=jon@shazzzam.com; receiver=<UNKNOWN>
Apr  6 02:52:48 ams postfix/smtpd[30236]: 7B3191201E0: client=mail.shazzzam.com[185.171.233.142]
Apr  6 02:52:48 ams postfix/cleanup[30238]: 7B3191201E0: message-id=<ecf274c0bb33de18685156bd79173c20@shazzzam.com>
Apr  6 02:52:48 ams postfix/qmgr[11959]: 7B3191201E0: from=<jon@shazzzam.com>, size=19184, nrcpt=1 (queue active)
Apr  6 02:52:48 ams spamd[3653]: spamd: connection from localhost [127.0.0.1]:59492 to port 783, fd 6
Apr  6 02:52:48 ams spamd[3653]: spamd: setuid to dennis succeeded
Apr  6 02:52:48 ams spamd[3653]: config: not parsing, 'allow_user_rules' is 0: body DANSK_SCORET /Alle du kender får scoret/
Apr  6 02:52:48 ams spamd[3653]: config: failed to parse line, skipping, in "/export/home/dennis/.spamassassin/user_prefs": body DANSK_SCORET /Alle du kender får scoret/
Apr  6 02:52:48 ams spamd[3653]: config: not parsing, 'allow_user_rules' is 0: body ENG_SOFTWARE /When this program will install thousands/
Apr  6 02:52:48 ams spamd[3653]: config: failed to parse line, skipping, in "/export/home/dennis/.spamassassin/user_prefs": body ENG_SOFTWARE /When this program will install thousands/
Apr  6 02:52:48 ams postfix/smtpd[30236]: disconnect from mail.shazzzam.com[185.171.233.142] ehlo=2 starttls=1 mail=1 rcpt=1 data=1 quit=1 commands=7
Apr  6 02:52:48 ams spamd[3653]: spamd: processing message <ecf274c0bb33de18685156bd79173c20@shazzzam.com> for dennis:1000
Apr  6 02:52:55 ams spamd[3653]: spamd: identified spam (5.5/5.0) for dennis:1000 in 7.1 seconds, 18660 bytes.
Apr  6 02:52:55 ams spamd[3653]: spamd: result: Y 5 - BAYES_50,DKIM_SIGNED,DKIM_VALID,DKIM_VALID_AU,HTML_IMAGE_RATIO_04,HTML_MESSAGE,SPF_PASS,T_RP_MATCHES_RCVD,URIBL_BLACK,URIBL_DBL_SPAM,URIBL_SBL_A scantime=7.1,size=18660,user=dennis,uid=1000,required_score=5.0,rhost=localhost,raddr=127.0.0.1,rport=59492,mid=<ecf274c0bb33de18685156bd79173c20@shazzzam.com>,bayes=0.500000,autolearn=no autolearn_force=no
Apr  6 02:52:55 ams postfix/pickup[29007]: DF16B120137: uid=1000 from=<jon@shazzzam.com>
Apr  6 02:52:55 ams postfix/pipe[30239]: 7B3191201E0: to=<peter@vizart.dk>, relay=spamassassin, delay=8.2, delays=0.94/0.02/0/7.2, dsn=2.0.0, status=sent (delivered via spamassassin service)
Apr  6 02:52:55 ams postfix/qmgr[11959]: 7B3191201E0: removed
Apr  6 02:52:55 ams postfix/cleanup[30238]: DF16B120137: message-id=<ecf274c0bb33de18685156bd79173c20@shazzzam.com>
Apr  6 02:52:55 ams postfix/qmgr[11959]: DF16B120137: from=<jon@shazzzam.com>, size=22599, nrcpt=1 (queue active)
Apr  6 02:52:56 ams spamd[31676]: prefork: child states: II
Apr  6 02:52:56 ams postfix/lmtp[30244]: DF16B120137: to=<peter@vizart.dk>, relay=ams.localdomain[private/dovecot-lmtp], delay=0.26, delays=0.11/0.03/0.06/0.05, dsn=2.0.0, status=sent (250 2.0.0 <peter@vizart.dk> yQBEAmiR5VgldgAADK/SzQ Saved)
Apr  6 02:52:56 ams postfix/qmgr[11959]: DF16B120137: removed
Apr  6 02:53:57 ams postfix/smtpd[30236]: connect from web02.bizmac.vn[45.117.76.166]
Apr  6 02:54:10 ams policyd-spf[30237]: prepend Received-SPF: None (mailfrom) identity=mailfrom; client-ip=45.117.76.166; helo=hepzaesc.org.vn; envelope-from=angie@hepzaesc.org.vn; receiver=<UNKNOWN>
Apr  6 02:54:10 ams postfix/smtpd[30236]: 55A441201E0: client=web02.bizmac.vn[45.117.76.166]
Apr  6 02:54:11 ams postfix/cleanup[30238]: 55A441201E0: message-id=<fcb9085f46f79972cc34669d6975e0eb@hepzaesc.org.vn>
Apr  6 02:54:11 ams postfix/qmgr[11959]: 55A441201E0: from=<angie@hepzaesc.org.vn>, size=1656, nrcpt=1 (queue active)
Apr  6 02:54:11 ams spamd[3653]: spamd: connection from localhost [127.0.0.1]:59496 to port 783, fd 6
Apr  6 02:54:11 ams spamd[3653]: spamd: setuid to dennis succeeded
Apr  6 02:54:11 ams spamd[3653]: config: not parsing, 'allow_user_rules' is 0: body DANSK_SCORET /Alle du kender får scoret/
Apr  6 02:54:11 ams spamd[3653]: config: failed to parse line, skipping, in "/export/home/dennis/.spamassassin/user_prefs": body DANSK_SCORET /Alle du kender får scoret/
Apr  6 02:54:11 ams spamd[3653]: config: not parsing, 'allow_user_rules' is 0: body ENG_SOFTWARE /When this program will install thousands/
Apr  6 02:54:11 ams spamd[3653]: config: failed to parse line, skipping, in "/export/home/dennis/.spamassassin/user_prefs": body ENG_SOFTWARE /When this program will install thousands/
Apr  6 02:54:11 ams spamd[3653]: spamd: processing message <fcb9085f46f79972cc34669d6975e0eb@hepzaesc.org.vn> for dennis:1000
Apr  6 02:54:11 ams postfix/smtpd[30265]: warning: hostname dsl-201-99-60-39-sta.prod-empresarial.com.mx does not resolve to address 201.99.60.39: Name or service not known
Apr  6 02:54:11 ams postfix/smtpd[30265]: connect from unknown[201.99.60.39]
Apr  6 02:54:11 ams postfix/smtpd[30265]: lost connection after CONNECT from unknown[201.99.60.39]
Apr  6 02:54:11 ams postfix/smtpd[30265]: disconnect from unknown[201.99.60.39] commands=0/0
Apr  6 02:54:11 ams postfix/smtpd[30236]: disconnect from web02.bizmac.vn[45.117.76.166] ehlo=1 mail=1 rcpt=1 data=1 quit=1 commands=5
Apr  6 02:54:15 ams spamd[3653]: spamd: identified spam (17.5/5.0) for dennis:1000 in 4.2 seconds, 1644 bytes.
Apr  6 02:54:15 ams spamd[3653]: spamd: result: Y 17 - BAYES_99,BAYES_999,HTML_MESSAGE,RCVD_IN_BRBL_LASTEXT scantime=4.2,size=1644,user=dennis,uid=1000,required_score=5.0,rhost=localhost,raddr=127.0.0.1,rport=59496,mid=<fcb9085f46f79972cc34669d6975e0eb@hepzaesc.org.vn>,bayes=1.000000,autolearn=no autolearn_force=no
Apr  6 02:54:15 ams postfix/pickup[29007]: D3225120137: uid=1000 from=<angie@hepzaesc.org.vn>
Apr  6 02:54:15 ams postfix/cleanup[30238]: D3225120137: message-id=<fcb9085f46f79972cc34669d6975e0eb@hepzaesc.org.vn>
Apr  6 02:54:15 ams postfix/pipe[30239]: 55A441201E0: to=<peter@vizart.dk>, relay=spamassassin, delay=17, delays=13/0/0/4.4, dsn=2.0.0, status=sent (delivered via spamassassin service)
Apr  6 02:54:15 ams postfix/qmgr[11959]: 55A441201E0: removed
Apr  6 02:54:15 ams postfix/qmgr[11959]: D3225120137: from=<angie@hepzaesc.org.vn>, size=4378, nrcpt=1 (queue active)
Apr  6 02:54:15 ams spamd[31676]: prefork: child states: II
Apr  6 02:54:15 ams postfix/lmtp[30244]: D3225120137: to=<peter@vizart.dk>, relay=ams.localdomain[private/dovecot-lmtp], delay=0.23, delays=0.13/0/0.05/0.05, dsn=2.0.0, status=sent (250 2.0.0 <peter@vizart.dk> 3ZznN7eR5VhAdgAADK/SzQ Saved)
Apr  6 02:54:15 ams postfix/qmgr[11959]: D3225120137: removed
Apr  6 02:57:31 ams postfix/anvil[24948]: statistics: max connection rate 1/60s for (smtp:185.171.233.142) at Apr  6 02:52:47
Apr  6 02:57:31 ams postfix/anvil[24948]: statistics: max connection count 1 for (smtp:185.171.233.142) at Apr  6 02:52:47
Apr  6 02:57:31 ams postfix/anvil[24948]: statistics: max cache size 2 at Apr  6 02:54:11
Apr  6 02:57:36 ams postfix/smtpd[30577]: connect from ip184-15-15-186.ct.co.cr[186.15.15.184]
Apr  6 02:57:37 ams postfix/cleanup[30582]: 033FB120137: message-id=<20170406005737.033FB120137@ams.localdomain>
Apr  6 02:57:37 ams postfix/smtpd[30577]: disconnect from ip184-15-15-186.ct.co.cr[186.15.15.184] helo=1 auth=0/1 quit=1 commands=2/3
Apr  6 02:57:37 ams postfix/qmgr[11959]: 033FB120137: from=<double-bounce@ams.localdomain>, size=671, nrcpt=1 (queue active)
Apr  6 02:57:37 ams postfix/lmtp[30585]: 033FB120137: to=<dennis@schafroth.dk>, orig_to=<postmaster>, relay=ams.localdomain[private/dovecot-lmtp], delay=0.16, delays=0.07/0.01/0.03/0.05, dsn=2.0.0, status=sent (250 2.0.0 <dennis@schafroth.dk> qSrXBoGS5Vh6dwAADK/SzQ Saved)
Apr  6 02:57:37 ams postfix/qmgr[11959]: 033FB120137: removed
Apr  6 02:59:15 ams postfix/smtpd[30577]: connect from ds-38317.ds-10.com[46.32.250.32]
Apr  6 02:59:15 ams postfix/smtpd[30577]: Anonymous TLS connection established from ds-38317.ds-10.com[46.32.250.32]: TLSv1 with cipher ECDHE-RSA-AES256-SHA (256/256 bits)
Apr  6 02:59:17 ams policyd-spf[30633]: prepend Received-SPF: None (mailfrom) identity=mailfrom; client-ip=46.32.250.32; helo=ds-38317.ds-10.com; envelope-from=chapo100@thechapolympiad.com; receiver=<UNKNOWN>
Apr  6 02:59:17 ams postfix/smtpd[30577]: 6E9DF120137: client=ds-38317.ds-10.com[46.32.250.32]
Apr  6 02:59:17 ams postfix/cleanup[30634]: 6E9DF120137: message-id=<1d36e378732061efc143694239af26b4@tapflordeminas.com.br>
Apr  6 02:59:17 ams postfix/qmgr[11959]: 6E9DF120137: from=<chapo100@thechapolympiad.com>, size=3622, nrcpt=1 (queue active)
Apr  6 02:59:17 ams spamd[3653]: spamd: connection from localhost [127.0.0.1]:59520 to port 783, fd 6
Apr  6 02:59:17 ams spamd[3653]: spamd: setuid to dennis succeeded
Apr  6 02:59:17 ams spamd[3653]: config: not parsing, 'allow_user_rules' is 0: body DANSK_SCORET /Alle du kender får scoret/
Apr  6 02:59:17 ams spamd[3653]: config: failed to parse line, skipping, in "/export/home/dennis/.spamassassin/user_prefs": body DANSK_SCORET /Alle du kender får scoret/
Apr  6 02:59:17 ams spamd[3653]: config: not parsing, 'allow_user_rules' is 0: body ENG_SOFTWARE /When this program will install thousands/
Apr  6 02:59:17 ams spamd[3653]: config: failed to parse line, skipping, in "/export/home/dennis/.spamassassin/user_prefs": body ENG_SOFTWARE /When this program will install thousands/
Apr  6 02:59:17 ams spamd[3653]: spamd: processing message <1d36e378732061efc143694239af26b4@tapflordeminas.com.br> for dennis:1000
Apr  6 02:59:17 ams postfix/smtpd[30577]: disconnect from ds-38317.ds-10.com[46.32.250.32] ehlo=2 starttls=1 mail=1 rcpt=1 data=1 quit=1 commands=7
Apr  6 02:59:21 ams spamd[3653]: spamd: identified spam (13.6/5.0) for dennis:1000 in 4.4 seconds, 3585 bytes.
Apr  6 02:59:21 ams spamd[3653]: spamd: result: Y 13 - BAYES_99,BAYES_999,DKIM_SIGNED,HTML_MESSAGE,T_DKIM_INVALID scantime=4.4,size=3585,user=dennis,uid=1000,required_score=5.0,rhost=localhost,raddr=127.0.0.1,rport=59520,mid=<1d36e378732061efc143694239af26b4@tapflordeminas.com.br>,bayes=1.000000,autolearn=no autolearn_force=no
Apr  6 02:59:22 ams postfix/pickup[29007]: 160811201E0: uid=1000 from=<chapo100@thechapolympiad.com>
Apr  6 02:59:22 ams postfix/cleanup[30634]: 160811201E0: message-id=<1d36e378732061efc143694239af26b4@tapflordeminas.com.br>
Apr  6 02:59:22 ams postfix/pipe[30635]: 6E9DF120137: to=<peter@vizart.dk>, relay=spamassassin, delay=6.1, delays=1.5/0.02/0/4.6, dsn=2.0.0, status=sent (delivered via spamassassin service)
Apr  6 02:59:22 ams postfix/qmgr[11959]: 6E9DF120137: removed
Apr  6 02:59:22 ams postfix/qmgr[11959]: 160811201E0: from=<chapo100@thechapolympiad.com>, size=6457, nrcpt=1 (queue active)
Apr  6 02:59:22 ams spamd[31676]: prefork: child states: II
Apr  6 02:59:22 ams postfix/lmtp[30645]: 160811201E0: to=<peter@vizart.dk>, relay=ams.localdomain[private/dovecot-lmtp], delay=0.21, delays=0.08/0.02/0.04/0.06, dsn=2.0.0, status=sent (250 2.0.0 <peter@vizart.dk> H7svC+qS5Vi2dwAADK/SzQ Saved)
Apr  6 02:59:22 ams postfix/qmgr[11959]: 160811201E0: removed
Apr  6 03:00:38 ams postfix/smtpd[30577]: connect from velabis.lebs.cnrs-gif.fr[157.136.28.10]
Apr  6 03:00:39 ams postfix/smtpd[30577]: NOQUEUE: reject: RCPT from velabis.lebs.cnrs-gif.fr[157.136.28.10]: 450 4.1.8 <renault@lnahocc2bas.lebs.cnrs-gif.fr>: Sender address rejected: Domain not found; from=<renault@lnahocc2bas.lebs.cnrs-gif.fr> to=<peter@vizart.dk> proto=ESMTP helo=<mailhost.lebs.cnrs-gif.fr>
Apr  6 03:00:39 ams postfix/cleanup[30634]: 4B74F1201E0: message-id=<20170406010039.4B74F1201E0@ams.localdomain>
Apr  6 03:00:39 ams postfix/smtpd[31068]: connect from velabis.lebs.cnrs-gif.fr[157.136.28.10]
Apr  6 03:00:39 ams postfix/smtpd[30577]: disconnect from velabis.lebs.cnrs-gif.fr[157.136.28.10] ehlo=1 mail=1 rcpt=0/1 data=0/1 rset=1 quit=1 commands=4/6
Apr  6 03:00:39 ams postfix/qmgr[11959]: 4B74F1201E0: from=<double-bounce@ams.localdomain>, size=1132, nrcpt=1 (queue active)
Apr  6 03:00:39 ams postfix/smtpd[31068]: NOQUEUE: reject: RCPT from velabis.lebs.cnrs-gif.fr[157.136.28.10]: 450 4.1.8 <renault@lnahocc2bas.lebs.cnrs-gif.fr>: Sender address rejected: Domain not found; from=<renault@lnahocc2bas.lebs.cnrs-gif.fr> to=<peter@vizart.dk> proto=ESMTP helo=<mailhost.lebs.cnrs-gif.fr>
Apr  6 03:00:39 ams postfix/cleanup[30634]: 652301202B0: message-id=<20170406010039.652301202B0@ams.localdomain>
Apr  6 03:00:39 ams postfix/smtpd[31068]: disconnect from velabis.lebs.cnrs-gif.fr[157.136.28.10] ehlo=1 mail=1 rcpt=0/1 data=0/1 rset=1 quit=1 commands=4/6
Apr  6 03:00:39 ams postfix/qmgr[11959]: 652301202B0: from=<double-bounce@ams.localdomain>, size=1132, nrcpt=1 (queue active)
Apr  6 03:00:39 ams postfix/lmtp[30645]: 4B74F1201E0: to=<dennis@schafroth.dk>, orig_to=<postmaster>, relay=ams.localdomain[private/dovecot-lmtp], delay=0.21, delays=0.05/0/0.03/0.12, dsn=2.0.0, status=sent (250 2.0.0 <dennis@schafroth.dk> 5X1PFzeT5VhdeQAADK/SzQ Saved)
Apr  6 03:00:39 ams postfix/qmgr[11959]: 4B74F1201E0: removed
Apr  6 03:00:39 ams postfix/lmtp[31071]: 652301202B0: to=<dennis@schafroth.dk>, orig_to=<postmaster>, relay=ams.localdomain[private/dovecot-lmtp], delay=0.23, delays=0.06/0.02/0.02/0.13, dsn=2.0.0, status=sent (250 2.0.0 <dennis@schafroth.dk> 6X1PFzeT5VhdeQAADK/SzQ Saved)
Apr  6 03:00:39 ams postfix/qmgr[11959]: 652301202B0: removed
Apr  6 03:01:29 ams postfix/smtpd[30577]: connect from 47-34-69-228.dhcp.stls.mo.charter.com[47.34.69.228]
Apr  6 03:01:29 ams postfix/smtpd[30577]: lost connection after CONNECT from 47-34-69-228.dhcp.stls.mo.charter.com[47.34.69.228]
Apr  6 03:01:29 ams postfix/smtpd[30577]: disconnect from 47-34-69-228.dhcp.stls.mo.charter.com[47.34.69.228] commands=0/0
Apr  6 03:03:37 ams postfix/smtpd[31257]: connect from unknown[119.29.141.99]
Apr  6 03:03:39 ams postfix/smtpd[31257]: NOQUEUE: reject: RCPT from unknown[119.29.141.99]: 450 4.7.1 Client host rejected: cannot find your reverse hostname, [119.29.141.99]; from=<sheryl@liukangkang.com> to=<peter@vizart.dk> proto=ESMTP helo=<VM_228_3_centos.localdomain>
Apr  6 03:03:40 ams postfix/cleanup[31260]: 1F0D81201E0: message-id=<20170406010340.1F0D81201E0@ams.localdomain>
Apr  6 03:03:40 ams postfix/qmgr[11959]: 1F0D81201E0: from=<double-bounce@ams.localdomain>, size=1094, nrcpt=1 (queue active)
Apr  6 03:03:40 ams postfix/smtpd[31257]: disconnect from unknown[119.29.141.99] ehlo=1 mail=1 rcpt=0/1 data=0/1 rset=1 quit=1 commands=4/6
Apr  6 03:03:40 ams postfix/lmtp[31262]: 1F0D81201E0: to=<dennis@schafroth.dk>, orig_to=<postmaster>, relay=ams.localdomain[private/dovecot-lmtp], delay=0.28, delays=0.17/0.02/0.02/0.07, dsn=2.0.0, status=sent (250 2.0.0 <dennis@schafroth.dk> im0nE+yT5VhgeQAADK/SzQ Saved)
Apr  6 03:03:40 ams postfix/qmgr[11959]: 1F0D81201E0: removed
Apr  6 03:03:40 ams postfix/smtpd[31257]: connect from unknown[119.29.141.99]
Apr  6 03:03:41 ams postfix/smtpd[31257]: NOQUEUE: reject: RCPT from unknown[119.29.141.99]: 450 4.7.1 Client host rejected: cannot find your reverse hostname, [119.29.141.99]; from=<sheryl@liukangkang.com> to=<peter@vizart.dk> proto=ESMTP helo=<VM_228_3_centos.localdomain>
Apr  6 03:03:41 ams postfix/cleanup[31260]: CA608120137: message-id=<20170406010341.CA608120137@ams.localdomain>
Apr  6 03:03:41 ams postfix/qmgr[11959]: CA608120137: from=<double-bounce@ams.localdomain>, size=1094, nrcpt=1 (queue active)
Apr  6 03:03:41 ams postfix/smtpd[31257]: disconnect from unknown[119.29.141.99] ehlo=1 mail=1 rcpt=0/1 data=0/1 rset=1 quit=1 commands=4/6
Apr  6 03:03:41 ams postfix/lmtp[31262]: CA608120137: to=<dennis@schafroth.dk>, orig_to=<postmaster>, relay=ams.localdomain[private/dovecot-lmtp], delay=0.09, delays=0.04/0/0/0.04, dsn=2.0.0, status=sent (250 2.0.0 <dennis@schafroth.dk> icINNO2T5VhgeQAADK/SzQ Saved)
Apr  6 03:03:41 ams postfix/qmgr[11959]: CA608120137: removed
Apr  6 03:04:25 ams postfix/smtpd[31257]: connect from unknown[42.114.81.250]
Apr  6 03:04:28 ams postfix/smtpd[31257]: NOQUEUE: reject: RCPT from unknown[42.114.81.250]: 554 5.7.1 Service unavailable; Client host [42.114.81.250] blocked using zen.spamhaus.org; https://www.spamhaus.org/query/ip/42.114.81.250; from=<> to=<admin@vizart.dk> proto=SMTP helo=<42.114.81.250>
Apr  6 03:04:28 ams postfix/smtpd[31257]: lost connection after RCPT from unknown[42.114.81.250]
Apr  6 03:04:28 ams postfix/cleanup[31260]: B436E120137: message-id=<20170406010428.B436E120137@ams.localdomain>
Apr  6 03:04:28 ams postfix/smtpd[31257]: disconnect from unknown[42.114.81.250] helo=1 mail=1 rcpt=0/1 commands=2/3
Apr  6 03:04:28 ams postfix/qmgr[11959]: B436E120137: from=<double-bounce@ams.localdomain>, size=817, nrcpt=1 (queue active)
Apr  6 03:04:28 ams postfix/lmtp[31262]: B436E120137: to=<dennis@schafroth.dk>, orig_to=<postmaster>, relay=ams.localdomain[private/dovecot-lmtp], delay=0.18, delays=0.14/0/0/0.04, dsn=2.0.0, status=sent (250 2.0.0 <dennis@schafroth.dk> ycVlNByU5VhgeQAADK/SzQ Saved)
Apr  6 03:04:28 ams postfix/qmgr[11959]: B436E120137: removed
Apr  6 03:05:11 ams postfix/smtpd[31257]: connect from 96-66-208-153-static.hfc.comcastbusiness.net[96.66.208.153]
Apr  6 03:05:12 ams postfix/cleanup[31260]: 964921201E0: message-id=<20170406010512.964921201E0@ams.localdomain>
Apr  6 03:05:12 ams postfix/smtpd[31257]: disconnect from 96-66-208-153-static.hfc.comcastbusiness.net[96.66.208.153] helo=1 auth=0/1 quit=1 commands=2/3
Apr  6 03:05:12 ams postfix/qmgr[11959]: 964921201E0: from=<double-bounce@ams.localdomain>, size=691, nrcpt=1 (queue active)
Apr  6 03:05:12 ams postfix/lmtp[31262]: 964921201E0: to=<dennis@schafroth.dk>, orig_to=<postmaster>, relay=ams.localdomain[private/dovecot-lmtp], delay=0.09, delays=0.05/0/0/0.04, dsn=2.0.0, status=sent (250 2.0.0 <dennis@schafroth.dk> AfzgJ0iU5VhgeQAADK/SzQ Saved)
Apr  6 03:05:12 ams postfix/qmgr[11959]: 964921201E0: removed
Apr  6 03:06:38 ams postfix/smtpd[31257]: connect from unknown[85.214.225.68]
Apr  6 03:06:38 ams postfix/smtpd[31257]: Anonymous TLS connection established from unknown[85.214.225.68]: TLSv1 with cipher AECDH-AES256-SHA (256/256 bits)
Apr  6 03:06:38 ams postfix/smtpd[31257]: NOQUEUE: reject: RCPT from unknown[85.214.225.68]: 450 4.7.1 Client host rejected: cannot find your reverse hostname, [85.214.225.68]; from=<gertrude@wenzelbach.de> to=<peter@vizart.dk> proto=ESMTP helo=<h1995444.stratoserver.net>
Apr  6 03:06:38 ams postfix/cleanup[31260]: 626141201E0: message-id=<20170406010638.626141201E0@ams.localdomain>
Apr  6 03:06:38 ams postfix/smtpd[31509]: connect from unknown[85.214.225.68]
Apr  6 03:06:38 ams postfix/smtpd[31257]: disconnect from unknown[85.214.225.68] ehlo=2 starttls=1 mail=1 rcpt=0/1 data=0/1 rset=1 quit=1 commands=6/8
Apr  6 03:06:38 ams postfix/qmgr[11959]: 626141201E0: from=<double-bounce@ams.localdomain>, size=1398, nrcpt=1 (queue active)
Apr  6 03:06:38 ams postfix/smtpd[31509]: Anonymous TLS connection established from unknown[85.214.225.68]: TLSv1 with cipher AECDH-AES256-SHA (256/256 bits)
Apr  6 03:06:38 ams postfix/lmtp[31262]: 626141201E0: to=<dennis@schafroth.dk>, orig_to=<postmaster>, relay=ams.localdomain[private/dovecot-lmtp], delay=0.17, delays=0.09/0/0.02/0.06, dsn=2.0.0, status=sent (250 2.0.0 <dennis@schafroth.dk> y0CqHp6U5VgXewAADK/SzQ Saved)
Apr  6 03:06:38 ams postfix/qmgr[11959]: 626141201E0: removed
Apr  6 03:06:38 ams postfix/smtpd[31509]: NOQUEUE: reject: RCPT from unknown[85.214.225.68]: 450 4.7.1 Client host rejected: cannot find your reverse hostname, [85.214.225.68]; from=<gertrude@wenzelbach.de> to=<peter@vizart.dk> proto=ESMTP helo=<h1995444.stratoserver.net>
Apr  6 03:06:38 ams postfix/cleanup[31260]: A08781201E0: message-id=<20170406010638.A08781201E0@ams.localdomain>
Apr  6 03:06:38 ams postfix/smtpd[31509]: disconnect from unknown[85.214.225.68] ehlo=2 starttls=1 mail=1 rcpt=0/1 data=0/1 rset=1 quit=1 commands=6/8
Apr  6 03:06:38 ams postfix/qmgr[11959]: A08781201E0: from=<double-bounce@ams.localdomain>, size=1398, nrcpt=1 (queue active)
Apr  6 03:06:38 ams postfix/lmtp[31262]: A08781201E0: to=<dennis@schafroth.dk>, orig_to=<postmaster>, relay=ams.localdomain[private/dovecot-lmtp], delay=0.11, delays=0.05/0/0.01/0.05, dsn=2.0.0, status=sent (250 2.0.0 <dennis@schafroth.dk> z0CqHp6U5VgXewAADK/SzQ Saved)
Apr  6 03:06:38 ams postfix/qmgr[11959]: A08781201E0: removed
Apr  6 03:06:39 ams postfix/smtpd[31257]: warning: hostname sid.sideeffectz.com does not resolve to address 192.254.219.227: Name or service not known
Apr  6 03:06:39 ams postfix/smtpd[31257]: connect from unknown[192.254.219.227]
Apr  6 03:06:39 ams postfix/smtpd[31257]: Anonymous TLS connection established from unknown[192.254.219.227]: TLSv1 with cipher ADH-AES256-SHA (256/256 bits)
Apr  6 03:06:39 ams postfix/smtpd[31257]: NOQUEUE: reject: RCPT from unknown[192.254.219.227]: 450 4.1.8 <runkle@sid.sideeffectz.com>: Sender address rejected: Domain not found; from=<runkle@sid.sideeffectz.com> to=<peter@vizart.dk> proto=ESMTP helo=<sid.sideeffectz.com>
Apr  6 03:06:40 ams postfix/cleanup[31260]: 3FCCE1201E0: message-id=<20170406010640.3FCCE1201E0@ams.localdomain>
Apr  6 03:06:40 ams postfix/smtpd[31257]: disconnect from unknown[192.254.219.227] ehlo=2 starttls=1 mail=1 rcpt=0/1 data=0/1 rset=1 quit=1 commands=6/8
Apr  6 03:06:40 ams postfix/qmgr[11959]: 3FCCE1201E0: from=<double-bounce@ams.localdomain>, size=1391, nrcpt=1 (queue active)
Apr  6 03:06:40 ams postfix/lmtp[31262]: 3FCCE1201E0: to=<dennis@schafroth.dk>, orig_to=<postmaster>, relay=ams.localdomain[private/dovecot-lmtp], delay=0.11, delays=0.07/0/0/0.04, dsn=2.0.0, status=sent (250 2.0.0 <dennis@schafroth.dk> qeQEFKCU5VgXewAADK/SzQ Saved)
Apr  6 03:06:40 ams postfix/qmgr[11959]: 3FCCE1201E0: removed
Apr  6 03:06:40 ams postfix/smtpd[31509]: warning: hostname sid.sideeffectz.com does not resolve to address 192.254.219.227: Name or service not known
Apr  6 03:06:40 ams postfix/smtpd[31509]: connect from unknown[192.254.219.227]
Apr  6 03:06:41 ams postfix/smtpd[31509]: Anonymous TLS connection established from unknown[192.254.219.227]: TLSv1 with cipher ADH-AES256-SHA (256/256 bits)
Apr  6 03:06:41 ams postfix/smtpd[31509]: NOQUEUE: reject: RCPT from unknown[192.254.219.227]: 450 4.1.8 <runkle@sid.sideeffectz.com>: Sender address rejected: Domain not found; from=<runkle@sid.sideeffectz.com> to=<peter@vizart.dk> proto=ESMTP helo=<sid.sideeffectz.com>
Apr  6 03:06:41 ams postfix/cleanup[31260]: 920FC120137: message-id=<20170406010641.920FC120137@ams.localdomain>
Apr  6 03:06:41 ams postfix/smtpd[31509]: disconnect from unknown[192.254.219.227] ehlo=2 starttls=1 mail=1 rcpt=0/1 data=0/1 rset=1 quit=1 commands=6/8
Apr  6 03:06:41 ams postfix/qmgr[11959]: 920FC120137: from=<double-bounce@ams.localdomain>, size=1391, nrcpt=1 (queue active)
Apr  6 03:06:41 ams postfix/lmtp[31262]: 920FC120137: to=<dennis@schafroth.dk>, orig_to=<postmaster>, relay=ams.localdomain[private/dovecot-lmtp], delay=0.07, delays=0.03/0/0/0.04, dsn=2.0.0, status=sent (250 2.0.0 <dennis@schafroth.dk> ATF8JaGU5VgXewAADK/SzQ Saved)
Apr  6 03:06:41 ams postfix/qmgr[11959]: 920FC120137: removed
Apr  6 03:07:36 ams postfix/anvil[30581]: statistics: max connection rate 2/60s for (smtp:157.136.28.10) at Apr  6 03:00:39
Apr  6 03:07:36 ams postfix/anvil[30581]: statistics: max connection count 1 for (smtp:186.15.15.184) at Apr  6 02:57:36
Apr  6 03:07:36 ams postfix/anvil[30581]: statistics: max cache size 2 at Apr  6 03:01:29
Apr  6 03:08:38 ams postfix/smtpd[31621]: connect from 142-4-12-92.unifiedlayer.com[142.4.12.92]
Apr  6 03:08:39 ams postfix/smtpd[31621]: Anonymous TLS connection established from 142-4-12-92.unifiedlayer.com[142.4.12.92]: TLSv1 with cipher ECDHE-RSA-AES256-SHA (256/256 bits)
Apr  6 03:08:41 ams policyd-spf[31629]: prepend Received-SPF: Pass (mailfrom) identity=mailfrom; client-ip=142.4.12.92; helo=mva.mvariety.com; envelope-from=juneh@mvariety.com; receiver=<UNKNOWN>
Apr  6 03:08:41 ams postfix/smtpd[31621]: EF17F120137: client=142-4-12-92.unifiedlayer.com[142.4.12.92]
Apr  6 03:08:42 ams postfix/cleanup[31630]: EF17F120137: message-id=<4c9f3fd7dc464a69db6b2828b2f815a1@www.bondagewarehouse.net>
Apr  6 03:08:42 ams postfix/qmgr[11959]: EF17F120137: from=<juneh@mvariety.com>, size=3394, nrcpt=1 (queue active)
Apr  6 03:08:42 ams spamd[3653]: spamd: connection from localhost [127.0.0.1]:59560 to port 783, fd 6
Apr  6 03:08:42 ams spamd[3653]: spamd: setuid to dennis succeeded
Apr  6 03:08:42 ams spamd[3653]: config: not parsing, 'allow_user_rules' is 0: body DANSK_SCORET /Alle du kender får scoret/
Apr  6 03:08:42 ams spamd[3653]: config: failed to parse line, skipping, in "/export/home/dennis/.spamassassin/user_prefs": body DANSK_SCORET /Alle du kender får scoret/
Apr  6 03:08:42 ams spamd[3653]: config: not parsing, 'allow_user_rules' is 0: body ENG_SOFTWARE /When this program will install thousands/
Apr  6 03:08:42 ams spamd[3653]: config: failed to parse line, skipping, in "/export/home/dennis/.spamassassin/user_prefs": body ENG_SOFTWARE /When this program will install thousands/
Apr  6 03:08:42 ams spamd[3653]: spamd: processing message <4c9f3fd7dc464a69db6b2828b2f815a1@www.bondagewarehouse.net> for dennis:1000
Apr  6 03:08:42 ams postfix/smtpd[31621]: disconnect from 142-4-12-92.unifiedlayer.com[142.4.12.92] ehlo=2 starttls=1 mail=1 rcpt=1 data=1 quit=1 commands=7
Apr  6 03:08:45 ams spamd[3653]: spamd: identified spam (14.6/5.0) for dennis:1000 in 3.5 seconds, 3349 bytes.
Apr  6 03:08:45 ams spamd[3653]: spamd: result: Y 14 - BAYES_99,BAYES_999,DKIM_SIGNED,HTML_MESSAGE,RDNS_DYNAMIC,SPF_PASS,T_DKIM_INVALID scantime=3.5,size=3349,user=dennis,uid=1000,required_score=5.0,rhost=localhost,raddr=127.0.0.1,rport=59560,mid=<4c9f3fd7dc464a69db6b2828b2f815a1@www.bondagewarehouse.net>,bayes=1.000000,autolearn=no autolearn_force=no
Apr  6 03:08:45 ams postfix/pickup[29007]: C0B5C1202B0: uid=1000 from=<juneh@mvariety.com>
Apr  6 03:08:45 ams postfix/cleanup[31630]: C0B5C1202B0: message-id=<4c9f3fd7dc464a69db6b2828b2f815a1@www.bondagewarehouse.net>
Apr  6 03:08:45 ams postfix/pipe[31631]: EF17F120137: to=<peter@vizart.dk>, relay=spamassassin, delay=5.9, delays=2.3/0.01/0/3.6, dsn=2.0.0, status=sent (delivered via spamassassin service)
Apr  6 03:08:45 ams postfix/qmgr[11959]: EF17F120137: removed
Apr  6 03:08:45 ams postfix/qmgr[11959]: C0B5C1202B0: from=<juneh@mvariety.com>, size=6393, nrcpt=1 (queue active)
Apr  6 03:08:45 ams spamd[31676]: prefork: child states: II
Apr  6 03:08:45 ams postfix/lmtp[31642]: C0B5C1202B0: to=<peter@vizart.dk>, relay=ams.localdomain[private/dovecot-lmtp], delay=0.22, delays=0.09/0.03/0.02/0.08, dsn=2.0.0, status=sent (250 2.0.0 <peter@vizart.dk> RirjMx2V5VgYewAADK/SzQ Saved)
Apr  6 03:08:45 ams postfix/qmgr[11959]: C0B5C1202B0: removed
Apr  6 03:09:06 ams postfix/smtpd[31621]: connect from pix.bau.edu.jo[87.236.233.98]
Apr  6 03:09:07 ams postfix/cleanup[31630]: 155BA120137: message-id=<20170406010907.155BA120137@ams.localdomain>
Apr  6 03:09:07 ams postfix/smtpd[31621]: disconnect from pix.bau.edu.jo[87.236.233.98] helo=1 auth=0/1 quit=1 commands=2/3
Apr  6 03:09:07 ams postfix/qmgr[11959]: 155BA120137: from=<double-bounce@ams.localdomain>, size=661, nrcpt=1 (queue active)
Apr  6 03:09:07 ams postfix/lmtp[31642]: 155BA120137: to=<dennis@schafroth.dk>, orig_to=<postmaster>, relay=ams.localdomain[private/dovecot-lmtp], delay=0.13, delays=0.09/0/0/0.04, dsn=2.0.0, status=sent (250 2.0.0 <dennis@schafroth.dk> af2KCjOV5VgYewAADK/SzQ Saved)
Apr  6 03:09:07 ams postfix/qmgr[11959]: 155BA120137: removed
Apr  6 03:11:06 ams postfix/smtpd[31942]: connect from home.schafroth.dk[90.184.103.98]
Apr  6 03:11:07 ams policyd-spf[31945]: prepend Received-SPF: Pass (mailfrom) identity=mailfrom; client-ip=90.184.103.98; helo=localhost.localdomain; envelope-from=icinga@schafroth.dk; receiver=<UNKNOWN>
Apr  6 03:11:07 ams postfix/smtpd[31942]: 0CE901202AB: client=home.schafroth.dk[90.184.103.98]
Apr  6 03:11:07 ams postfix/cleanup[31946]: 0CE901202AB: message-id=<1491440513.k4vi7witm677h2aj.checksmtpsend@debian>
Apr  6 03:11:07 ams postfix/qmgr[11959]: 0CE901202AB: from=<icinga@schafroth.dk>, size=535, nrcpt=1 (queue active)
Apr  6 03:11:07 ams spamd[3653]: spamd: connection from localhost [127.0.0.1]:59570 to port 783, fd 6
Apr  6 03:11:07 ams spamd[3653]: spamd: setuid to dennis succeeded
Apr  6 03:11:07 ams spamd[3653]: config: not parsing, 'allow_user_rules' is 0: body DANSK_SCORET /Alle du kender får scoret/
Apr  6 03:11:07 ams spamd[3653]: config: failed to parse line, skipping, in "/export/home/dennis/.spamassassin/user_prefs": body DANSK_SCORET /Alle du kender får scoret/
Apr  6 03:11:07 ams spamd[3653]: config: not parsing, 'allow_user_rules' is 0: body ENG_SOFTWARE /When this program will install thousands/
Apr  6 03:11:07 ams spamd[3653]: config: failed to parse line, skipping, in "/export/home/dennis/.spamassassin/user_prefs": body ENG_SOFTWARE /When this program will install thousands/
Apr  6 03:11:07 ams spamd[3653]: spamd: processing message <1491440513.k4vi7witm677h2aj.checksmtpsend@debian> for dennis:1000
Apr  6 03:11:07 ams postfix/smtpd[31942]: disconnect from home.schafroth.dk[90.184.103.98] ehlo=1 mail=1 rcpt=1 data=1 quit=1 commands=5
Apr  6 03:11:07 ams spamd[3653]: spamd: clean message (-0.1/5.0) for dennis:1000 in 0.2 seconds, 559 bytes.
Apr  6 03:11:07 ams spamd[3653]: spamd: result: . 0 - BAYES_00,MISSING_SUBJECT,SPF_PASS,T_RP_MATCHES_RCVD scantime=0.2,size=559,user=dennis,uid=1000,required_score=5.0,rhost=localhost,raddr=127.0.0.1,rport=59570,mid=<1491440513.k4vi7witm677h2aj.checksmtpsend@debian>,bayes=0.009435,autolearn=no autolearn_force=no
Apr  6 03:11:08 ams postfix/pickup[29007]: 07E691202B0: uid=1000 from=<icinga@schafroth.dk>
Apr  6 03:11:08 ams postfix/pipe[31947]: 0CE901202AB: to=<nagios@schafroth.dk>, relay=spamassassin, delay=1.6, delays=1.3/0.01/0/0.31, dsn=2.0.0, status=sent (delivered via spamassassin service)
Apr  6 03:11:08 ams postfix/qmgr[11959]: 0CE901202AB: removed
Apr  6 03:11:08 ams postfix/cleanup[31946]: 07E691202B0: message-id=<1491440513.k4vi7witm677h2aj.checksmtpsend@debian>
Apr  6 03:11:08 ams postfix/qmgr[11959]: 07E691202B0: from=<icinga@schafroth.dk>, size=894, nrcpt=1 (queue active)
Apr  6 03:11:08 ams spamd[31676]: prefork: child states: II
Apr  6 03:11:08 ams postfix/lmtp[31952]: 07E691202B0: to=<nagios@schafroth.dk>, relay=ams.localdomain[private/dovecot-lmtp], delay=0.39, delays=0.1/0.02/0.04/0.23, dsn=2.0.0, status=sent (250 2.0.0 <nagios@schafroth.dk> QiTFCKyV5VjRfAAADK/SzQ Saved)
Apr  6 03:11:08 ams postfix/qmgr[11959]: 07E691202B0: removed
Apr  6 03:12:58 ams postfix/smtpd[32033]: warning: hostname static.217.12.119.180.tmg.md does not resolve to address 217.12.119.180: Name or service not known
Apr  6 03:12:58 ams postfix/smtpd[32033]: connect from unknown[217.12.119.180]
Apr  6 03:12:58 ams postfix/cleanup[32040]: 9415A120248: message-id=<20170406011258.9415A120248@ams.localdomain>
Apr  6 03:12:58 ams postfix/smtpd[32033]: disconnect from unknown[217.12.119.180] helo=1 auth=0/1 quit=1 commands=2/3
Apr  6 03:12:58 ams postfix/qmgr[11959]: 9415A120248: from=<double-bounce@ams.localdomain>, size=655, nrcpt=1 (queue active)
Apr  6 03:12:58 ams postfix/lmtp[32043]: 9415A120248: to=<dennis@schafroth.dk>, orig_to=<postmaster>, relay=ams.localdomain[private/dovecot-lmtp], delay=0.18, delays=0.09/0.02/0.04/0.04, dsn=2.0.0, status=sent (250 2.0.0 <dennis@schafroth.dk> F1IiLBqW5VgsfQAADK/SzQ Saved)
Apr  6 03:12:58 ams postfix/qmgr[11959]: 9415A120248: removed
Apr  6 03:13:03 ams postfix/smtpd[32057]: connect from home.schafroth.dk[90.184.103.98]
Apr  6 03:13:03 ams postfix/smtpd[32057]: disconnect from home.schafroth.dk[90.184.103.98] helo=1 ehlo=1 quit=1 commands=3
Apr  6 03:13:38 ams postfix/smtpd[32033]: connect from home.schafroth.dk[90.184.103.98]
Apr  6 03:13:38 ams postfix/smtpd[32033]: Anonymous TLS connection established from home.schafroth.dk[90.184.103.98]: TLSv1 with cipher ECDHE-RSA-AES256-SHA (256/256 bits)
Apr  6 03:13:39 ams postfix/smtpd[32033]: disconnect from home.schafroth.dk[90.184.103.98] ehlo=2 starttls=1 quit=1 commands=4
Apr  6 03:15:09 ams postfix/smtpd[32033]: connect from mail.t-comfort.com[185.171.233.143]
Apr  6 03:15:09 ams postfix/smtpd[32033]: Anonymous TLS connection established from mail.t-comfort.com[185.171.233.143]: TLSv1 with cipher ECDHE-RSA-AES256-SHA (256/256 bits)
Apr  6 03:15:14 ams policyd-spf[32279]: prepend Received-SPF: Pass (mailfrom) identity=mailfrom; client-ip=185.171.233.143; helo=mail.t-comfort.com; envelope-from=jon@t-comfort.com; receiver=<UNKNOWN>
Apr  6 03:15:14 ams postfix/smtpd[32033]: 3E551120248: client=mail.t-comfort.com[185.171.233.143]
Apr  6 03:15:14 ams postfix/cleanup[32281]: 3E551120248: message-id=<04ec5e5a147c3dfc225a3097ce1bb856@t-comfort.com>
Apr  6 03:15:14 ams postfix/qmgr[11959]: 3E551120248: from=<jon@t-comfort.com>, size=19233, nrcpt=1 (queue active)
Apr  6 03:15:14 ams spamd[3653]: spamd: connection from localhost [127.0.0.1]:59590 to port 783, fd 6
Apr  6 03:15:14 ams spamd[3653]: spamd: setuid to dennis succeeded
Apr  6 03:15:14 ams spamd[3653]: config: not parsing, 'allow_user_rules' is 0: body DANSK_SCORET /Alle du kender får scoret/
Apr  6 03:15:14 ams spamd[3653]: config: failed to parse line, skipping, in "/export/home/dennis/.spamassassin/user_prefs": body DANSK_SCORET /Alle du kender får scoret/
Apr  6 03:15:14 ams spamd[3653]: config: not parsing, 'allow_user_rules' is 0: body ENG_SOFTWARE /When this program will install thousands/
Apr  6 03:15:14 ams spamd[3653]: config: failed to parse line, skipping, in "/export/home/dennis/.spamassassin/user_prefs": body ENG_SOFTWARE /When this program will install thousands/
Apr  6 03:15:14 ams postfix/smtpd[32033]: disconnect from mail.t-comfort.com[185.171.233.143] ehlo=2 starttls=1 mail=1 rcpt=1 data=1 quit=1 commands=7
Apr  6 03:15:14 ams spamd[3653]: spamd: processing message <04ec5e5a147c3dfc225a3097ce1bb856@t-comfort.com> for dennis:1000
Apr  6 03:15:18 ams spamd[3653]: spamd: identified spam (5.5/5.0) for dennis:1000 in 4.3 seconds, 18710 bytes.
Apr  6 03:15:18 ams spamd[3653]: spamd: result: Y 5 - BAYES_50,DKIM_SIGNED,DKIM_VALID,DKIM_VALID_AU,HTML_IMAGE_RATIO_04,HTML_MESSAGE,SPF_PASS,T_RP_MATCHES_RCVD,URIBL_BLACK,URIBL_DBL_SPAM,URIBL_SBL_A scantime=4.3,size=18710,user=dennis,uid=1000,required_score=5.0,rhost=localhost,raddr=127.0.0.1,rport=59590,mid=<04ec5e5a147c3dfc225a3097ce1bb856@t-comfort.com>,bayes=0.499990,autolearn=no autolearn_force=no
Apr  6 03:15:18 ams spamd[31676]: prefork: child states: II
Apr  6 03:15:18 ams postfix/pickup[29007]: DFC2C1202B0: uid=1000 from=<jon@t-comfort.com>
Apr  6 03:15:18 ams postfix/cleanup[32281]: DFC2C1202B0: message-id=<04ec5e5a147c3dfc225a3097ce1bb856@t-comfort.com>
Apr  6 03:15:18 ams postfix/pipe[32282]: 3E551120248: to=<maria@schafroth.dk>, relay=spamassassin, delay=9.2, delays=4.8/0.02/0/4.4, dsn=2.0.0, status=sent (delivered via spamassassin service)
Apr  6 03:15:18 ams postfix/qmgr[11959]: 3E551120248: removed
Apr  6 03:15:18 ams postfix/qmgr[11959]: DFC2C1202B0: from=<jon@t-comfort.com>, size=22656, nrcpt=1 (queue active)
Apr  6 03:15:25 ams postfix/local[32288]: DFC2C1202B0: to=<maria@schafroth.dk>, relay=local, delay=6.8, delays=0.17/0.01/0/6.6, dsn=2.0.0, status=sent (delivered to command: IFS=' ' && exec /usr/bin/procmail -f- || exit 75 #dennis)
Apr  6 03:15:25 ams postfix/qmgr[11959]: DFC2C1202B0: removed
Apr  6 03:15:26 ams postfix/smtpd[32033]: connect from home.schafroth.dk[90.184.103.98]
Apr  6 03:15:27 ams postfix/smtpd[32033]: Anonymous TLS connection established from home.schafroth.dk[90.184.103.98]: TLSv1 with cipher ECDHE-RSA-AES256-SHA (256/256 bits)
Apr  6 03:15:27 ams postfix/smtpd[32033]: disconnect from home.schafroth.dk[90.184.103.98] ehlo=2 starttls=1 quit=1 commands=4
Apr  6 03:15:41 ams postfix/smtpd[32292]: connect from home.schafroth.dk[90.184.103.98]
Apr  6 03:15:41 ams postfix/smtpd[32292]: disconnect from home.schafroth.dk[90.184.103.98] helo=1 ehlo=1 quit=1 commands=3
Apr  6 03:15:49 ams postfix/smtpd[32295]: connect from unknown[151.124.182.247]
Apr  6 03:15:52 ams postfix/smtpd[32295]: Anonymous TLS connection established from unknown[151.124.182.247]: TLSv1 with cipher ECDHE-RSA-AES256-SHA (256/256 bits)
Apr  6 03:15:55 ams postfix/smtpd[32295]: C010D120248: client=unknown[151.124.182.247], sasl_method=PLAIN, sasl_username=peter
Apr  6 03:15:57 ams postfix/cleanup[32281]: C010D120248: message-id=<41CCB9D8-F6FB-44EB-B536-283D0153E28C@vizart.dk>
Apr  6 03:15:58 ams postfix/qmgr[11959]: C010D120248: from=<peter@vizart.dk>, size=14701, nrcpt=1 (queue active)
Apr  6 03:16:28 ams postfix/smtp[32301]: connect to gmail-smtp-in.l.google.com[2a00:1450:4013:c02::1a]:25: Connection timed out
Apr  6 03:16:29 ams postfix/smtp[32301]: C010D120248: to=<piahardenberg@gmail.com>, relay=gmail-smtp-in.l.google.com[74.125.128.26]:25, delay=34, delays=3/0.02/30/0.81, dsn=2.0.0, status=sent (250 2.0.0 OK 1491441389 u203si515729wmg.14 - gsmtp)
Apr  6 03:16:29 ams postfix/qmgr[11959]: C010D120248: removed
Apr  6 03:16:52 ams postfix/smtpd[32033]: connect from home.schafroth.dk[90.184.103.98]
Apr  6 03:16:53 ams policyd-spf[32279]: prepend Received-SPF: Pass (mailfrom) identity=mailfrom; client-ip=90.184.103.98; helo=localhost.localdomain; envelope-from=icinga@schafroth.dk; receiver=<UNKNOWN>
Apr  6 03:16:53 ams postfix/smtpd[32033]: B55981202AB: client=home.schafroth.dk[90.184.103.98]
Apr  6 03:16:54 ams postfix/cleanup[32281]: B55981202AB: message-id=<1491440813.of03r0l1z82sis0m.checksmtpsend@debian>
Apr  6 03:16:54 ams postfix/qmgr[11959]: B55981202AB: from=<icinga@schafroth.dk>, size=535, nrcpt=1 (queue active)
Apr  6 03:16:54 ams spamd[3653]: spamd: connection from localhost [127.0.0.1]:59598 to port 783, fd 6
Apr  6 03:16:54 ams spamd[3653]: spamd: setuid to dennis succeeded
Apr  6 03:16:54 ams spamd[3653]: config: not parsing, 'allow_user_rules' is 0: body DANSK_SCORET /Alle du kender får scoret/
Apr  6 03:16:54 ams spamd[3653]: config: failed to parse line, skipping, in "/export/home/dennis/.spamassassin/user_prefs": body DANSK_SCORET /Alle du kender får scoret/
Apr  6 03:16:54 ams spamd[3653]: config: not parsing, 'allow_user_rules' is 0: body ENG_SOFTWARE /When this program will install thousands/
Apr  6 03:16:54 ams spamd[3653]: config: failed to parse line, skipping, in "/export/home/dennis/.spamassassin/user_prefs": body ENG_SOFTWARE /When this program will install thousands/
Apr  6 03:16:54 ams spamd[3653]: spamd: processing message <1491440813.of03r0l1z82sis0m.checksmtpsend@debian> for dennis:1000
Apr  6 03:16:54 ams postfix/smtpd[32033]: disconnect from home.schafroth.dk[90.184.103.98] ehlo=1 mail=1 rcpt=1 data=1 quit=1 commands=5
Apr  6 03:16:54 ams spamd[3653]: spamd: clean message (-0.1/5.0) for dennis:1000 in 0.2 seconds, 559 bytes.
Apr  6 03:16:54 ams spamd[3653]: spamd: result: . 0 - BAYES_00,MISSING_SUBJECT,SPF_PASS,T_RP_MATCHES_RCVD scantime=0.2,size=559,user=dennis,uid=1000,required_score=5.0,rhost=localhost,raddr=127.0.0.1,rport=59598,mid=<1491440813.of03r0l1z82sis0m.checksmtpsend@debian>,bayes=0.009435,autolearn=no autolearn_force=no
Apr  6 03:16:54 ams postfix/pickup[29007]: A48E81202B0: uid=1000 from=<icinga@schafroth.dk>
Apr  6 03:16:54 ams postfix/cleanup[32281]: A48E81202B0: message-id=<1491440813.of03r0l1z82sis0m.checksmtpsend@debian>
Apr  6 03:16:54 ams postfix/pipe[32282]: B55981202AB: to=<nagios@schafroth.dk>, relay=spamassassin, delay=1.3, delays=1.1/0/0/0.27, dsn=2.0.0, status=sent (delivered via spamassassin service)
Apr  6 03:16:54 ams postfix/qmgr[11959]: B55981202AB: removed
Apr  6 03:16:54 ams postfix/qmgr[11959]: A48E81202B0: from=<icinga@schafroth.dk>, size=894, nrcpt=1 (queue active)
Apr  6 03:16:54 ams spamd[31676]: prefork: child states: II
Apr  6 03:16:54 ams postfix/lmtp[32346]: A48E81202B0: to=<nagios@schafroth.dk>, relay=ams.localdomain[private/dovecot-lmtp], delay=0.26, delays=0.06/0/0.05/0.15, dsn=2.0.0, status=sent (250 2.0.0 <nagios@schafroth.dk> rHLsLAaX5VhbfgAADK/SzQ Saved)
Apr  6 03:16:54 ams postfix/qmgr[11959]: A48E81202B0: removed
Apr  6 03:16:59 ams postfix/smtpd[32295]: disconnect from unknown[151.124.182.247] ehlo=1 auth=1 mail=1 rcpt=1 data=1 quit=1 commands=6
Apr  6 03:17:01 ams postfix/smtpd[32033]: connect from unknown[190.68.46.99]
Apr  6 03:17:01 ams postfix/cleanup[32281]: E3FD7120248: message-id=<20170406011701.E3FD7120248@ams.localdomain>
Apr  6 03:17:01 ams postfix/smtpd[32033]: disconnect from unknown[190.68.46.99] helo=1 auth=0/1 quit=1 commands=2/3
Apr  6 03:17:01 ams postfix/qmgr[11959]: E3FD7120248: from=<double-bounce@ams.localdomain>, size=653, nrcpt=1 (queue active)
Apr  6 03:17:02 ams postfix/lmtp[32346]: E3FD7120248: to=<dennis@schafroth.dk>, orig_to=<postmaster>, relay=ams.localdomain[private/dovecot-lmtp], delay=0.1, delays=0.03/0/0/0.06, dsn=2.0.0, status=sent (250 2.0.0 <dennis@schafroth.dk> uZbvOQ2X5VhbfgAADK/SzQ Saved)
Apr  6 03:17:02 ams postfix/qmgr[11959]: E3FD7120248: removed
Apr  6 03:17:36 ams postfix/anvil[30581]: statistics: max connection rate 1/60s for (smtp:142.4.12.92) at Apr  6 03:08:38
Apr  6 03:17:36 ams postfix/anvil[30581]: statistics: max connection count 1 for (smtp:142.4.12.92) at Apr  6 03:08:38
Apr  6 03:17:36 ams postfix/anvil[30581]: statistics: max cache size 4 at Apr  6 03:15:52
Apr  6 03:17:42 ams postfix/smtpd[32033]: connect from home.schafroth.dk[90.184.103.98]
Apr  6 03:17:42 ams policyd-spf[32279]: prepend Received-SPF: Pass (mailfrom) identity=mailfrom; client-ip=90.184.103.98; helo=localhost.localdomain; envelope-from=icinga@schafroth.dk; receiver=<UNKNOWN>
Apr  6 03:17:42 ams postfix/smtpd[32033]: BB2AA120248: client=home.schafroth.dk[90.184.103.98]
Apr  6 03:17:43 ams postfix/cleanup[32281]: BB2AA120248: message-id=<1491440857.utfnkidz8nxzne72.checksmtpsend@debian>
Apr  6 03:17:43 ams postfix/qmgr[11959]: BB2AA120248: from=<icinga@schafroth.dk>, size=535, nrcpt=1 (queue active)
Apr  6 03:17:43 ams spamd[3653]: spamd: connection from localhost [127.0.0.1]:59606 to port 783, fd 6
Apr  6 03:17:43 ams spamd[3653]: spamd: setuid to dennis succeeded
Apr  6 03:17:43 ams spamd[3653]: config: not parsing, 'allow_user_rules' is 0: body DANSK_SCORET /Alle du kender får scoret/
Apr  6 03:17:43 ams spamd[3653]: config: failed to parse line, skipping, in "/export/home/dennis/.spamassassin/user_prefs": body DANSK_SCORET /Alle du kender får scoret/
Apr  6 03:17:43 ams spamd[3653]: config: not parsing, 'allow_user_rules' is 0: body ENG_SOFTWARE /When this program will install thousands/
Apr  6 03:17:43 ams spamd[3653]: config: failed to parse line, skipping, in "/export/home/dennis/.spamassassin/user_prefs": body ENG_SOFTWARE /When this program will install thousands/
Apr  6 03:17:43 ams spamd[3653]: spamd: processing message <1491440857.utfnkidz8nxzne72.checksmtpsend@debian> for dennis:1000
Apr  6 03:17:44 ams postfix/smtpd[32033]: disconnect from home.schafroth.dk[90.184.103.98] ehlo=1 mail=1 rcpt=1 data=1 quit=1 commands=5
Apr  6 03:17:45 ams spamd[3653]: spamd: clean message (-0.1/5.0) for dennis:1000 in 1.9 seconds, 559 bytes.
